192.168.1.2 - - [10/Mar/2024:15:54:02 +0100] "POST / HTTP/1.1" 200 4047 "https://example.com/products" "Mozilla/5.0 (X11; Linux x86_64) AppleWebKit/537.36 Chrome/123.0 Safari/537.36"
83.173.198.194 - - [10/Mar/2024:15:55:41 +0100] "GET /cart HTTP/1.1" 200 2702 "https://example.com/" "Mozilla/5.0 (Macintosh; Intel Mac OS X 10_15) AppleWebKit/605.1.15 Safari/16.0"
83.141.226.17 - - [10/Mar/2024:15:55:57 +0100] "GET /about HTTP/1.1" 200 2627 "https://example.com/" "Mozilla/5.0 (iPhone; CPU iPhone OS 17_4) AppleWebKit/605.1.15 Mobile Safari"
192.168.1.4 - - [10/Mar/2024:15:56:32 +0100] "GET /search?q=shoes HTTP/1.1" 200 2731 "https://example.com/products" "Mozilla/5.0 (Macintosh; Intel Mac OS X 10_15) AppleWebKit/605.1.15 Safari/16.0"
192.168.1.21 - - [10/Mar/2024:15:57:25 +0100] "POST /static/app.css HTTP/1.1" 200 2721 "-" "Mozilla/5.0 (Macintosh; Intel Mac OS X 10_15) AppleWebKit/605.1.15 Safari/16.0"
192.168.1.8 - - [10/Mar/2024:15:57:40 +0100] "GET /favicon.ico HTTP/1.1" 200 3273 "https://google.com/" "Mozilla/5.0 (X11; Linux x86_64) AppleWebKit/537.36 Chrome/123.0 Safari/537.36"
192.168.1.55 - - [10/Mar/2024:15:58:36 +0100] "POST /static/app.js HTTP/1.1" 200 3634 "https://example.com/products" "Mozilla/5.0 (X11; Linux x86_64) AppleWebKit/537.36 Chrome/123.0 Safari/537.36"
192.168.1.39 - - [10/Mar/2024:15:58:51 +0100] "GET /static/app.css HTTP/1.1" 200 3575 "https://example.com/products" "Mozilla/5.0 (iPhone; CPU iPhone OS 17_4) AppleWebKit/605.1.15 Mobile Safari"
192.168.1.43 - - [10/Mar/2024:15:59:48 +0100] "GET /cart HTTP/1.1" 200 1470 "-" "Mozilla/5.0 (iPhone; CPU iPhone OS 17_4) AppleWebKit/605.1.15 Mobile Safari"
192.168.1.19 - - [10/Mar/2024:16:00:17 +0100] "GET /products HTTP/1.1" 200 457 "-" "Mozilla/5.0 (iPhone; CPU iPhone OS 17_4) AppleWebKit/605.1.15 Mobile Safari"
192.168.1.28 - - [10/Mar/2024:16:01:28 +0100] "GET /checkout HTTP/1.1" 200 4563 "https://google.com/" "Mozilla/5.0 (Macintosh; Intel Mac OS X 10_15) AppleWebKit/605.1.15 Safari/16.0"
83.111.205.214 - - [10/Mar/2024:16:01:31 +0100] "GET /search?q=shoes HTTP/1.1" 200 3198 "https://google.com/" "Mozilla/5.0 (Macintosh; Intel Mac OS X 10_15) AppleWebKit/605.1.15 Safari/16.0"
192.168.1.6 - - [10/Mar/2024:16:01:33 +0100] "POST /api/products HTTP/1.1" 200 2843 "https://example.com/products" "Mozilla/5.0 (Windows NT 10.0; Win64; x64) AppleWebKit/537.36 Chrome/124.0 Safari/537.36"
83.178.91.18 - - [10/Mar/2024:16:01:34 +0100] "GET /blog HTTP/1.1" 200 1534 "https://example.com/" "Mozilla/5.0 (X11; Linux x86_64) AppleWebKit/537.36 Chrome/123.0 Safari/537.36"
83.23.197.167 - - [10/Mar/2024:16:02:12 +0100] "POST /api/products HTTP/1.1" 200 3149 "https://example.com/products" "Mozilla/5.0 (Windows NT 10.0; Win64; x64) AppleWebKit/537.36 Chrome/124.0 Safari/537.36"
192.168.1.17 - - [10/Mar/2024:16:02:49 +0100] "GET /static/app.css HTTP/1.1" 200 1344 "https://example.com/products" "Mozilla/5.0 (Windows NT 10.0; Win64; x64) AppleWebKit/537.36 Chrome/124.0 Safari/537.36"
83.121.84.58 - - [10/Mar/2024:16:06:04 +0100] "POST /blog/post-1 HTTP/1.1" 200 252 "-" "Mozilla/5.0 (Macintosh; Intel Mac OS X 10_15) AppleWebKit/605.1.15 Safari/16.0"
192.168.1.42 - - [10/Mar/2024:16:07:04 +0100] "GET /blog HTTP/1.1" 200 2568 "https://example.com/" "Mozilla/5.0 (iPhone; CPU iPhone OS 17_4) AppleWebKit/605.1.15 Mobile Safari"
83.141.226.17 - - [10/Mar/2024:16:07:15 +0100] "GET /search?q=shoes HTTP/1.1" 200 853 "https://google.com/" "Mozilla/5.0 (iPhone; CPU iPhone OS 17_4) AppleWebKit/605.1.15 Mobile Safari"
192.168.1.16 - - [10/Mar/2024:16:08:51 +0100] "GET /products/123 HTTP/1.1" 200 328 "-" "Mozilla/5.0 (Windows NT 10.0; Win64; x64) AppleWebKit/537.36 Chrome/124.0 Safari/537.36"
192.168.1.13 - - [10/Mar/2024:16:12:16 +0100] "GET /products/123 HTTP/1.1" 200 2954 "-" "Mozilla/5.0 (Macintosh; Intel Mac OS X 10_15) AppleWebKit/605.1.15 Safari/16.0"
83.22.178.52 - - [10/Mar/2024:16:12:35 +0100] "POST /search?q=shoes HTTP/1.1" 200 1747 "https://example.com/" "Mozilla/5.0 (Windows NT 10.0; Win64; x64) AppleWebKit/537.36 Chrome/124.0 Safari/537.36"
192.168.1.9 - - [10/Mar/2024:16:13:14 +0100] "GET /static/app.css HTTP/1.1" 200 4036 "-" "Mozilla/5.0 (X11; Linux x86_64) AppleWebKit/537.36 Chrome/123.0 Safari/537.36"
192.168.1.35 - - [10/Mar/2024:16:14:10 +0100] "GET /blog HTTP/1.1" 200 4840 "https://google.com/" "Mozilla/5.0 (Windows NT 10.0; Win64; x64) AppleWebKit/537.36 Chrome/124.0 Safari/537.36"
83.199.164.103 - - [10/Mar/2024:16:14:30 +0100] "GET /search?q=shoes HTTP/1.1" 200 679 "-" "Mozilla/5.0 (Windows NT 10.0; Win64; x64) AppleWebKit/537.36 Chrome/124.0 Safari/537.36"
83.141.226.17 - - [10/Mar/2024:16:14:35 +0100] "POST /blog HTTP/1.1" 200 3466 "-" "Mozilla/5.0 (Windows NT 10.0; Win64; x64) AppleWebKit/537.36 Chrome/124.0 Safari/537.36"
83.24.134.248 - - [10/Mar/2024:16:15:12 +0100] "GET /about HTTP/1.1" 200 3700 "https://example.com/" "Mozilla/5.0 (X11; Linux x86_64) AppleWebKit/537.36 Chrome/123.0 Safari/537.36"
192.168.1.28 - - [10/Mar/2024:16:17:15 +0100] "GET /checkout HTTP/1.1" 200 1114 "-" "Mozilla/5.0 (iPhone; CPU iPhone OS 17_4) AppleWebKit/605.1.15 Mobile Safari"
83.112.110.219 - - [10/Mar/2024:16:17:47 +0100] "POST /cart HTTP/1.1" 200 1657 "https://google.com/" "Mozilla/5.0 (Windows NT 10.0; Win64; x64) AppleWebKit/537.36 Chrome/124.0 Safari/537.36"
192.168.1.48 - - [10/Mar/2024:16:18:50 +0100] "GET /api/products HTTP/1.1" 200 960 "https://example.com/" "Mozilla/5.0 (Macintosh; Intel Mac OS X 10_15) AppleWebKit/605.1.15 Safari/16.0"
83.112.110.219 - - [10/Mar/2024:16:19:33 +0100] "GET /blog HTTP/1.1" 200 4352 "https://example.com/products" "Mozilla/5.0 (Macintosh; Intel Mac OS X 10_15) AppleWebKit/605.1.15 Safari/16.0"
192.168.1.41 - - [10/Mar/2024:16:19:38 +0100] "GET /products/123 HTTP/1.1" 200 374 "-" "Mozilla/5.0 (iPhone; CPU iPhone OS 17_4) AppleWebKit/605.1.15 Mobile Safari"
192.168.1.31 - - [10/Mar/2024:16:20:07 +0100] "GET /static/app.js HTTP/1.1" 301 3609 "https://google.com/" "Mozilla/5.0 (X11; Linux x86_64) AppleWebKit/537.36 Chrome/123.0 Safari/537.36"
192.168.1.49 - - [10/Mar/2024:16:20:29 +0100] "GET /favicon.ico HTTP/1.1" 200 842 "https://example.com/products" "Mozilla/5.0 (Windows NT 10.0; Win64; x64) AppleWebKit/537.36 Chrome/124.0 Safari/537.36"
83.36.63.30 - - [10/Mar/2024:16:20:56 +0100] "GET /static/app.css HTTP/1.1" 200 4195 "https://example.com/" "Mozilla/5.0 (X11; Linux x86_64) AppleWebKit/537.36 Chrome/123.0 Safari/537.36"
192.168.1.24 - - [10/Mar/2024:16:22:21 +0100] "POST /products HTTP/1.1" 200 1759 "-" "Mozilla/5.0 (Macintosh; Intel Mac OS X 10_15) AppleWebKit/605.1.15 Safari/16.0"
192.168.1.27 - - [10/Mar/2024:16:22:31 +0100] "POST /about HTTP/1.1" 200 1126 "https://example.com/" "Mozilla/5.0 (Windows NT 10.0; Win64; x64) AppleWebKit/537.36 Chrome/124.0 Safari/537.36"
192.168.1.33 - - [10/Mar/2024:16:22:34 +0100] "GET /contact HTTP/1.1" 200 2600 "https://example.com/" "Mozilla/5.0 (Windows NT 10.0; Win64; x64) AppleWebKit/537.36 Chrome/124.0 Safari/537.36"
83.141.226.17 - - [10/Mar/2024:16:24:26 +0100] "GET /about HTTP/1.1" 200 4023 "https://example.com/" "Mozilla/5.0 (Windows NT 10.0; Win64; x64) AppleWebKit/537.36 Chrome/124.0 Safari/537.36"
192.168.1.3 - - [10/Mar/2024:16:26:04 +0100] "POST /blog HTTP/1.1" 200 1849 "https://google.com/" "Mozilla/5.0 (X11; Linux x86_64) AppleWebKit/537.36 Chrome/123.0 Safari/537.36"
192.168.1.8 - - [10/Mar/2024:16:26:50 +0100] "POST /about HTTP/1.1" 200 4260 "https://example.com/" "Mozilla/5.0 (Windows NT 10.0; Win64; x64) AppleWebKit/537.36 Chrome/124.0 Safari/537.36"
192.168.1.22 - - [10/Mar/2024:16:27:01 +0100] "POST /images/logo.png HTTP/1.1" 200 4460 "https://example.com/products" "Mozilla/5.0 (X11; Linux x86_64) AppleWebKit/537.36 Chrome/123.0 Safari/537.36"
192.168.1.51 - - [10/Mar/2024:16:27:10 +0100] "GET /api/products HTTP/1.1" 200 1874 "https://example.com/" "Mozilla/5.0 (Macintosh; Intel Mac OS X 10_15) AppleWebKit/605.1.15 Safari/16.0"
83.235.190.94 - - [10/Mar/2024:16:27:13 +0100] "GET /products HTTP/1.1" 200 4717 "https://example.com/products" "Mozilla/5.0 (Macintosh; Intel Mac OS X 10_15) AppleWebKit/605.1.15 Safari/16.0"
192.168.1.23 - - [10/Mar/2024:16:27:17 +0100] "GET /products HTTP/1.1" 200 3443 "https://example.com/" "Mozilla/5.0 (Windows NT 10.0; Win64; x64) AppleWebKit/537.36 Chrome/124.0 Safari/537.36"
192.168.1.34 - - [10/Mar/2024:16:27:24 +0100] "POST /products/123 HTTP/1.1" 200 1774 "https://google.com/" "Mozilla/5.0 (Windows NT 10.0; Win64; x64) AppleWebKit/537.36 Chrome/124.0 Safari/537.36"
83.214.115.128 - - [10/Mar/2024:16:27:27 +0100] "GET /about HTTP/1.1" 200 1226 "https://example.com/" "Mozilla/5.0 (X11; Linux x86_64) AppleWebKit/537.36 Chrome/123.0 Safari/537.36"
83.214.115.128 - - [10/Mar/2024:16:29:21 +0100] "POST /blog/post-1 HTTP/1.1" 200 2461 "https://example.com/products" "Mozilla/5.0 (Windows NT 10.0; Win64; x64) AppleWebKit/537.36 Chrome/124.0 Safari/537.36"
192.168.1.54 - - [10/Mar/2024:16:29:27 +0100] "GET /cart HTTP/1.1" 200 1153 "https://example.com/" "Mozilla/5.0 (Windows NT 10.0; Win64; x64) AppleWebKit/537.36 Chrome/124.0 Safari/537.36"
192.168.1.45 - - [10/Mar/2024:16:30:54 +0100] "GET /checkout HTTP/1.1" 200 1668 "https://example.com/" "Mozilla/5.0 (X11; Linux x86_64) AppleWebKit/537.36 Chrome/123.0 Safari/537.36"
192.168.1.11 - - [10/Mar/2024:16:30:59 +0100] "GET /api/products HTTP/1.1" 200 582 "https://example.com/products" "Mozilla/5.0 (X11; Linux x86_64) AppleWebKit/537.36 Chrome/123.0 Safari/537.36"
192.168.1.5 - - [10/Mar/2024:16:31:00 +0100] "GET /images/logo.png HTTP/1.1" 200 2010 "https://google.com/" "Mozilla/5.0 (iPhone; CPU iPhone OS 17_4) AppleWebKit/605.1.15 Mobile Safari"
83.80.196.212 - - [10/Mar/2024:16:31:23 +0100] "GET /static/app.js HTTP/1.1" 200 4527 "https://google.com/" "Mozilla/5.0 (X11; Linux x86_64) AppleWebKit/537.36 Chrome/123.0 Safari/537.36"
192.168.1.53 - - [10/Mar/2024:16:32:18 +0100] "GET /favicon.ico HTTP/1.1" 200 4219 "https://example.com/products" "Mozilla/5.0 (iPhone; CPU iPhone OS 17_4) AppleWebKit/605.1.15 Mobile Safari"
83.23.197.167 - - [10/Mar/2024:16:32:23 +0100] "GET /checkout HTTP/1.1" 200 4762 "https://example.com/" "Mozilla/5.0 (X11; Linux x86_64) AppleWebKit/537.36 Chrome/123.0 Safari/537.36"
192.168.1.10 - - [10/Mar/2024:16:32:37 +0100] "POST /static/app.js HTTP/1.1" 200 1126 "https://google.com/" "Mozilla/5.0 (X11; Linux x86_64) AppleWebKit/537.36 Chrome/123.0 Safari/537.36"
192.168.1.59 - - [10/Mar/2024:16:36:04 +0100] "GET / HTTP/1.1" 200 3346 "-" "Mozilla/5.0 (Macintosh; Intel Mac OS X 10_15) AppleWebKit/605.1.15 Safari/16.0"
192.168.1.6 - - [10/Mar/2024:16:37:06 +0100] "GET /products HTTP/1.1" 200 4086 "https://example.com/" "Mozilla/5.0 (Windows NT 10.0; Win64; x64) AppleWebKit/537.36 Chrome/124.0 Safari/537.36"
83.235.190.94 - - [10/Mar/2024:16:37:35 +0100] "POST /products/123 HTTP/1.1" 200 1468 "https://example.com/" "Mozilla/5.0 (Windows NT 10.0; Win64; x64) AppleWebKit/537.36 Chrome/124.0 Safari/537.36"
192.168.1.52 - - [10/Mar/2024:16:38:42 +0100] "GET /cart HTTP/1.1" 200 1532 "-" "Mozilla/5.0 (Macintosh; Intel Mac OS X 10_15) AppleWebKit/605.1.15 Safari/16.0"
192.168.1.16 - - [10/Mar/2024:16:39:34 +0100] "GET /search?q=shoes HTTP/1.1" 200 1112 "https://example.com/products" "Mozilla/5.0 (iPhone; CPU iPhone OS 17_4) AppleWebKit/605.1.15 Mobile Safari"
192.168.1.4 - - [10/Mar/2024:16:40:31 +0100] "GET /about HTTP/1.1" 200 2448 "https://google.com/" "Mozilla/5.0 (X11; Linux x86_64) AppleWebKit/537.36 Chrome/123.0 Safari/537.36"
192.168.1.4 - - [10/Mar/2024:16:40:49 +0100] "GET /contact HTTP/1.1" 404 1145 "https://google.com/" "Mozilla/5.0 (iPhone; CPU iPhone OS 17_4) AppleWebKit/605.1.15 Mobile Safari"
192.168.1.49 - - [10/Mar/2024:16:41:59 +0100] "GET /about HTTP/1.1" 200 2759 "https://example.com/products" "Mozilla/5.0 (X11; Linux x86_64) AppleWebKit/537.36 Chrome/123.0 Safari/537.36"
192.168.1.6 - - [10/Mar/2024:16:42:15 +0100] "GET /blog/post-1 HTTP/1.1" 200 3732 "https://example.com/products" "Mozilla/5.0 (Windows NT 10.0; Win64; x64) AppleWebKit/537.36 Chrome/124.0 Safari/537.36"
192.168.1.18 - - [10/Mar/2024:16:42:48 +0100] "GET /blog HTTP/1.1" 200 4419 "-" "Mozilla/5.0 (Windows NT 10.0; Win64; x64) AppleWebKit/537.36 Chrome/124.0 Safari/537.36"
192.168.1.47 - - [10/Mar/2024:16:42:56 +0100] "GET /images/logo.png HTTP/1.1" 200 4416 "-" "Mozilla/5.0 (Windows NT 10.0; Win64; x64) AppleWebKit/537.36 Chrome/124.0 Safari/537.36"
192.168.1.35 - - [10/Mar/2024:16:43:14 +0100] "GET /blog HTTP/1.1" 200 1632 "https://example.com/products" "Mozilla/5.0 (X11; Linux x86_64) AppleWebKit/537.36 Chrome/123.0 Safari/537.36"
192.168.1.31 - - [10/Mar/2024:16:43:27 +0100] "GET /search?q=shoes HTTP/1.1" 200 4760 "-" "Mozilla/5.0 (Macintosh; Intel Mac OS X 10_15) AppleWebKit/605.1.15 Safari/16.0"
192.168.1.42 - - [10/Mar/2024:16:45:34 +0100] "GET /products/123 HTTP/1.1" 200 3747 "https://google.com/" "Mozilla/5.0 (X11; Linux x86_64) AppleWebKit/537.36 Chrome/123.0 Safari/537.36"
192.168.1.28 - - [10/Mar/2024:16:45:34 +0100] "GET /static/app.css HTTP/1.1" 404 2669 "https://example.com/products" "Mozilla/5.0 (Macintosh; Intel Mac OS X 10_15) AppleWebKit/605.1.15 Safari/16.0"
192.168.1.14 - - [10/Mar/2024:16:45:44 +0100] "GET /search?q=shoes HTTP/1.1" 200 3815 "https://example.com/" "Mozilla/5.0 (iPhone; CPU iPhone OS 17_4) AppleWebKit/605.1.15 Mobile Safari"
83.118.34.175 - - [10/Mar/2024:16:46:14 +0100] "GET /static/app.js HTTP/1.1" 200 2468 "https://example.com/products" "Mozilla/5.0 (iPhone; CPU iPhone OS 17_4) AppleWebKit/605.1.15 Mobile Safari"
192.168.1.44 - - [10/Mar/2024:16:47:51 +0100] "GET /about HTTP/1.1" 200 2496 "https://google.com/" "Mozilla/5.0 (Macintosh; Intel Mac OS X 10_15) AppleWebKit/605.1.15 Safari/16.0"
83.187.194.183 - - [10/Mar/2024:16:48:33 +0100] "GET / HTTP/1.1" 200 3954 "-" "Mozilla/5.0 (iPhone; CPU iPhone OS 17_4) AppleWebKit/605.1.15 Mobile Safari"
192.168.1.32 - - [10/Mar/2024:16:49:18 +0100] "GET /blog/post-1 HTTP/1.1" 200 4122 "-" "Mozilla/5.0 (iPhone; CPU iPhone OS 17_4) AppleWebKit/605.1.15 Mobile Safari"
83.36.63.30 - - [10/Mar/2024:16:49:45 +0100] "GET /blog/post-1 HTTP/1.1" 200 4431 "https://example.com/products" "Mozilla/5.0 (Macintosh; Intel Mac OS X 10_15) AppleWebKit/605.1.15 Safari/16.0"
83.246.105.83 - - [10/Mar/2024:16:49:48 +0100] "GET /images/logo.png HTTP/1.1" 200 3093 "https://google.com/" "Mozilla/5.0 (X11; Linux x86_64) AppleWebKit/537.36 Chrome/123.0 Safari/537.36"
192.168.1.45 - - [10/Mar/2024:16:49:50 +0100] "GET / HTTP/1.1" 200 2621 "-" "Mozilla/5.0 (Windows NT 10.0; Win64; x64) AppleWebKit/537.36 Chrome/124.0 Safari/537.36"
83.247.114.227 - - [10/Mar/2024:16:50:10 +0100] "POST /about HTTP/1.1" 200 1512 "https://example.com/" "Mozilla/5.0 (Windows NT 10.0; Win64; x64) AppleWebKit/537.36 Chrome/124.0 Safari/537.36"
192.168.1.31 - - [10/Mar/2024:16:50:42 +0100] "GET /static/app.css HTTP/1.1" 200 3050 "https://google.com/" "Mozilla/5.0 (iPhone; CPU iPhone OS 17_4) AppleWebKit/605.1.15 Mobile Safari"
83.23.197.167 - - [10/Mar/2024:16:50:52 +0100] "GET /search?q=shoes HTTP/1.1" 200 4243 "-" "Mozilla/5.0 (iPhone; CPU iPhone OS 17_4) AppleWebKit/605.1.15 Mobile Safari"
83.129.145.10 - - [10/Mar/2024:16:50:53 +0100] "GET /blog/post-1 HTTP/1.1" 302 3233 "https://example.com/products" "Mozilla/5.0 (Windows NT 10.0; Win64; x64) AppleWebKit/537.36 Chrome/124.0 Safari/537.36"
192.168.1.52 - - [10/Mar/2024:16:51:38 +0100] "GET /search?q=shoes HTTP/1.1" 200 2640 "https://example.com/products" "Mozilla/5.0 (iPhone; CPU iPhone OS 17_4) AppleWebKit/605.1.15 Mobile Safari"
192.168.1.39 - - [10/Mar/2024:16:52:05 +0100] "GET /images/logo.png HTTP/1.1" 404 4357 "https://google.com/" "Mozilla/5.0 (Macintosh; Intel Mac OS X 10_15) AppleWebKit/605.1.15 Safari/16.0"
192.168.1.52 - - [10/Mar/2024:16:52:08 +0100] "GET /blog/post-1 HTTP/1.1" 200 943 "https://example.com/" "Mozilla/5.0 (Macintosh; Intel Mac OS X 10_15) AppleWebKit/605.1.15 Safari/16.0"
192.168.1.29 - - [10/Mar/2024:16:52:27 +0100] "GET /images/logo.png HTTP/1.1" 200 4277 "https://google.com/" "Mozilla/5.0 (iPhone; CPU iPhone OS 17_4) AppleWebKit/605.1.15 Mobile Safari"
83.173.198.194 - - [10/Mar/2024:16:54:39 +0100] "GET /cart HTTP/1.1" 200 2353 "https://google.com/" "Mozilla/5.0 (iPhone; CPU iPhone OS 17_4) AppleWebKit/605.1.15 Mobile Safari"
192.168.1.12 - - [10/Mar/2024:16:55:31 +0100] "GET /blog HTTP/1.1" 200 1167 "https://example.com/" "Mozilla/5.0 (X11; Linux x86_64) AppleWebKit/537.36 Chrome/123.0 Safari/537.36"
192.168.1.2 - - [10/Mar/2024:16:55:47 +0100] "GET /search?q=shoes HTTP/1.1" 200 2216 "https://google.com/" "Mozilla/5.0 (iPhone; CPU iPhone OS 17_4) AppleWebKit/605.1.15 Mobile Safari"
83.127.12.139 - - [10/Mar/2024:17:00:08 +0100] "GET /products/123 HTTP/1.1" 200 2453 "https://google.com/" "Mozilla/5.0 (Windows NT 10.0; Win64; x64) AppleWebKit/537.36 Chrome/124.0 Safari/537.36"
83.24.134.248 - - [10/Mar/2024:17:00:42 +0100] "GET /images/logo.png HTTP/1.1" 302 3878 "https://example.com/" "Mozilla/5.0 (Macintosh; Intel Mac OS X 10_15) AppleWebKit/605.1.15 Safari/16.0"
192.168.1.29 - - [10/Mar/2024:17:02:05 +0100] "GET /search?q=shoes HTTP/1.1" 200 4036 "-" "Mozilla/5.0 (iPhone; CPU iPhone OS 17_4) AppleWebKit/605.1.15 Mobile Safari"
192.168.1.3 - - [10/Mar/2024:17:02:22 +0100] "GET /checkout HTTP/1.1" 200 505 "https://google.com/" "Mozilla/5.0 (iPhone; CPU iPhone OS 17_4) AppleWebKit/605.1.15 Mobile Safari"
192.168.1.29 - - [10/Mar/2024:17:03:04 +0100] "GET /blog HTTP/1.1" 200 2944 "https://google.com/" "Mozilla/5.0 (iPhone; CPU iPhone OS 17_4) AppleWebKit/605.1.15 Mobile Safari"
83.36.63.30 - - [10/Mar/2024:17:05:27 +0100] "GET /favicon.ico HTTP/1.1" 200 4464 "-" "Mozilla/5.0 (iPhone; CPU iPhone OS 17_4) AppleWebKit/605.1.15 Mobile Safari"
192.168.1.26 - - [10/Mar/2024:17:06:53 +0100] "GET /blog/post-1 HTTP/1.1" 200 4306 "-" "Mozilla/5.0 (X11; Linux x86_64) AppleWebKit/537.36 Chrome/123.0 Safari/537.36"
192.168.1.40 - - [10/Mar/2024:17:09:12 +0100] "GET /favicon.ico HTTP/1.1" 200 1292 "https://google.com/" "Mozilla/5.0 (iPhone; CPU iPhone OS 17_4) AppleWebKit/605.1.15 Mobile Safari"
192.168.1.46 - - [10/Mar/2024:17:09:35 +0100] "GET /products HTTP/1.1" 200 1770 "-" "Mozilla/5.0 (Macintosh; Intel Mac OS X 10_15) AppleWebKit/605.1.15 Safari/16.0"
192.168.1.12 - - [10/Mar/2024:17:09:56 +0100] "GET /api/products HTTP/1.1" 200 2731 "https://google.com/" "Mozilla/5.0 (iPhone; CPU iPhone OS 17_4) AppleWebKit/605.1.15 Mobile Safari"
83.111.205.214 - - [10/Mar/2024:17:11:02 +0100] "GET /images/logo.png HTTP/1.1" 200 2961 "https://example.com/products" "Mozilla/5.0 (X11; Linux x86_64) AppleWebKit/537.36 Chrome/123.0 Safari/537.36"
83.187.194.183 - - [10/Mar/2024:17:12:02 +0100] "GET /blog/post-1 HTTP/1.1" 200 4406 "https://google.com/" "Mozilla/5.0 (Macintosh; Intel Mac OS X 10_15) AppleWebKit/605.1.15 Safari/16.0"
83.161.42.193 - - [10/Mar/2024:17:12:40 +0100] "POST /about HTTP/1.1" 200 1498 "-" "Mozilla/5.0 (iPhone; CPU iPhone OS 17_4) AppleWebKit/605.1.15 Mobile Safari"
192.168.1.12 - - [10/Mar/2024:17:13:45 +0100] "GET /blog HTTP/1.1" 200 3295 "-" "Mozilla/5.0 (Windows NT 10.0; Win64; x64) AppleWebKit/537.36 Chrome/124.0 Safari/537.36"
192.168.1.8 - - [10/Mar/2024:17:13:50 +0100] "GET /checkout HTTP/1.1" 200 315 "https://google.com/" "Mozilla/5.0 (iPhone; CPU iPhone OS 17_4) AppleWebKit/605.1.15 Mobile Safari"
192.168.1.40 - - [10/Mar/2024:17:15:50 +0100] "POST /static/app.css HTTP/1.1" 200 3832 "-" "Mozilla/5.0 (X11; Linux x86_64) AppleWebKit/537.36 Chrome/123.0 Safari/537.36"
192.168.1.49 - - [10/Mar/2024:17:16:15 +0100] "POST /search?q=shoes HTTP/1.1" 200 3676 "https://example.com/products" "Mozilla/5.0 (Macintosh; Intel Mac OS X 10_15) AppleWebKit/605.1.15 Safari/16.0"
192.168.1.20 - - [10/Mar/2024:17:17:41 +0100] "POST /products/123 HTTP/1.1" 200 1135 "https://example.com/" "Mozilla/5.0 (X11; Linux x86_64) AppleWebKit/537.36 Chrome/123.0 Safari/537.36"
192.168.1.21 - - [10/Mar/2024:17:17:43 +0100] "POST /about HTTP/1.1" 200 665 "https://google.com/" "Mozilla/5.0 (Macintosh; Intel Mac OS X 10_15) AppleWebKit/605.1.15 Safari/16.0"
192.168.1.29 - - [10/Mar/2024:17:17:53 +0100] "POST /contact HTTP/1.1" 200 3037 "https://example.com/" "Mozilla/5.0 (Windows NT 10.0; Win64; x64) AppleWebKit/537.36 Chrome/124.0 Safari/537.36"
192.168.1.37 - - [10/Mar/2024:17:18:53 +0100] "GET /api/products HTTP/1.1" 200 4779 "https://example.com/products" "Mozilla/5.0 (Windows NT 10.0; Win64; x64) AppleWebKit/537.36 Chrome/124.0 Safari/537.36"
83.22.178.52 - - [10/Mar/2024:17:18:57 +0100] "GET /products HTTP/1.1" 200 3524 "https://example.com/products" "Mozilla/5.0 (X11; Linux x86_64) AppleWebKit/537.36 Chrome/123.0 Safari/537.36"
83.80.196.212 - - [10/Mar/2024:17:19:23 +0100] "POST / HTTP/1.1" 200 1778 "https://google.com/" "Mozilla/5.0 (Windows NT 10.0; Win64; x64) AppleWebKit/537.36 Chrome/124.0 Safari/537.36"
192.168.1.10 - - [10/Mar/2024:17:20:56 +0100] "GET /products HTTP/1.1" 200 3880 "https://example.com/products" "Mozilla/5.0 (X11; Linux x86_64) AppleWebKit/537.36 Chrome/123.0 Safari/537.36"
83.120.203.49 - - [10/Mar/2024:17:21:20 +0100] "POST /products/123 HTTP/1.1" 200 2788 "https://google.com/" "Mozilla/5.0 (X11; Linux x86_64) AppleWebKit/537.36 Chrome/123.0 Safari/537.36"
192.168.1.50 - - [10/Mar/2024:17:21:29 +0100] "POST /api/products HTTP/1.1" 200 4816 "https://google.com/" "Mozilla/5.0 (iPhone; CPU iPhone OS 17_4) AppleWebKit/605.1.15 Mobile Safari"
192.168.1.38 - - [10/Mar/2024:17:22:03 +0100] "GET /cart HTTP/1.1" 200 3589 "https://google.com/" "Mozilla/5.0 (iPhone; CPU iPhone OS 17_4) AppleWebKit/605.1.15 Mobile Safari"
192.168.1.45 - - [10/Mar/2024:17:23:17 +0100] "GET /static/app.js HTTP/1.1" 200 616 "https://example.com/" "Mozilla/5.0 (iPhone; CPU iPhone OS 17_4) AppleWebKit/605.1.15 Mobile Safari"
192.168.1.30 - - [10/Mar/2024:17:23:19 +0100] "GET /blog/post-1 HTTP/1.1" 200 240 "https://example.com/products" "Mozilla/5.0 (Windows NT 10.0; Win64; x64) AppleWebKit/537.36 Chrome/124.0 Safari/537.36"
83.246.105.83 - - [10/Mar/2024:17:23:27 +0100] "GET /cart HTTP/1.1" 404 4788 "https://example.com/" "Mozilla/5.0 (Windows NT 10.0; Win64; x64) AppleWebKit/537.36 Chrome/124.0 Safari/537.36"
192.168.1.45 - - [10/Mar/2024:17:24:35 +0100] "POST /static/app.css HTTP/1.1" 200 1416 "https://google.com/" "Mozilla/5.0 (iPhone; CPU iPhone OS 17_4) AppleWebKit/605.1.15 Mobile Safari"
83.50.93.119 - - [10/Mar/2024:17:25:18 +0100] "POST /api/products HTTP/1.1" 200 3276 "https://example.com/products" "Mozilla/5.0 (Macintosh; Intel Mac OS X 10_15) AppleWebKit/605.1.15 Safari/16.0"
192.168.1.40 - - [10/Mar/2024:17:26:26 +0100] "GET /static/app.css HTTP/1.1" 302 3284 "https://example.com/" "Mozilla/5.0 (Macintosh; Intel Mac OS X 10_15) AppleWebKit/605.1.15 Safari/16.0"
192.168.1.53 - - [10/Mar/2024:17:26:41 +0100] "POST /checkout HTTP/1.1" 200 639 "https://google.com/" "Mozilla/5.0 (iPhone; CPU iPhone OS 17_4) AppleWebKit/605.1.15 Mobile Safari"
83.36.212.51 - - [10/Mar/2024:17:27:08 +0100] "GET /blog HTTP/1.1" 200 502 "-" "Mozilla/5.0 (X11; Linux x86_64) AppleWebKit/537.36 Chrome/123.0 Safari/537.36"
192.168.1.4 - - [10/Mar/2024:17:27:09 +0100] "POST /blog/post-1 HTTP/1.1" 200 1196 "https://example.com/" "Mozilla/5.0 (Windows NT 10.0; Win64; x64) AppleWebKit/537.36 Chrome/124.0 Safari/537.36"
192.168.1.27 - - [10/Mar/2024:17:27:14 +0100] "GET /search?q=shoes HTTP/1.1" 200 1130 "https://google.com/" "Mozilla/5.0 (X11; Linux x86_64) AppleWebKit/537.36 Chrome/123.0 Safari/537.36"
192.168.1.18 - - [10/Mar/2024:17:28:11 +0100] "GET /blog/post-1 HTTP/1.1" 200 4785 "https://example.com/" "Mozilla/5.0 (X11; Linux x86_64) AppleWebKit/537.36 Chrome/123.0 Safari/537.36"
83.187.194.183 - - [10/Mar/2024:17:30:54 +0100] "GET /api/products HTTP/1.1" 200 2649 "https://google.com/" "Mozilla/5.0 (Macintosh; Intel Mac OS X 10_15) AppleWebKit/605.1.15 Safari/16.0"
192.168.1.53 - - [10/Mar/2024:17:31:15 +0100] "GET /static/app.js HTTP/1.1" 200 3410 "https://google.com/" "Mozilla/5.0 (X11; Linux x86_64) AppleWebKit/537.36 Chrome/123.0 Safari/537.36"
192.168.1.23 - - [10/Mar/2024:17:31:48 +0100] "POST /api/products HTTP/1.1" 200 3096 "-" "Mozilla/5.0 (Macintosh; Intel Mac OS X 10_15) AppleWebKit/605.1.15 Safari/16.0"
192.168.1.40 - - [10/Mar/2024:17:32:06 +0100] "GET /images/logo.png HTTP/1.1" 200 4217 "https://example.com/products" "Mozilla/5.0 (Macintosh; Intel Mac OS X 10_15) AppleWebKit/605.1.15 Safari/16.0"
83.36.212.51 - - [10/Mar/2024:17:32:18 +0100] "GET /cart HTTP/1.1" 200 4611 "https://example.com/products" "Mozilla/5.0 (X11; Linux x86_64) AppleWebKit/537.36 Chrome/123.0 Safari/537.36"
83.187.194.183 - - [10/Mar/2024:17:32:59 +0100] "GET /checkout HTTP/1.1" 200 2959 "https://google.com/" "Mozilla/5.0 (Windows NT 10.0; Win64; x64) AppleWebKit/537.36 Chrome/124.0 Safari/537.36"
192.168.1.12 - - [10/Mar/2024:17:34:44 +0100] "GET /static/app.js HTTP/1.1" 200 1355 "https://example.com/" "Mozilla/5.0 (iPhone; CPU iPhone OS 17_4) AppleWebKit/605.1.15 Mobile Safari"
192.168.1.35 - - [10/Mar/2024:17:35:52 +0100] "POST /checkout HTTP/1.1" 200 2705 "https://example.com/" "Mozilla/5.0 (Windows NT 10.0; Win64; x64) AppleWebKit/537.36 Chrome/124.0 Safari/537.36"
83.112.110.219 - - [10/Mar/2024:17:36:22 +0100] "POST /images/logo.png HTTP/1.1" 200 3896 "https://google.com/" "Mozilla/5.0 (Macintosh; Intel Mac OS X 10_15) AppleWebKit/605.1.15 Safari/16.0"
83.121.84.58 - - [10/Mar/2024:17:36:33 +0100] "GET /checkout HTTP/1.1" 200 2352 "-" "Mozilla/5.0 (Macintosh; Intel Mac OS X 10_15) AppleWebKit/605.1.15 Safari/16.0"
192.168.1.14 - - [10/Mar/2024:17:37:53 +0100] "GET / HTTP/1.1" 200 2837 "https://example.com/" "Mozilla/5.0 (iPhone; CPU iPhone OS 17_4) AppleWebKit/605.1.15 Mobile Safari"
83.112.110.219 - - [10/Mar/2024:17:38:19 +0100] "GET /search?q=shoes HTTP/1.1" 200 632 "https://google.com/" "Mozilla/5.0 (X11; Linux x86_64) AppleWebKit/537.36 Chrome/123.0 Safari/537.36"
192.168.1.41 - - [10/Mar/2024:17:42:14 +0100] "GET /static/app.js HTTP/1.1" 200 738 "https://google.com/" "Mozilla/5.0 (iPhone; CPU iPhone OS 17_4) AppleWebKit/605.1.15 Mobile Safari"
83.173.198.194 - - [10/Mar/2024:17:42:48 +0100] "GET /checkout HTTP/1.1" 200 4972 "https://example.com/products" "Mozilla/5.0 (Windows NT 10.0; Win64; x64) AppleWebKit/537.36 Chrome/124.0 Safari/537.36"
192.168.1.11 - - [10/Mar/2024:17:42:51 +0100] "GET /cart HTTP/1.1" 200 4312 "https://example.com/products" "Mozilla/5.0 (Macintosh; Intel Mac OS X 10_15) AppleWebKit/605.1.15 Safari/16.0"
192.168.1.20 - - [10/Mar/2024:17:43:26 +0100] "GET /favicon.ico HTTP/1.1" 200 956 "https://example.com/" "Mozilla/5.0 (Windows NT 10.0; Win64; x64) AppleWebKit/537.36 Chrome/124.0 Safari/537.36"
83.231.95.20 - - [10/Mar/2024:17:44:08 +0100] "POST /blog/post-1 HTTP/1.1" 200 2421 "https://example.com/products" "Mozilla/5.0 (iPhone; CPU iPhone OS 17_4) AppleWebKit/605.1.15 Mobile Safari"
83.22.178.52 - - [10/Mar/2024:17:44:33 +0100] "POST /blog HTTP/1.1" 200 4185 "https://example.com/products" "Mozilla/5.0 (X11; Linux x86_64) AppleWebKit/537.36 Chrome/123.0 Safari/537.36"
83.50.93.119 - - [10/Mar/2024:17:46:52 +0100] "GET /search?q=shoes HTTP/1.1" 200 1633 "https://example.com/" "Mozilla/5.0 (iPhone; CPU iPhone OS 17_4) AppleWebKit/605.1.15 Mobile Safari"
83.200.131.33 - - [10/Mar/2024:17:47:26 +0100] "GET /cart HTTP/1.1" 200 2651 "https://example.com/products" "Mozilla/5.0 (iPhone; CPU iPhone OS 17_4) AppleWebKit/605.1.15 Mobile Safari"
83.127.12.139 - - [10/Mar/2024:17:49:59 +0100] "POST /blog HTTP/1.1" 200 661 "-" "Mozilla/5.0 (Macintosh; Intel Mac OS X 10_15) AppleWebKit/605.1.15 Safari/16.0"
83.40.189.174 - - [10/Mar/2024:17:52:46 +0100] "GET /favicon.ico HTTP/1.1" 200 244 "-" "Mozilla/5.0 (Macintosh; Intel Mac OS X 10_15) AppleWebKit/605.1.15 Safari/16.0"
192.168.1.28 - - [10/Mar/2024:17:57:11 +0100] "GET /cart HTTP/1.1" 200 1115 "https://google.com/" "Mozilla/5.0 (Windows NT 10.0; Win64; x64) AppleWebKit/537.36 Chrome/124.0 Safari/537.36"
192.168.1.9 - - [10/Mar/2024:17:57:28 +0100] "GET /products/123 HTTP/1.1" 200 1739 "https://google.com/" "Mozilla/5.0 (Macintosh; Intel Mac OS X 10_15) AppleWebKit/605.1.15 Safari/16.0"
83.161.42.193 - - [10/Mar/2024:17:58:14 +0100] "POST /products HTTP/1.1" 200 4282 "https://example.com/products" "Mozilla/5.0 (iPhone; CPU iPhone OS 17_4) AppleWebKit/605.1.15 Mobile Safari"
83.22.178.52 - - [10/Mar/2024:17:58:36 +0100] "GET /blog/post-1 HTTP/1.1" 200 3132 "https://example.com/" "Mozilla/5.0 (iPhone; CPU iPhone OS 17_4) AppleWebKit/605.1.15 Mobile Safari"
192.168.1.24 - - [10/Mar/2024:17:59:08 +0100] "GET /checkout HTTP/1.1" 200 2057 "-" "Mozilla/5.0 (Macintosh; Intel Mac OS X 10_15) AppleWebKit/605.1.15 Safari/16.0"
192.168.1.37 - - [10/Mar/2024:18:00:09 +0100] "GET /blog HTTP/1.1" 200 4593 "-" "Mozilla/5.0 (Windows NT 10.0; Win64; x64) AppleWebKit/537.36 Chrome/124.0 Safari/537.36"
192.168.1.29 - - [10/Mar/2024:18:00:44 +0100] "GET /images/logo.png HTTP/1.1" 200 1889 "https://example.com/" "Mozilla/5.0 (iPhone; CPU iPhone OS 17_4) AppleWebKit/605.1.15 Mobile Safari"
192.168.1.55 - - [10/Mar/2024:18:00:53 +0100] "GET /products/123 HTTP/1.1" 200 3426 "-" "Mozilla/5.0 (Windows NT 10.0; Win64; x64) AppleWebKit/537.36 Chrome/124.0 Safari/537.36"
83.120.203.49 - - [10/Mar/2024:18:02:05 +0100] "GET / HTTP/1.1" 200 2189 "https://google.com/" "Mozilla/5.0 (X11; Linux x86_64) AppleWebKit/537.36 Chrome/123.0 Safari/537.36"
83.231.95.20 - - [10/Mar/2024:18:02:14 +0100] "POST / HTTP/1.1" 200 3377 "https://example.com/" "Mozilla/5.0 (Macintosh; Intel Mac OS X 10_15) AppleWebKit/605.1.15 Safari/16.0"
192.168.1.27 - - [10/Mar/2024:18:04:12 +0100] "GET /static/app.js HTTP/1.1" 200 345 "-" "Mozilla/5.0 (Macintosh; Intel Mac OS X 10_15) AppleWebKit/605.1.15 Safari/16.0"
192.168.1.52 - - [10/Mar/2024:18:06:09 +0100] "GET /search?q=shoes HTTP/1.1" 200 544 "https://example.com/" "Mozilla/5.0 (Macintosh; Intel Mac OS X 10_15) AppleWebKit/605.1.15 Safari/16.0"
192.168.1.55 - - [10/Mar/2024:18:06:13 +0100] "GET /products HTTP/1.1" 200 1431 "https://example.com/" "Mozilla/5.0 (X11; Linux x86_64) AppleWebKit/537.36 Chrome/123.0 Safari/537.36"
192.168.1.35 - - [10/Mar/2024:18:06:41 +0100] "POST /products HTTP/1.1" 200 3202 "https://google.com/" "Mozilla/5.0 (iPhone; CPU iPhone OS 17_4) AppleWebKit/605.1.15 Mobile Safari"
83.40.189.174 - - [10/Mar/2024:18:06:52 +0100] "GET /products/123 HTTP/1.1" 200 1034 "https://google.com/" "Mozilla/5.0 (iPhone; CPU iPhone OS 17_4) AppleWebKit/605.1.15 Mobile Safari"
83.120.203.49 - - [10/Mar/2024:18:07:50 +0100] "POST /products HTTP/1.1" 200 4998 "-" "Mozilla/5.0 (Macintosh; Intel Mac OS X 10_15) AppleWebKit/605.1.15 Safari/16.0"
83.22.178.52 - - [10/Mar/2024:18:07:58 +0100] "GET /static/app.js HTTP/1.1" 301 4019 "https://example.com/products" "Mozilla/5.0 (Windows NT 10.0; Win64; x64) AppleWebKit/537.36 Chrome/124.0 Safari/537.36"
192.168.1.55 - - [10/Mar/2024:18:08:19 +0100] "GET /static/app.css HTTP/1.1" 200 2187 "-" "Mozilla/5.0 (Windows NT 10.0; Win64; x64) AppleWebKit/537.36 Chrome/124.0 Safari/537.36"
192.168.1.14 - - [10/Mar/2024:18:09:26 +0100] "POST /checkout HTTP/1.1" 200 2747 "https://example.com/" "Mozilla/5.0 (Macintosh; Intel Mac OS X 10_15) AppleWebKit/605.1.15 Safari/16.0"
192.168.1.47 - - [10/Mar/2024:18:12:47 +0100] "GET /products HTTP/1.1" 302 3064 "https://example.com/products" "Mozilla/5.0 (Windows NT 10.0; Win64; x64) AppleWebKit/537.36 Chrome/124.0 Safari/537.36"
83.247.114.227 - - [10/Mar/2024:18:14:34 +0100] "GET /blog HTTP/1.1" 200 4101 "https://example.com/products" "Mozilla/5.0 (iPhone; CPU iPhone OS 17_4) AppleWebKit/605.1.15 Mobile Safari"
192.168.1.47 - - [10/Mar/2024:18:15:47 +0100] "POST /cart HTTP/1.1" 200 4365 "https://example.com/products" "Mozilla/5.0 (X11; Linux x86_64) AppleWebKit/537.36 Chrome/123.0 Safari/537.36"
192.168.1.5 - - [10/Mar/2024:18:16:23 +0100] "POST /about HTTP/1.1" 200 4890 "https://example.com/products" "Mozilla/5.0 (Macintosh; Intel Mac OS X 10_15) AppleWebKit/605.1.15 Safari/16.0"
83.219.211.71 - - [10/Mar/2024:18:16:50 +0100] "GET /contact HTTP/1.1" 302 820 "https://google.com/" "Mozilla/5.0 (iPhone; CPU iPhone OS 17_4) AppleWebKit/605.1.15 Mobile Safari"
192.168.1.56 - - [10/Mar/2024:18:17:23 +0100] "GET /about HTTP/1.1" 200 2815 "https://example.com/products" "Mozilla/5.0 (X11; Linux x86_64) AppleWebKit/537.36 Chrome/123.0 Safari/537.36"
83.121.84.58 - - [10/Mar/2024:18:19:19 +0100] "GET /blog/post-1 HTTP/1.1" 200 1803 "https://example.com/products" "Mozilla/5.0 (X11; Linux x86_64) AppleWebKit/537.36 Chrome/123.0 Safari/537.36"
83.199.164.103 - - [10/Mar/2024:18:19:30 +0100] "GET /cart HTTP/1.1" 200 4056 "https://example.com/" "Mozilla/5.0 (Macintosh; Intel Mac OS X 10_15) AppleWebKit/605.1.15 Safari/16.0"
192.168.1.35 - - [10/Mar/2024:18:21:02 +0100] "POST /products/123 HTTP/1.1" 200 4621 "https://example.com/" "Mozilla/5.0 (X11; Linux x86_64) AppleWebKit/537.36 Chrome/123.0 Safari/537.36"
83.246.105.83 - - [10/Mar/2024:18:21:59 +0100] "GET /cart HTTP/1.1" 200 1461 "-" "Mozilla/5.0 (Macintosh; Intel Mac OS X 10_15) AppleWebKit/605.1.15 Safari/16.0"
83.120.180.71 - - [10/Mar/2024:18:22:35 +0100] "GET /blog/post-1 HTTP/1.1" 200 4347 "https://example.com/products" "Mozilla/5.0 (Macintosh; Intel Mac OS X 10_15) AppleWebKit/605.1.15 Safari/16.0"
83.205.2.203 - - [10/Mar/2024:18:23:40 +0100] "GET /static/app.css HTTP/1.1" 200 1358 "-" "Mozilla/5.0 (iPhone; CPU iPhone OS 17_4) AppleWebKit/605.1.15 Mobile Safari"
192.168.1.8 - - [10/Mar/2024:18:23:44 +0100] "GET /contact HTTP/1.1" 200 2914 "https://example.com/" "Mozilla/5.0 (Macintosh; Intel Mac OS X 10_15) AppleWebKit/605.1.15 Safari/16.0"
192.168.1.31 - - [10/Mar/2024:18:24:14 +0100] "GET /blog/post-1 HTTP/1.1" 200 931 "https://example.com/products" "Mozilla/5.0 (Macintosh; Intel Mac OS X 10_15) AppleWebKit/605.1.15 Safari/16.0"
192.168.1.5 - - [10/Mar/2024:18:24:38 +0100] "GET /static/app.css HTTP/1.1" 200 1082 "https://example.com/" "Mozilla/5.0 (iPhone; CPU iPhone OS 17_4) AppleWebKit/605.1.15 Mobile Safari"
83.161.42.193 - - [10/Mar/2024:18:25:15 +0100] "GET /static/app.css HTTP/1.1" 200 4001 "-" "Mozilla/5.0 (iPhone; CPU iPhone OS 17_4) AppleWebKit/605.1.15 Mobile Safari"
83.120.180.71 - - [10/Mar/2024:18:25:17 +0100] "GET /contact HTTP/1.1" 200 4608 "-" "Mozilla/5.0 (Macintosh; Intel Mac OS X 10_15) AppleWebKit/605.1.15 Safari/16.0"
192.168.1.16 - - [10/Mar/2024:18:26:11 +0100] "GET /cart HTTP/1.1" 200 3184 "https://google.com/" "Mozilla/5.0 (X11; Linux x86_64) AppleWebKit/537.36 Chrome/123.0 Safari/537.36"
83.199.142.117 - - [10/Mar/2024:18:26:18 +0100] "POST /contact HTTP/1.1" 200 2227 "https://example.com/products" "Mozilla/5.0 (Windows NT 10.0; Win64; x64) AppleWebKit/537.36 Chrome/124.0 Safari/537.36"
192.168.1.53 - - [10/Mar/2024:18:27:52 +0100] "GET /blog/post-1 HTTP/1.1" 200 2477 "https://google.com/" "Mozilla/5.0 (X11; Linux x86_64) AppleWebKit/537.36 Chrome/123.0 Safari/537.36"
192.168.1.6 - - [10/Mar/2024:18:28:12 +0100] "GET /images/logo.png HTTP/1.1" 200 4097 "https://example.com/" "Mozilla/5.0 (Windows NT 10.0; Win64; x64) AppleWebKit/537.36 Chrome/124.0 Safari/537.36"
192.168.1.28 - - [10/Mar/2024:18:29:20 +0100] "GET /search?q=shoes HTTP/1.1" 200 2737 "https://example.com/" "Mozilla/5.0 (Windows NT 10.0; Win64; x64) AppleWebKit/537.36 Chrome/124.0 Safari/537.36"
192.168.1.21 - - [10/Mar/2024:18:29:39 +0100] "POST /static/app.js HTTP/1.1" 200 1583 "https://google.com/" "Mozilla/5.0 (X11; Linux x86_64) AppleWebKit/537.36 Chrome/123.0 Safari/537.36"
83.99.229.74 - - [10/Mar/2024:18:29:46 +0100] "GET /api/products HTTP/1.1" 200 1810 "https://example.com/" "Mozilla/5.0 (Macintosh; Intel Mac OS X 10_15) AppleWebKit/605.1.15 Safari/16.0"
192.168.1.9 - - [10/Mar/2024:18:31:14 +0100] "GET /about HTTP/1.1" 200 963 "-" "Mozilla/5.0 (Windows NT 10.0; Win64; x64) AppleWebKit/537.36 Chrome/124.0 Safari/537.36"
83.127.12.139 - - [10/Mar/2024:18:31:20 +0100] "GET /static/app.js HTTP/1.1" 200 2105 "https://example.com/" "Mozilla/5.0 (X11; Linux x86_64) AppleWebKit/537.36 Chrome/123.0 Safari/537.36"
192.168.1.38 - - [10/Mar/2024:18:31:36 +0100] "GET /products HTTP/1.1" 200 3839 "-" "Mozilla/5.0 (X11; Linux x86_64) AppleWebKit/537.36 Chrome/123.0 Safari/537.36"
192.168.1.11 - - [10/Mar/2024:18:32:43 +0100] "GET /favicon.ico HTTP/1.1" 200 3132 "https://google.com/" "Mozilla/5.0 (Macintosh; Intel Mac OS X 10_15) AppleWebKit/605.1.15 Safari/16.0"
192.168.1.46 - - [10/Mar/2024:18:33:48 +0100] "GET /products HTTP/1.1" 200 4376 "https://example.com/products" "Mozilla/5.0 (Macintosh; Intel Mac OS X 10_15) AppleWebKit/605.1.15 Safari/16.0"
192.168.1.33 - - [10/Mar/2024:18:34:09 +0100] "GET /static/app.js HTTP/1.1" 200 2465 "https://example.com/" "Mozilla/5.0 (Macintosh; Intel Mac OS X 10_15) AppleWebKit/605.1.15 Safari/16.0"
192.168.1.37 - - [10/Mar/2024:18:34:10 +0100] "GET / HTTP/1.1" 200 4228 "https://google.com/" "Mozilla/5.0 (iPhone; CPU iPhone OS 17_4) AppleWebKit/605.1.15 Mobile Safari"
192.168.1.17 - - [10/Mar/2024:18:34:10 +0100] "GET /contact HTTP/1.1" 200 3493 "https://example.com/" "Mozilla/5.0 (X11; Linux x86_64) AppleWebKit/537.36 Chrome/123.0 Safari/537.36"
192.168.1.44 - - [10/Mar/2024:18:34:55 +0100] "GET /cart HTTP/1.1" 200 4639 "https://example.com/" "Mozilla/5.0 (Windows NT 10.0; Win64; x64) AppleWebKit/537.36 Chrome/124.0 Safari/537.36"
83.24.134.248 - - [10/Mar/2024:18:36:20 +0100] "GET /api/products HTTP/1.1" 200 2014 "https://example.com/" "Mozilla/5.0 (Windows NT 10.0; Win64; x64) AppleWebKit/537.36 Chrome/124.0 Safari/537.36"
192.168.1.14 - - [10/Mar/2024:18:37:56 +0100] "GET /about HTTP/1.1" 200 2301 "https://example.com/" "Mozilla/5.0 (Windows NT 10.0; Win64; x64) AppleWebKit/537.36 Chrome/124.0 Safari/537.36"
192.168.1.47 - - [10/Mar/2024:18:38:35 +0100] "GET /cart HTTP/1.1" 200 3917 "https://example.com/" "Mozilla/5.0 (Windows NT 10.0; Win64; x64) AppleWebKit/537.36 Chrome/124.0 Safari/537.36"
192.168.1.44 - - [10/Mar/2024:18:39:10 +0100] "GET / HTTP/1.1" 200 2068 "https://google.com/" "Mozilla/5.0 (Macintosh; Intel Mac OS X 10_15) AppleWebKit/605.1.15 Safari/16.0"
192.168.1.21 - - [10/Mar/2024:18:39:22 +0100] "GET /static/app.js HTTP/1.1" 200 4648 "https://example.com/" "Mozilla/5.0 (X11; Linux x86_64) AppleWebKit/537.36 Chrome/123.0 Safari/537.36"
83.118.34.175 - - [10/Mar/2024:18:40:04 +0100] "GET / HTTP/1.1" 200 1539 "https://example.com/products" "Mozilla/5.0 (iPhone; CPU iPhone OS 17_4) AppleWebKit/605.1.15 Mobile Safari"
192.168.1.47 - - [10/Mar/2024:18:42:04 +0100] "POST /static/app.css HTTP/1.1" 404 2982 "https://google.com/" "Mozilla/5.0 (iPhone; CPU iPhone OS 17_4) AppleWebKit/605.1.15 Mobile Safari"
192.168.1.9 - - [10/Mar/2024:18:42:50 +0100] "POST /products HTTP/1.1" 200 4297 "-" "Mozilla/5.0 (Windows NT 10.0; Win64; x64) AppleWebKit/537.36 Chrome/124.0 Safari/537.36"
192.168.1.33 - - [10/Mar/2024:18:43:31 +0100] "POST /static/app.js HTTP/1.1" 200 3323 "https://example.com/" "Mozilla/5.0 (iPhone; CPU iPhone OS 17_4) AppleWebKit/605.1.15 Mobile Safari"
192.168.1.25 - - [10/Mar/2024:18:48:54 +0100] "GET /images/logo.png HTTP/1.1" 200 3283 "-" "Mozilla/5.0 (iPhone; CPU iPhone OS 17_4) AppleWebKit/605.1.15 Mobile Safari"
83.199.164.103 - - [10/Mar/2024:18:50:12 +0100] "GET / HTTP/1.1" 200 385 "https://example.com/products" "Mozilla/5.0 (iPhone; CPU iPhone OS 17_4) AppleWebKit/605.1.15 Mobile Safari"
83.120.203.49 - - [10/Mar/2024:18:51:23 +0100] "GET /static/app.css HTTP/1.1" 200 3121 "https://example.com/products" "Mozilla/5.0 (Windows NT 10.0; Win64; x64) AppleWebKit/537.36 Chrome/124.0 Safari/537.36"
83.160.178.25 - - [10/Mar/2024:18:52:04 +0100] "POST /static/app.css HTTP/1.1" 200 3506 "https://example.com/" "Mozilla/5.0 (Windows NT 10.0; Win64; x64) AppleWebKit/537.36 Chrome/124.0 Safari/537.36"
192.168.1.48 - - [10/Mar/2024:18:52:19 +0100] "GET /products/123 HTTP/1.1" 200 2346 "https://google.com/" "Mozilla/5.0 (Macintosh; Intel Mac OS X 10_15) AppleWebKit/605.1.15 Safari/16.0"
83.205.2.203 - - [10/Mar/2024:18:53:08 +0100] "GET /blog/post-1 HTTP/1.1" 200 259 "https://example.com/products" "Mozilla/5.0 (Windows NT 10.0; Win64; x64) AppleWebKit/537.36 Chrome/124.0 Safari/537.36"
83.160.178.25 - - [10/Mar/2024:18:53:43 +0100] "POST /blog/post-1 HTTP/1.1" 200 4793 "https://google.com/" "Mozilla/5.0 (X11; Linux x86_64) AppleWebKit/537.36 Chrome/123.0 Safari/537.36"
192.168.1.39 - - [10/Mar/2024:18:53:49 +0100] "POST /api/products HTTP/1.1" 200 2480 "-" "Mozilla/5.0 (iPhone; CPU iPhone OS 17_4) AppleWebKit/605.1.15 Mobile Safari"
192.168.1.6 - - [10/Mar/2024:18:54:33 +0100] "POST /search?q=shoes HTTP/1.1" 200 2844 "https://example.com/products" "Mozilla/5.0 (Windows NT 10.0; Win64; x64) AppleWebKit/537.36 Chrome/124.0 Safari/537.36"
83.235.190.94 - - [10/Mar/2024:18:55:04 +0100] "GET /products/123 HTTP/1.1" 200 894 "-" "Mozilla/5.0 (iPhone; CPU iPhone OS 17_4) AppleWebKit/605.1.15 Mobile Safari"
83.178.91.18 - - [10/Mar/2024:18:56:02 +0100] "GET /products/123 HTTP/1.1" 200 220 "-" "Mozilla/5.0 (Windows NT 10.0; Win64; x64) AppleWebKit/537.36 Chrome/124.0 Safari/537.36"
192.168.1.49 - - [10/Mar/2024:18:58:29 +0100] "GET / HTTP/1.1" 200 989 "https://google.com/" "Mozilla/5.0 (Macintosh; Intel Mac OS X 10_15) AppleWebKit/605.1.15 Safari/16.0"
192.168.1.25 - - [10/Mar/2024:18:59:54 +0100] "POST /cart HTTP/1.1" 200 4416 "-" "Mozilla/5.0 (X11; Linux x86_64) AppleWebKit/537.36 Chrome/123.0 Safari/537.36"
192.168.1.58 - - [10/Mar/2024:19:01:35 +0100] "GET /about HTTP/1.1" 200 3239 "https://example.com/products" "Mozilla/5.0 (Macintosh; Intel Mac OS X 10_15) AppleWebKit/605.1.15 Safari/16.0"
83.115.58.24 - - [10/Mar/2024:19:01:55 +0100] "GET /products HTTP/1.1" 200 3173 "https://example.com/" "Mozilla/5.0 (Windows NT 10.0; Win64; x64) AppleWebKit/537.36 Chrome/124.0 Safari/537.36"
192.168.1.11 - - [10/Mar/2024:19:02:02 +0100] "GET /blog/post-1 HTTP/1.1" 200 3312 "https://example.com/products" "Mozilla/5.0 (iPhone; CPU iPhone OS 17_4) AppleWebKit/605.1.15 Mobile Safari"
192.168.1.51 - - [10/Mar/2024:19:04:06 +0100] "GET /api/products HTTP/1.1" 200 3339 "https://example.com/products" "Mozilla/5.0 (X11; Linux x86_64) AppleWebKit/537.36 Chrome/123.0 Safari/537.36"
83.36.63.30 - - [10/Mar/2024:19:06:06 +0100] "GET /blog/post-1 HTTP/1.1" 200 4598 "https://example.com/products" "Mozilla/5.0 (X11; Linux x86_64) AppleWebKit/537.36 Chrome/123.0 Safari/537.36"
83.129.145.10 - - [10/Mar/2024:19:06:17 +0100] "GET /blog/post-1 HTTP/1.1" 200 3184 "https://example.com/" "Mozilla/5.0 (X11; Linux x86_64) AppleWebKit/537.36 Chrome/123.0 Safari/537.36"
83.22.178.52 - - [10/Mar/2024:19:06:59 +0100] "GET /images/logo.png HTTP/1.1" 301 861 "https://example.com/" "Mozilla/5.0 (Windows NT 10.0; Win64; x64) AppleWebKit/537.36 Chrome/124.0 Safari/537.36"
192.168.1.4 - - [10/Mar/2024:19:08:20 +0100] "GET /api/products HTTP/1.1" 200 4143 "https://example.com/products" "Mozilla/5.0 (Macintosh; Intel Mac OS X 10_15) AppleWebKit/605.1.15 Safari/16.0"
192.168.1.23 - - [10/Mar/2024:19:09:02 +0100] "GET /static/app.css HTTP/1.1" 200 2667 "-" "Mozilla/5.0 (X11; Linux x86_64) AppleWebKit/537.36 Chrome/123.0 Safari/537.36"
83.235.190.94 - - [10/Mar/2024:19:10:09 +0100] "POST /static/app.js HTTP/1.1" 200 4379 "https://example.com/products" "Mozilla/5.0 (Macintosh; Intel Mac OS X 10_15) AppleWebKit/605.1.15 Safari/16.0"
192.168.1.19 - - [10/Mar/2024:19:10:54 +0100] "GET /static/app.js HTTP/1.1" 302 427 "https://example.com/products" "Mozilla/5.0 (Macintosh; Intel Mac OS X 10_15) AppleWebKit/605.1.15 Safari/16.0"
192.168.1.17 - - [10/Mar/2024:19:11:14 +0100] "GET /favicon.ico HTTP/1.1" 200 4259 "https://google.com/" "Mozilla/5.0 (Macintosh; Intel Mac OS X 10_15) AppleWebKit/605.1.15 Safari/16.0"
192.168.1.58 - - [10/Mar/2024:19:12:36 +0100] "POST /products/123 HTTP/1.1" 200 1340 "https://google.com/" "Mozilla/5.0 (iPhone; CPU iPhone OS 17_4) AppleWebKit/605.1.15 Mobile Safari"
83.178.91.18 - - [10/Mar/2024:19:13:44 +0100] "GET /favicon.ico HTTP/1.1" 200 3940 "https://example.com/" "Mozilla/5.0 (X11; Linux x86_64) AppleWebKit/537.36 Chrome/123.0 Safari/537.36"
192.168.1.13 - - [10/Mar/2024:19:13:53 +0100] "GET /blog HTTP/1.1" 200 3375 "https://example.com/" "Mozilla/5.0 (iPhone; CPU iPhone OS 17_4) AppleWebKit/605.1.15 Mobile Safari"
192.168.1.13 - - [10/Mar/2024:19:13:55 +0100] "GET /search?q=shoes HTTP/1.1" 200 1313 "https://example.com/" "Mozilla/5.0 (Windows NT 10.0; Win64; x64) AppleWebKit/537.36 Chrome/124.0 Safari/537.36"
192.168.1.13 - - [10/Mar/2024:19:14:02 +0100] "POST /images/logo.png HTTP/1.1" 200 1396 "-" "Mozilla/5.0 (Macintosh; Intel Mac OS X 10_15) AppleWebKit/605.1.15 Safari/16.0"
192.168.1.27 - - [10/Mar/2024:19:15:11 +0100] "GET /checkout HTTP/1.1" 200 2324 "https://example.com/" "Mozilla/5.0 (X11; Linux x86_64) AppleWebKit/537.36 Chrome/123.0 Safari/537.36"
83.50.93.119 - - [10/Mar/2024:19:15:54 +0100] "GET /favicon.ico HTTP/1.1" 200 3780 "-" "Mozilla/5.0 (Macintosh; Intel Mac OS X 10_15) AppleWebKit/605.1.15 Safari/16.0"
83.219.211.71 - - [10/Mar/2024:19:16:28 +0100] "GET / HTTP/1.1" 200 3952 "-" "Mozilla/5.0 (X11; Linux x86_64) AppleWebKit/537.36 Chrome/123.0 Safari/537.36"
83.173.198.194 - - [10/Mar/2024:19:16:46 +0100] "GET /blog HTTP/1.1" 301 3982 "https://example.com/products" "Mozilla/5.0 (Macintosh; Intel Mac OS X 10_15) AppleWebKit/605.1.15 Safari/16.0"
192.168.1.36 - - [10/Mar/2024:19:18:13 +0100] "POST /products/123 HTTP/1.1" 200 1386 "https://google.com/" "Mozilla/5.0 (iPhone; CPU iPhone OS 17_4) AppleWebKit/605.1.15 Mobile Safari"
192.168.1.13 - - [10/Mar/2024:19:18:35 +0100] "GET /static/app.js HTTP/1.1" 200 2750 "https://example.com/products" "Mozilla/5.0 (Macintosh; Intel Mac OS X 10_15) AppleWebKit/605.1.15 Safari/16.0"
192.168.1.42 - - [10/Mar/2024:19:20:27 +0100] "POST /checkout HTTP/1.1" 200 3689 "https://example.com/" "Mozilla/5.0 (iPhone; CPU iPhone OS 17_4) AppleWebKit/605.1.15 Mobile Safari"
83.173.198.194 - - [10/Mar/2024:19:22:44 +0100] "GET /api/products HTTP/1.1" 200 3264 "https://example.com/" "Mozilla/5.0 (Windows NT 10.0; Win64; x64) AppleWebKit/537.36 Chrome/124.0 Safari/537.36"
192.168.1.43 - - [10/Mar/2024:19:24:23 +0100] "GET /images/logo.png HTTP/1.1" 200 2500 "https://example.com/products" "Mozilla/5.0 (X11; Linux x86_64) AppleWebKit/537.36 Chrome/123.0 Safari/537.36"
192.168.1.18 - - [10/Mar/2024:19:24:32 +0100] "GET /search?q=shoes HTTP/1.1" 200 3053 "https://example.com/" "Mozilla/5.0 (Windows NT 10.0; Win64; x64) AppleWebKit/537.36 Chrome/124.0 Safari/537.36"
83.111.205.214 - - [10/Mar/2024:19:24:47 +0100] "GET /favicon.ico HTTP/1.1" 200 2720 "-" "Mozilla/5.0 (X11; Linux x86_64) AppleWebKit/537.36 Chrome/123.0 Safari/537.36"
83.178.91.18 - - [10/Mar/2024:19:25:20 +0100] "GET / HTTP/1.1" 200 1344 "https://example.com/products" "Mozilla/5.0 (Windows NT 10.0; Win64; x64) AppleWebKit/537.36 Chrome/124.0 Safari/537.36"
192.168.1.25 - - [10/Mar/2024:19:25:57 +0100] "GET /contact HTTP/1.1" 200 1715 "https://google.com/" "Mozilla/5.0 (iPhone; CPU iPhone OS 17_4) AppleWebKit/605.1.15 Mobile Safari"
83.127.12.139 - - [10/Mar/2024:19:26:50 +0100] "GET / HTTP/1.1" 200 2842 "https://example.com/products" "Mozilla/5.0 (iPhone; CPU iPhone OS 17_4) AppleWebKit/605.1.15 Mobile Safari"
83.22.178.52 - - [10/Mar/2024:19:27:11 +0100] "POST /cart HTTP/1.1" 200 3726 "https://example.com/" "Mozilla/5.0 (Macintosh; Intel Mac OS X 10_15) AppleWebKit/605.1.15 Safari/16.0"
192.168.1.33 - - [10/Mar/2024:19:28:37 +0100] "POST /search?q=shoes HTTP/1.1" 200 1746 "https://example.com/" "Mozilla/5.0 (Macintosh; Intel Mac OS X 10_15) AppleWebKit/605.1.15 Safari/16.0"
192.168.1.34 - - [10/Mar/2024:19:33:40 +0100] "GET /products HTTP/1.1" 200 3723 "https://google.com/" "Mozilla/5.0 (Windows NT 10.0; Win64; x64) AppleWebKit/537.36 Chrome/124.0 Safari/537.36"
192.168.1.13 - - [10/Mar/2024:19:34:22 +0100] "GET /products HTTP/1.1" 200 2909 "https://google.com/" "Mozilla/5.0 (Macintosh; Intel Mac OS X 10_15) AppleWebKit/605.1.15 Safari/16.0"
192.168.1.14 - - [10/Mar/2024:19:39:13 +0100] "GET /contact HTTP/1.1" 200 4732 "-" "Mozilla/5.0 (Windows NT 10.0; Win64; x64) AppleWebKit/537.36 Chrome/124.0 Safari/537.36"
83.120.180.71 - - [10/Mar/2024:19:40:05 +0100] "GET /api/products HTTP/1.1" 200 2689 "https://example.com/" "Mozilla/5.0 (iPhone; CPU iPhone OS 17_4) AppleWebKit/605.1.15 Mobile Safari"
83.231.95.20 - - [10/Mar/2024:19:40:55 +0100] "GET /checkout HTTP/1.1" 200 632 "https://google.com/" "Mozilla/5.0 (Windows NT 10.0; Win64; x64) AppleWebKit/537.36 Chrome/124.0 Safari/537.36"
83.209.139.113 - - [10/Mar/2024:19:41:16 +0100] "POST /products/123 HTTP/1.1" 200 1549 "https://example.com/products" "Mozilla/5.0 (Windows NT 10.0; Win64; x64) AppleWebKit/537.36 Chrome/124.0 Safari/537.36"
192.168.1.10 - - [10/Mar/2024:19:42:45 +0100] "GET /products/123 HTTP/1.1" 200 3599 "https://google.com/" "Mozilla/5.0 (iPhone; CPU iPhone OS 17_4) AppleWebKit/605.1.15 Mobile Safari"
192.168.1.54 - - [10/Mar/2024:19:43:32 +0100] "GET /favicon.ico HTTP/1.1" 200 2460 "-" "Mozilla/5.0 (Macintosh; Intel Mac OS X 10_15) AppleWebKit/605.1.15 Safari/16.0"
83.120.180.71 - - [10/Mar/2024:19:44:12 +0100] "POST /blog/post-1 HTTP/1.1" 200 3128 "-" "Mozilla/5.0 (iPhone; CPU iPhone OS 17_4) AppleWebKit/605.1.15 Mobile Safari"
192.168.1.54 - - [10/Mar/2024:19:44:20 +0100] "GET /blog HTTP/1.1" 200 974 "https://example.com/" "Mozilla/5.0 (Windows NT 10.0; Win64; x64) AppleWebKit/537.36 Chrome/124.0 Safari/537.36"
192.168.1.29 - - [10/Mar/2024:19:44:44 +0100] "POST /images/logo.png HTTP/1.1" 200 1651 "https://google.com/" "Mozilla/5.0 (X11; Linux x86_64) AppleWebKit/537.36 Chrome/123.0 Safari/537.36"
83.200.131.33 - - [10/Mar/2024:19:46:13 +0100] "GET /checkout HTTP/1.1" 200 1797 "https://google.com/" "Mozilla/5.0 (Macintosh; Intel Mac OS X 10_15) AppleWebKit/605.1.15 Safari/16.0"
192.168.1.6 - - [10/Mar/2024:19:46:16 +0100] "POST /search?q=shoes HTTP/1.1" 200 1243 "-" "Mozilla/5.0 (Macintosh; Intel Mac OS X 10_15) AppleWebKit/605.1.15 Safari/16.0"
