83.95.47.236 - - [12/Mar/2024:00:00:09 +0100] "GET /blog HTTP/1.1" 200 334 "https://google.com/" "Mozilla/5.0 (Macintosh; Intel Mac OS X 10_15) AppleWebKit/605.1.15 Safari/16.0"
83.40.189.174 - - [12/Mar/2024:00:03:32 +0100] "GET /favicon.ico HTTP/1.1" 200 1133 "https://google.com/" "Mozilla/5.0 (Macintosh; Intel Mac OS X 10_15) AppleWebKit/605.1.15 Safari/16.0"
83.24.134.248 - - [12/Mar/2024:00:13:54 +0100] "GET /api/products HTTP/1.1" 200 4942 "-" "Mozilla/5.0 (Macintosh; Intel Mac OS X 10_15) AppleWebKit/605.1.15 Safari/16.0"
83.173.198.194 - - [12/Mar/2024:00:19:49 +0100] "GET /checkout HTTP/1.1" 301 1356 "https://google.com/" "Mozilla/5.0 (iPhone; CPU iPhone OS 17_4) AppleWebKit/605.1.15 Mobile Safari"
192.168.1.58 - - [12/Mar/2024:00:20:33 +0100] "GET /api/products HTTP/1.1" 200 3326 "-" "Mozilla/5.0 (iPhone; CPU iPhone OS 17_4) AppleWebKit/605.1.15 Mobile Safari"
192.168.1.54 - - [12/Mar/2024:00:37:14 +0100] "GET /search?q=shoes HTTP/1.1" 200 3949 "https://google.com/" "Mozilla/5.0 (Windows NT 10.0; Win64; x64) AppleWebKit/537.36 Chrome/124.0 Safari/537.36"
83.118.34.175 - - [12/Mar/2024:00:39:03 +0100] "POST /blog/post-1 HTTP/1.1" 200 231 "-" "Mozilla/5.0 (Macintosh; Intel Mac OS X 10_15) AppleWebKit/605.1.15 Safari/16.0"
192.168.1.10 - - [12/Mar/2024:00:45:43 +0100] "POST /contact HTTP/1.1" 200 1885 "https://google.com/" "Mozilla/5.0 (Macintosh; Intel Mac OS X 10_15) AppleWebKit/605.1.15 Safari/16.0"
83.23.197.167 - - [12/Mar/2024:01:05:54 +0100] "GET /checkout HTTP/1.1" 200 3278 "-" "Mozilla/5.0 (Windows NT 10.0; Win64; x64) AppleWebKit/537.36 Chrome/124.0 Safari/537.36"
192.168.1.28 - - [12/Mar/2024:01:11:30 +0100] "GET /cart HTTP/1.1" 200 691 "https://google.com/" "Mozilla/5.0 (iPhone; CPU iPhone OS 17_4) AppleWebKit/605.1.15 Mobile Safari"
83.200.199.169 - - [12/Mar/2024:01:11:32 +0100] "GET /static/app.css HTTP/1.1" 302 617 "https://example.com/" "Mozilla/5.0 (iPhone; CPU iPhone OS 17_4) AppleWebKit/605.1.15 Mobile Safari"
83.127.12.139 - - [12/Mar/2024:01:11:43 +0100] "GET /products HTTP/1.1" 200 3795 "-" "Mozilla/5.0 (iPhone; CPU iPhone OS 17_4) AppleWebKit/605.1.15 Mobile Safari"
83.247.114.227 - - [12/Mar/2024:01:14:16 +0100] "POST /blog HTTP/1.1" 200 4249 "https://google.com/" "Mozilla/5.0 (iPhone; CPU iPhone OS 17_4) AppleWebKit/605.1.15 Mobile Safari"
192.168.1.58 - - [12/Mar/2024:01:19:45 +0100] "POST /products HTTP/1.1" 200 3509 "https://example.com/" "Mozilla/5.0 (iPhone; CPU iPhone OS 17_4) AppleWebKit/605.1.15 Mobile Safari"
83.187.194.183 - - [12/Mar/2024:01:20:19 +0100] "GET /about HTTP/1.1" 200 416 "https://example.com/" "Mozilla/5.0 (iPhone; CPU iPhone OS 17_4) AppleWebKit/605.1.15 Mobile Safari"
192.168.1.36 - - [12/Mar/2024:01:27:29 +0100] "GET /static/app.js HTTP/1.1" 200 3586 "-" "Mozilla/5.0 (iPhone; CPU iPhone OS 17_4) AppleWebKit/605.1.15 Mobile Safari"
192.168.1.27 - - [12/Mar/2024:01:38:28 +0100] "POST / HTTP/1.1" 200 1241 "https://google.com/" "Mozilla/5.0 (Windows NT 10.0; Win64; x64) AppleWebKit/537.36 Chrome/124.0 Safari/537.36"
83.36.212.51 - - [12/Mar/2024:01:48:09 +0100] "GET /products/123 HTTP/1.1" 200 505 "https://example.com/" "Mozilla/5.0 (iPhone; CPU iPhone OS 17_4) AppleWebKit/605.1.15 Mobile Safari"
192.168.1.3 - - [12/Mar/2024:01:54:21 +0100] "GET /static/app.js HTTP/1.1" 200 348 "https://google.com/" "Mozilla/5.0 (Windows NT 10.0; Win64; x64) AppleWebKit/537.36 Chrome/124.0 Safari/537.36"
83.23.197.167 - - [12/Mar/2024:02:12:51 +0100] "GET /about HTTP/1.1" 200 3370 "-" "Mozilla/5.0 (Windows NT 10.0; Win64; x64) AppleWebKit/537.36 Chrome/124.0 Safari/537.36"
192.168.1.3 - - [12/Mar/2024:02:14:35 +0100] "GET /blog HTTP/1.1" 200 261 "-" "Mozilla/5.0 (Macintosh; Intel Mac OS X 10_15) AppleWebKit/605.1.15 Safari/16.0"
192.168.1.55 - - [12/Mar/2024:02:17:44 +0100] "GET /search?q=shoes HTTP/1.1" 200 4794 "https://example.com/" "Mozilla/5.0 (Macintosh; Intel Mac OS X 10_15) AppleWebKit/605.1.15 Safari/16.0"
83.235.190.94 - - [12/Mar/2024:02:37:07 +0100] "GET /blog/post-1 HTTP/1.1" 200 4081 "-" "Mozilla/5.0 (iPhone; CPU iPhone OS 17_4) AppleWebKit/605.1.15 Mobile Safari"
83.80.196.212 - - [12/Mar/2024:02:46:40 +0100] "GET /products HTTP/1.1" 200 3275 "https://example.com/" "Mozilla/5.0 (X11; Linux x86_64) AppleWebKit/537.36 Chrome/123.0 Safari/537.36"
83.214.115.128 - - [12/Mar/2024:02:55:29 +0100] "GET /checkout HTTP/1.1" 200 2140 "-" "Mozilla/5.0 (X11; Linux x86_64) AppleWebKit/537.36 Chrome/123.0 Safari/537.36"
192.168.1.12 - - [12/Mar/2024:02:58:26 +0100] "GET /favicon.ico HTTP/1.1" 200 1133 "-" "Mozilla/5.0 (iPhone; CPU iPhone OS 17_4) AppleWebKit/605.1.15 Mobile Safari"
192.168.1.37 - - [12/Mar/2024:03:01:32 +0100] "GET /cart HTTP/1.1" 200 3398 "https://example.com/" "Mozilla/5.0 (Macintosh; Intel Mac OS X 10_15) AppleWebKit/605.1.15 Safari/16.0"
192.168.1.17 - - [12/Mar/2024:03:16:58 +0100] "GET /static/app.js HTTP/1.1" 200 4031 "https://example.com/products" "Mozilla/5.0 (X11; Linux x86_64) AppleWebKit/537.36 Chrome/123.0 Safari/537.36"
192.168.1.19 - - [12/Mar/2024:03:19:49 +0100] "GET /favicon.ico HTTP/1.1" 200 915 "https://example.com/products" "Mozilla/5.0 (X11; Linux x86_64) AppleWebKit/537.36 Chrome/123.0 Safari/537.36"
192.168.1.54 - - [12/Mar/2024:03:20:36 +0100] "POST /cart HTTP/1.1" 200 3911 "-" "Mozilla/5.0 (X11; Linux x86_64) AppleWebKit/537.36 Chrome/123.0 Safari/537.36"
192.168.1.45 - - [12/Mar/2024:03:25:50 +0100] "GET /products/123 HTTP/1.1" 200 4663 "-" "Mozilla/5.0 (X11; Linux x86_64) AppleWebKit/537.36 Chrome/123.0 Safari/537.36"
83.23.197.167 - - [12/Mar/2024:03:29:10 +0100] "GET /blog/post-1 HTTP/1.1" 200 4820 "https://example.com/products" "Mozilla/5.0 (X11; Linux x86_64) AppleWebKit/537.36 Chrome/123.0 Safari/537.36"
83.187.194.183 - - [12/Mar/2024:03:43:15 +0100] "GET /blog HTTP/1.1" 200 2209 "https://example.com/products" "Mozilla/5.0 (iPhone; CPU iPhone OS 17_4) AppleWebKit/605.1.15 Mobile Safari"
83.36.212.51 - - [12/Mar/2024:03:43:20 +0100] "POST /static/app.js HTTP/1.1" 200 3415 "https://example.com/" "Mozilla/5.0 (iPhone; CPU iPhone OS 17_4) AppleWebKit/605.1.15 Mobile Safari"
192.168.1.56 - - [12/Mar/2024:03:45:20 +0100] "GET /favicon.ico HTTP/1.1" 200 3138 "https://example.com/products" "Mozilla/5.0 (X11; Linux x86_64) AppleWebKit/537.36 Chrome/123.0 Safari/537.36"
192.168.1.9 - - [12/Mar/2024:03:46:16 +0100] "GET / HTTP/1.1" 200 3339 "https://google.com/" "Mozilla/5.0 (X11; Linux x86_64) AppleWebKit/537.36 Chrome/123.0 Safari/537.36"
192.168.1.20 - - [12/Mar/2024:03:48:44 +0100] "POST /products HTTP/1.1" 200 3537 "https://google.com/" "Mozilla/5.0 (iPhone; CPU iPhone OS 17_4) AppleWebKit/605.1.15 Mobile Safari"
192.168.1.19 - - [12/Mar/2024:03:50:11 +0100] "POST /search?q=shoes HTTP/1.1" 200 1642 "https://google.com/" "Mozilla/5.0 (iPhone; CPU iPhone OS 17_4) AppleWebKit/605.1.15 Mobile Safari"
192.168.1.37 - - [12/Mar/2024:03:51:51 +0100] "GET /blog HTTP/1.1" 200 1831 "https://google.com/" "Mozilla/5.0 (iPhone; CPU iPhone OS 17_4) AppleWebKit/605.1.15 Mobile Safari"
192.168.1.6 - - [12/Mar/2024:03:52:31 +0100] "GET / HTTP/1.1" 200 2208 "https://example.com/" "Mozilla/5.0 (Macintosh; Intel Mac OS X 10_15) AppleWebKit/605.1.15 Safari/16.0"
83.112.41.212 - - [12/Mar/2024:03:54:09 +0100] "GET /about HTTP/1.1" 200 2876 "https://example.com/" "Mozilla/5.0 (Windows NT 10.0; Win64; x64) AppleWebKit/537.36 Chrome/124.0 Safari/537.36"
192.168.1.39 - - [12/Mar/2024:03:55:19 +0100] "POST /products HTTP/1.1" 200 2162 "https://google.com/" "Mozilla/5.0 (Macintosh; Intel Mac OS X 10_15) AppleWebKit/605.1.15 Safari/16.0"
198.51.100.23 - - [12/Mar/2024:04:00:32 +0100] "GET /admin HTTP/1.1" 404 2513 "-" "Mozilla/5.0 nmap-scan"
198.51.100.23 - - [12/Mar/2024:04:00:33 +0100] "GET /test.php HTTP/1.1" 404 695 "-" "Mozilla/5.0 nmap-scan"
198.51.100.23 - - [12/Mar/2024:04:00:38 +0100] "GET /.env HTTP/1.1" 404 2376 "-" "Mozilla/5.0 nmap-scan"
198.51.100.23 - - [12/Mar/2024:04:01:47 +0100] "GET /.aws/credentials HTTP/1.1" 404 3938 "-" "sqlmap/1.7"
83.127.12.139 - - [12/Mar/2024:04:05:10 +0100] "POST /cart HTTP/1.1" 200 860 "https://example.com/" "Mozilla/5.0 (Windows NT 10.0; Win64; x64) AppleWebKit/537.36 Chrome/124.0 Safari/537.36"
198.51.100.23 - - [12/Mar/2024:04:05:25 +0100] "GET /test.php HTTP/1.1" 404 4641 "-" "sqlmap/1.7"
198.51.100.23 - - [12/Mar/2024:04:05:29 +0100] "GET /api/v1/users HTTP/1.1" 404 2777 "-" "Nikto/2.5.0"
198.51.100.23 - - [12/Mar/2024:04:05:44 +0100] "GET /server-status HTTP/1.1" 404 4753 "-" "sqlmap/1.7"
198.51.100.23 - - [12/Mar/2024:04:06:01 +0100] "GET /api/v1/users HTTP/1.1" 404 1441 "-" "Nikto/2.5.0"
198.51.100.23 - - [12/Mar/2024:04:06:33 +0100] "GET /phpmyadmin HTTP/1.1" 404 1503 "-" "sqlmap/1.7"
198.51.100.23 - - [12/Mar/2024:04:06:55 +0100] "GET /api/v1/users HTTP/1.1" 404 4986 "-" "Nikto/2.5.0"
198.51.100.23 - - [12/Mar/2024:04:07:34 +0100] "GET /backup.zip HTTP/1.1" 404 1366 "-" "Nikto/2.5.0"
198.51.100.23 - - [12/Mar/2024:04:07:56 +0100] "GET /api/v1/users HTTP/1.1" 404 3675 "-" "Mozilla/5.0 nmap-scan"
198.51.100.23 - - [12/Mar/2024:04:08:03 +0100] "GET /wp-login.php HTTP/1.1" 404 4773 "-" "Nikto/2.5.0"
198.51.100.23 - - [12/Mar/2024:04:08:05 +0100] "GET /.aws/credentials HTTP/1.1" 404 910 "-" "Nikto/2.5.0"
198.51.100.23 - - [12/Mar/2024:04:08:20 +0100] "GET /.aws/credentials HTTP/1.1" 404 2153 "-" "sqlmap/1.7"
198.51.100.23 - - [12/Mar/2024:04:08:49 +0100] "GET /admin/login HTTP/1.1" 404 3414 "-" "sqlmap/1.7"
198.51.100.23 - - [12/Mar/2024:04:10:46 +0100] "GET /backup.zip HTTP/1.1" 404 2912 "-" "sqlmap/1.7"
198.51.100.23 - - [12/Mar/2024:04:11:08 +0100] "GET /shell.php HTTP/1.1" 404 678 "-" "Mozilla/5.0 nmap-scan"
198.51.100.23 - - [12/Mar/2024:04:11:45 +0100] "GET /admin HTTP/1.1" 404 3259 "-" "Mozilla/5.0 nmap-scan"
198.51.100.23 - - [12/Mar/2024:04:12:12 +0100] "GET /.git/config HTTP/1.1" 404 3905 "-" "sqlmap/1.7"
198.51.100.23 - - [12/Mar/2024:04:14:02 +0100] "GET /.aws/credentials HTTP/1.1" 404 3307 "-" "sqlmap/1.7"
198.51.100.23 - - [12/Mar/2024:04:14:47 +0100] "GET /admin HTTP/1.1" 404 2786 "-" "Mozilla/5.0 nmap-scan"
83.22.178.52 - - [12/Mar/2024:04:14:54 +0100] "GET /api/products HTTP/1.1" 200 1564 "https://google.com/" "Mozilla/5.0 (X11; Linux x86_64) AppleWebKit/537.36 Chrome/123.0 Safari/537.36"
198.51.100.23 - - [12/Mar/2024:04:16:24 +0100] "GET /config.php HTTP/1.1" 404 3747 "-" "Nikto/2.5.0"
198.51.100.23 - - [12/Mar/2024:04:16:26 +0100] "GET /shell.php HTTP/1.1" 404 2944 "-" "Mozilla/5.0 nmap-scan"
198.51.100.23 - - [12/Mar/2024:04:17:04 +0100] "GET /.git/config HTTP/1.1" 404 1133 "-" "Mozilla/5.0 nmap-scan"
198.51.100.23 - - [12/Mar/2024:04:17:52 +0100] "GET /api/v1/users HTTP/1.1" 404 3518 "-" "sqlmap/1.7"
198.51.100.23 - - [12/Mar/2024:04:18:07 +0100] "GET /.env HTTP/1.1" 404 2699 "-" "Mozilla/5.0 nmap-scan"
198.51.100.23 - - [12/Mar/2024:04:18:44 +0100] "GET /config.php HTTP/1.1" 404 240 "-" "Mozilla/5.0 nmap-scan"
83.112.110.219 - - [12/Mar/2024:04:19:36 +0100] "GET /static/app.js HTTP/1.1" 200 1992 "https://example.com/products" "Mozilla/5.0 (Windows NT 10.0; Win64; x64) AppleWebKit/537.36 Chrome/124.0 Safari/537.36"
198.51.100.23 - - [12/Mar/2024:04:19:59 +0100] "GET /config.php HTTP/1.1" 404 3061 "-" "Nikto/2.5.0"
198.51.100.23 - - [12/Mar/2024:04:20:53 +0100] "GET /admin HTTP/1.1" 404 2265 "-" "sqlmap/1.7"
83.219.211.71 - - [12/Mar/2024:04:21:12 +0100] "POST /products/123 HTTP/1.1" 200 3981 "https://example.com/" "Mozilla/5.0 (Macintosh; Intel Mac OS X 10_15) AppleWebKit/605.1.15 Safari/16.0"
198.51.100.23 - - [12/Mar/2024:04:21:54 +0100] "GET /old HTTP/1.1" 404 2669 "-" "Mozilla/5.0 nmap-scan"
198.51.100.23 - - [12/Mar/2024:04:22:09 +0100] "GET /.env HTTP/1.1" 404 2297 "-" "Mozilla/5.0 nmap-scan"
198.51.100.23 - - [12/Mar/2024:04:22:59 +0100] "GET /.env HTTP/1.1" 404 4721 "-" "Mozilla/5.0 nmap-scan"
198.51.100.23 - - [12/Mar/2024:04:24:22 +0100] "GET /old HTTP/1.1" 404 4090 "-" "Nikto/2.5.0"
198.51.100.23 - - [12/Mar/2024:04:24:30 +0100] "GET /old HTTP/1.1" 404 4868 "-" "sqlmap/1.7"
198.51.100.23 - - [12/Mar/2024:04:24:59 +0100] "GET /old HTTP/1.1" 404 1828 "-" "Nikto/2.5.0"
198.51.100.23 - - [12/Mar/2024:04:26:43 +0100] "GET /.env HTTP/1.1" 404 4058 "-" "Mozilla/5.0 nmap-scan"
83.205.2.203 - - [12/Mar/2024:04:26:59 +0100] "POST /checkout HTTP/1.1" 200 4299 "https://example.com/products" "Mozilla/5.0 (X11; Linux x86_64) AppleWebKit/537.36 Chrome/123.0 Safari/537.36"
198.51.100.23 - - [12/Mar/2024:04:27:26 +0100] "GET /test.php HTTP/1.1" 404 3741 "-" "Mozilla/5.0 nmap-scan"
198.51.100.23 - - [12/Mar/2024:04:27:31 +0100] "GET /.git/config HTTP/1.1" 404 3342 "-" "sqlmap/1.7"
198.51.100.23 - - [12/Mar/2024:04:28:11 +0100] "GET /admin HTTP/1.1" 404 1175 "-" "Mozilla/5.0 nmap-scan"
192.168.1.57 - - [12/Mar/2024:04:28:35 +0100] "GET /about HTTP/1.1" 200 3874 "https://example.com/" "Mozilla/5.0 (Macintosh; Intel Mac OS X 10_15) AppleWebKit/605.1.15 Safari/16.0"
198.51.100.23 - - [12/Mar/2024:04:29:09 +0100] "GET /shell.php HTTP/1.1" 404 3442 "-" "Nikto/2.5.0"
198.51.100.23 - - [12/Mar/2024:04:29:52 +0100] "GET /.env HTTP/1.1" 404 1856 "-" "sqlmap/1.7"
83.40.189.174 - - [12/Mar/2024:04:30:46 +0100] "POST /about HTTP/1.1" 200 4177 "-" "Mozilla/5.0 (iPhone; CPU iPhone OS 17_4) AppleWebKit/605.1.15 Mobile Safari"
198.51.100.23 - - [12/Mar/2024:04:31:32 +0100] "GET /admin/login HTTP/1.1" 404 4422 "-" "Nikto/2.5.0"
198.51.100.23 - - [12/Mar/2024:04:33:17 +0100] "GET /shell.php HTTP/1.1" 404 2305 "-" "sqlmap/1.7"
198.51.100.23 - - [12/Mar/2024:04:33:44 +0100] "GET /wp-login.php HTTP/1.1" 404 1872 "-" "Mozilla/5.0 nmap-scan"
198.51.100.23 - - [12/Mar/2024:04:34:32 +0100] "GET /.git/config HTTP/1.1" 404 3900 "-" "Nikto/2.5.0"
198.51.100.23 - - [12/Mar/2024:04:35:09 +0100] "GET /.git/config HTTP/1.1" 404 1752 "-" "sqlmap/1.7"
198.51.100.23 - - [12/Mar/2024:04:36:51 +0100] "GET /.aws/credentials HTTP/1.1" 404 1866 "-" "Mozilla/5.0 nmap-scan"
198.51.100.23 - - [12/Mar/2024:04:37:46 +0100] "GET /config.php HTTP/1.1" 404 2593 "-" "sqlmap/1.7"
198.51.100.23 - - [12/Mar/2024:04:38:09 +0100] "GET /.git/config HTTP/1.1" 404 2634 "-" "Nikto/2.5.0"
83.214.115.128 - - [12/Mar/2024:04:38:32 +0100] "POST /contact HTTP/1.1" 200 1759 "https://example.com/" "Mozilla/5.0 (X11; Linux x86_64) AppleWebKit/537.36 Chrome/123.0 Safari/537.36"
198.51.100.23 - - [12/Mar/2024:04:38:33 +0100] "GET /backup.zip HTTP/1.1" 404 2244 "-" "Mozilla/5.0 nmap-scan"
192.168.1.42 - - [12/Mar/2024:04:39:01 +0100] "GET /favicon.ico HTTP/1.1" 200 558 "https://google.com/" "Mozilla/5.0 (Windows NT 10.0; Win64; x64) AppleWebKit/537.36 Chrome/124.0 Safari/537.36"
198.51.100.23 - - [12/Mar/2024:04:39:18 +0100] "GET /config.php HTTP/1.1" 404 2698 "-" "Nikto/2.5.0"
198.51.100.23 - - [12/Mar/2024:04:39:22 +0100] "GET /.git/config HTTP/1.1" 404 1240 "-" "sqlmap/1.7"
198.51.100.23 - - [12/Mar/2024:04:40:35 +0100] "GET /admin HTTP/1.1" 404 4954 "-" "sqlmap/1.7"
192.168.1.23 - - [12/Mar/2024:04:40:40 +0100] "GET /favicon.ico HTTP/1.1" 200 217 "https://example.com/products" "Mozilla/5.0 (Macintosh; Intel Mac OS X 10_15) AppleWebKit/605.1.15 Safari/16.0"
83.214.115.128 - - [12/Mar/2024:04:40:44 +0100] "GET /search?q=shoes HTTP/1.1" 200 4178 "https://google.com/" "Mozilla/5.0 (iPhone; CPU iPhone OS 17_4) AppleWebKit/605.1.15 Mobile Safari"
198.51.100.23 - - [12/Mar/2024:04:40:56 +0100] "GET /.git/config HTTP/1.1" 404 4496 "-" "Mozilla/5.0 nmap-scan"
198.51.100.23 - - [12/Mar/2024:04:41:54 +0100] "GET /admin/login HTTP/1.1" 404 4167 "-" "sqlmap/1.7"
198.51.100.23 - - [12/Mar/2024:04:42:14 +0100] "GET /admin/login HTTP/1.1" 404 4897 "-" "Nikto/2.5.0"
198.51.100.23 - - [12/Mar/2024:04:42:37 +0100] "GET /admin HTTP/1.1" 404 3192 "-" "Mozilla/5.0 nmap-scan"
198.51.100.23 - - [12/Mar/2024:04:43:54 +0100] "GET /test.php HTTP/1.1" 404 1943 "-" "Mozilla/5.0 nmap-scan"
198.51.100.23 - - [12/Mar/2024:04:44:25 +0100] "GET /server-status HTTP/1.1" 404 4366 "-" "sqlmap/1.7"
198.51.100.23 - - [12/Mar/2024:04:44:32 +0100] "GET /wp-login.php HTTP/1.1" 404 3355 "-" "sqlmap/1.7"
198.51.100.23 - - [12/Mar/2024:04:44:50 +0100] "GET /.env HTTP/1.1" 404 3329 "-" "Mozilla/5.0 nmap-scan"
198.51.100.23 - - [12/Mar/2024:04:45:08 +0100] "GET /shell.php HTTP/1.1" 404 2598 "-" "sqlmap/1.7"
198.51.100.23 - - [12/Mar/2024:04:45:12 +0100] "GET /admin/login HTTP/1.1" 404 4594 "-" "Nikto/2.5.0"
198.51.100.23 - - [12/Mar/2024:04:45:39 +0100] "GET /admin/login HTTP/1.1" 404 3305 "-" "sqlmap/1.7"
192.168.1.31 - - [12/Mar/2024:04:46:10 +0100] "GET /api/products HTTP/1.1" 200 1722 "https://example.com/products" "Mozilla/5.0 (Windows NT 10.0; Win64; x64) AppleWebKit/537.36 Chrome/124.0 Safari/537.36"
198.51.100.23 - - [12/Mar/2024:04:46:53 +0100] "GET /.aws/credentials HTTP/1.1" 404 4042 "-" "Mozilla/5.0 nmap-scan"
198.51.100.23 - - [12/Mar/2024:04:47:03 +0100] "GET /admin HTTP/1.1" 404 2876 "-" "Mozilla/5.0 nmap-scan"
198.51.100.23 - - [12/Mar/2024:04:47:32 +0100] "GET /shell.php HTTP/1.1" 404 4762 "-" "sqlmap/1.7"
198.51.100.23 - - [12/Mar/2024:04:47:57 +0100] "GET /.aws/credentials HTTP/1.1" 404 2156 "-" "Mozilla/5.0 nmap-scan"
198.51.100.23 - - [12/Mar/2024:04:48:43 +0100] "GET /.aws/credentials HTTP/1.1" 404 354 "-" "sqlmap/1.7"
192.168.1.43 - - [12/Mar/2024:04:48:51 +0100] "GET /blog/post-1 HTTP/1.1" 200 1541 "https://example.com/products" "Mozilla/5.0 (Windows NT 10.0; Win64; x64) AppleWebKit/537.36 Chrome/124.0 Safari/537.36"
192.168.1.9 - - [12/Mar/2024:04:56:51 +0100] "GET /contact HTTP/1.1" 200 4490 "https://example.com/products" "Mozilla/5.0 (Windows NT 10.0; Win64; x64) AppleWebKit/537.36 Chrome/124.0 Safari/537.36"
83.115.58.24 - - [12/Mar/2024:04:57:49 +0100] "GET /cart HTTP/1.1" 200 1773 "https://example.com/" "Mozilla/5.0 (Windows NT 10.0; Win64; x64) AppleWebKit/537.36 Chrome/124.0 Safari/537.36"
192.168.1.19 - - [12/Mar/2024:04:58:51 +0100] "GET /blog HTTP/1.1" 200 3170 "https://example.com/products" "Mozilla/5.0 (Macintosh; Intel Mac OS X 10_15) AppleWebKit/605.1.15 Safari/16.0"
83.115.58.24 - - [12/Mar/2024:05:04:32 +0100] "GET /api/products HTTP/1.1" 200 1803 "-" "Mozilla/5.0 (X11; Linux x86_64) AppleWebKit/537.36 Chrome/123.0 Safari/537.36"
192.168.1.13 - - [12/Mar/2024:05:11:47 +0100] "GET /blog HTTP/1.1" 200 1473 "https://example.com/products" "Mozilla/5.0 (Macintosh; Intel Mac OS X 10_15) AppleWebKit/605.1.15 Safari/16.0"
192.168.1.3 - - [12/Mar/2024:05:13:04 +0100] "GET /blog HTTP/1.1" 200 3184 "https://google.com/" "Mozilla/5.0 (Macintosh; Intel Mac OS X 10_15) AppleWebKit/605.1.15 Safari/16.0"
192.168.1.29 - - [12/Mar/2024:05:16:07 +0100] "GET /about HTTP/1.1" 200 4232 "https://example.com/" "Mozilla/5.0 (Windows NT 10.0; Win64; x64) AppleWebKit/537.36 Chrome/124.0 Safari/537.36"
83.214.115.128 - - [12/Mar/2024:05:16:30 +0100] "GET /favicon.ico HTTP/1.1" 302 2551 "https://example.com/products" "Mozilla/5.0 (iPhone; CPU iPhone OS 17_4) AppleWebKit/605.1.15 Mobile Safari"
83.209.139.113 - - [12/Mar/2024:05:23:47 +0100] "GET /products HTTP/1.1" 200 1474 "https://google.com/" "Mozilla/5.0 (iPhone; CPU iPhone OS 17_4) AppleWebKit/605.1.15 Mobile Safari"
192.168.1.8 - - [12/Mar/2024:05:25:55 +0100] "GET /images/logo.png HTTP/1.1" 200 1035 "-" "Mozilla/5.0 (iPhone; CPU iPhone OS 17_4) AppleWebKit/605.1.15 Mobile Safari"
192.168.1.12 - - [12/Mar/2024:05:29:42 +0100] "GET /products/123 HTTP/1.1" 200 2535 "https://google.com/" "Mozilla/5.0 (Macintosh; Intel Mac OS X 10_15) AppleWebKit/605.1.15 Safari/16.0"
192.168.1.27 - - [12/Mar/2024:05:30:21 +0100] "GET /static/app.js HTTP/1.1" 200 650 "https://google.com/" "Mozilla/5.0 (X11; Linux x86_64) AppleWebKit/537.36 Chrome/123.0 Safari/537.36"
192.168.1.57 - - [12/Mar/2024:05:38:39 +0100] "GET /api/products HTTP/1.1" 200 4533 "-" "Mozilla/5.0 (Macintosh; Intel Mac OS X 10_15) AppleWebKit/605.1.15 Safari/16.0"
83.22.178.52 - - [12/Mar/2024:05:40:57 +0100] "GET / HTTP/1.1" 200 4609 "https://example.com/" "Mozilla/5.0 (X11; Linux x86_64) AppleWebKit/537.36 Chrome/123.0 Safari/537.36"
83.127.12.139 - - [12/Mar/2024:05:41:28 +0100] "GET /static/app.css HTTP/1.1" 200 1514 "-" "Mozilla/5.0 (iPhone; CPU iPhone OS 17_4) AppleWebKit/605.1.15 Mobile Safari"
192.168.1.27 - - [12/Mar/2024:05:41:55 +0100] "GET /products/123 HTTP/1.1" 200 4112 "-" "Mozilla/5.0 (Windows NT 10.0; Win64; x64) AppleWebKit/537.36 Chrome/124.0 Safari/537.36"
83.22.178.52 - - [12/Mar/2024:05:42:46 +0100] "GET / HTTP/1.1" 200 3039 "https://example.com/" "Mozilla/5.0 (Windows NT 10.0; Win64; x64) AppleWebKit/537.36 Chrome/124.0 Safari/537.36"
192.168.1.15 - - [12/Mar/2024:05:44:32 +0100] "POST /blog/post-1 HTTP/1.1" 200 313 "-" "Mozilla/5.0 (Macintosh; Intel Mac OS X 10_15) AppleWebKit/605.1.15 Safari/16.0"
192.168.1.6 - - [12/Mar/2024:05:46:17 +0100] "POST /cart HTTP/1.1" 200 1519 "-" "Mozilla/5.0 (Windows NT 10.0; Win64; x64) AppleWebKit/537.36 Chrome/124.0 Safari/537.36"
192.168.1.38 - - [12/Mar/2024:05:50:13 +0100] "GET /products/123 HTTP/1.1" 200 1850 "https://example.com/products" "Mozilla/5.0 (Windows NT 10.0; Win64; x64) AppleWebKit/537.36 Chrome/124.0 Safari/537.36"
83.205.2.203 - - [12/Mar/2024:05:50:53 +0100] "GET /checkout HTTP/1.1" 200 1276 "https://google.com/" "Mozilla/5.0 (X11; Linux x86_64) AppleWebKit/537.36 Chrome/123.0 Safari/537.36"
83.246.105.83 - - [12/Mar/2024:05:52:09 +0100] "GET /images/logo.png HTTP/1.1" 200 303 "-" "Mozilla/5.0 (iPhone; CPU iPhone OS 17_4) AppleWebKit/605.1.15 Mobile Safari"
192.168.1.22 - - [12/Mar/2024:05:55:55 +0100] "GET /blog HTTP/1.1" 200 4258 "-" "Mozilla/5.0 (iPhone; CPU iPhone OS 17_4) AppleWebKit/605.1.15 Mobile Safari"
83.231.95.20 - - [12/Mar/2024:06:00:52 +0100] "GET /static/app.js HTTP/1.1" 200 3181 "https://google.com/" "Mozilla/5.0 (Windows NT 10.0; Win64; x64) AppleWebKit/537.36 Chrome/124.0 Safari/537.36"
192.168.1.38 - - [12/Mar/2024:06:11:48 +0100] "GET /images/logo.png HTTP/1.1" 200 4332 "https://google.com/" "Mozilla/5.0 (X11; Linux x86_64) AppleWebKit/537.36 Chrome/123.0 Safari/537.36"
192.168.1.22 - - [12/Mar/2024:06:13:06 +0100] "GET /search?q=shoes HTTP/1.1" 200 4362 "-" "Mozilla/5.0 (Windows NT 10.0; Win64; x64) AppleWebKit/537.36 Chrome/124.0 Safari/537.36"
83.22.178.52 - - [12/Mar/2024:06:13:26 +0100] "GET /images/logo.png HTTP/1.1" 200 4705 "https://example.com/products" "Mozilla/5.0 (X11; Linux x86_64) AppleWebKit/537.36 Chrome/123.0 Safari/537.36"
192.168.1.4 - - [12/Mar/2024:06:15:04 +0100] "GET /products/123 HTTP/1.1" 200 1952 "-" "Mozilla/5.0 (Windows NT 10.0; Win64; x64) AppleWebKit/537.36 Chrome/124.0 Safari/537.36"
192.168.1.23 - - [12/Mar/2024:06:15:24 +0100] "GET /blog/post-1 HTTP/1.1" 302 1199 "-" "Mozilla/5.0 (X11; Linux x86_64) AppleWebKit/537.36 Chrome/123.0 Safari/537.36"
192.168.1.6 - - [12/Mar/2024:06:16:35 +0100] "POST /products/123 HTTP/1.1" 200 3847 "https://example.com/products" "Mozilla/5.0 (X11; Linux x86_64) AppleWebKit/537.36 Chrome/123.0 Safari/537.36"
192.168.1.15 - - [12/Mar/2024:06:16:50 +0100] "POST /cart HTTP/1.1" 200 2050 "https://example.com/" "Mozilla/5.0 (X11; Linux x86_64) AppleWebKit/537.36 Chrome/123.0 Safari/537.36"
192.168.1.16 - - [12/Mar/2024:06:16:59 +0100] "POST /products/123 HTTP/1.1" 200 1595 "https://example.com/" "Mozilla/5.0 (Windows NT 10.0; Win64; x64) AppleWebKit/537.36 Chrome/124.0 Safari/537.36"
192.168.1.8 - - [12/Mar/2024:06:22:12 +0100] "GET / HTTP/1.1" 200 1052 "https://google.com/" "Mozilla/5.0 (X11; Linux x86_64) AppleWebKit/537.36 Chrome/123.0 Safari/537.36"
192.168.1.18 - - [12/Mar/2024:06:26:39 +0100] "GET /checkout HTTP/1.1" 200 4694 "https://example.com/products" "Mozilla/5.0 (Windows NT 10.0; Win64; x64) AppleWebKit/537.36 Chrome/124.0 Safari/537.36"
192.168.1.51 - - [12/Mar/2024:06:27:19 +0100] "POST /cart HTTP/1.1" 200 4877 "https://google.com/" "Mozilla/5.0 (Macintosh; Intel Mac OS X 10_15) AppleWebKit/605.1.15 Safari/16.0"
192.168.1.38 - - [12/Mar/2024:06:28:04 +0100] "GET /search?q=shoes HTTP/1.1" 200 4680 "https://example.com/products" "Mozilla/5.0 (Macintosh; Intel Mac OS X 10_15) AppleWebKit/605.1.15 Safari/16.0"
83.214.115.128 - - [12/Mar/2024:06:29:59 +0100] "GET /api/products HTTP/1.1" 200 1814 "https://google.com/" "Mozilla/5.0 (Macintosh; Intel Mac OS X 10_15) AppleWebKit/605.1.15 Safari/16.0"
192.168.1.7 - - [12/Mar/2024:06:30:30 +0100] "GET /static/app.js HTTP/1.1" 200 2180 "-" "Mozilla/5.0 (X11; Linux x86_64) AppleWebKit/537.36 Chrome/123.0 Safari/537.36"
83.160.178.25 - - [12/Mar/2024:06:31:47 +0100] "GET /checkout HTTP/1.1" 200 406 "https://google.com/" "Mozilla/5.0 (Macintosh; Intel Mac OS X 10_15) AppleWebKit/605.1.15 Safari/16.0"
192.168.1.45 - - [12/Mar/2024:06:36:20 +0100] "GET /static/app.css HTTP/1.1" 200 1169 "https://example.com/" "Mozilla/5.0 (Windows NT 10.0; Win64; x64) AppleWebKit/537.36 Chrome/124.0 Safari/537.36"
83.121.84.58 - - [12/Mar/2024:06:37:37 +0100] "GET /products/123 HTTP/1.1" 200 505 "-" "Mozilla/5.0 (X11; Linux x86_64) AppleWebKit/537.36 Chrome/123.0 Safari/537.36"
192.168.1.38 - - [12/Mar/2024:06:38:10 +0100] "GET /blog HTTP/1.1" 200 1906 "https://example.com/" "Mozilla/5.0 (X11; Linux x86_64) AppleWebKit/537.36 Chrome/123.0 Safari/537.36"
83.160.178.25 - - [12/Mar/2024:06:38:53 +0100] "GET /images/logo.png HTTP/1.1" 200 1541 "https://example.com/products" "Mozilla/5.0 (iPhone; CPU iPhone OS 17_4) AppleWebKit/605.1.15 Mobile Safari"
192.168.1.45 - - [12/Mar/2024:06:40:07 +0100] "GET /search?q=shoes HTTP/1.1" 200 1184 "https://google.com/" "Mozilla/5.0 (iPhone; CPU iPhone OS 17_4) AppleWebKit/605.1.15 Mobile Safari"
83.160.178.25 - - [12/Mar/2024:06:45:36 +0100] "GET /images/logo.png HTTP/1.1" 200 1489 "https://example.com/" "Mozilla/5.0 (Windows NT 10.0; Win64; x64) AppleWebKit/537.36 Chrome/124.0 Safari/537.36"
192.168.1.52 - - [12/Mar/2024:06:46:58 +0100] "GET / HTTP/1.1" 200 607 "https://example.com/" "Mozilla/5.0 (X11; Linux x86_64) AppleWebKit/537.36 Chrome/123.0 Safari/537.36"
192.168.1.28 - - [12/Mar/2024:06:50:58 +0100] "GET /checkout HTTP/1.1" 301 2917 "https://google.com/" "Mozilla/5.0 (X11; Linux x86_64) AppleWebKit/537.36 Chrome/123.0 Safari/537.36"
83.199.164.103 - - [12/Mar/2024:06:53:09 +0100] "GET /contact HTTP/1.1" 200 3827 "-" "Mozilla/5.0 (iPhone; CPU iPhone OS 17_4) AppleWebKit/605.1.15 Mobile Safari"
192.168.1.32 - - [12/Mar/2024:06:53:17 +0100] "GET /blog HTTP/1.1" 200 2550 "https://google.com/" "Mozilla/5.0 (X11; Linux x86_64) AppleWebKit/537.36 Chrome/123.0 Safari/537.36"
83.141.226.17 - - [12/Mar/2024:06:56:47 +0100] "GET /static/app.js HTTP/1.1" 200 1934 "https://example.com/" "Mozilla/5.0 (iPhone; CPU iPhone OS 17_4) AppleWebKit/605.1.15 Mobile Safari"
83.161.42.193 - - [12/Mar/2024:06:57:29 +0100] "GET /products/123 HTTP/1.1" 200 3600 "https://example.com/products" "Mozilla/5.0 (Macintosh; Intel Mac OS X 10_15) AppleWebKit/605.1.15 Safari/16.0"
192.168.1.5 - - [12/Mar/2024:06:57:46 +0100] "GET /about HTTP/1.1" 302 2480 "-" "Mozilla/5.0 (Macintosh; Intel Mac OS X 10_15) AppleWebKit/605.1.15 Safari/16.0"
192.168.1.49 - - [12/Mar/2024:06:59:18 +0100] "GET /favicon.ico HTTP/1.1" 200 2902 "https://example.com/products" "Mozilla/5.0 (X11; Linux x86_64) AppleWebKit/537.36 Chrome/123.0 Safari/537.36"
83.219.211.71 - - [12/Mar/2024:06:59:33 +0100] "GET /blog HTTP/1.1" 200 304 "https://example.com/" "Mozilla/5.0 (Windows NT 10.0; Win64; x64) AppleWebKit/537.36 Chrome/124.0 Safari/537.36"
83.112.110.219 - - [12/Mar/2024:07:00:11 +0100] "GET /cart HTTP/1.1" 200 760 "-" "Mozilla/5.0 (Windows NT 10.0; Win64; x64) AppleWebKit/537.36 Chrome/124.0 Safari/537.36"
192.168.1.59 - - [12/Mar/2024:07:00:58 +0100] "GET /static/app.css HTTP/1.1" 200 2546 "https://google.com/" "Mozilla/5.0 (Windows NT 10.0; Win64; x64) AppleWebKit/537.36 Chrome/124.0 Safari/537.36"
192.168.1.26 - - [12/Mar/2024:07:01:11 +0100] "GET /products HTTP/1.1" 200 4139 "https://example.com/products" "Mozilla/5.0 (iPhone; CPU iPhone OS 17_4) AppleWebKit/605.1.15 Mobile Safari"
192.168.1.16 - - [12/Mar/2024:07:01:21 +0100] "GET /search?q=shoes HTTP/1.1" 200 542 "https://example.com/" "Mozilla/5.0 (Windows NT 10.0; Win64; x64) AppleWebKit/537.36 Chrome/124.0 Safari/537.36"
83.187.194.183 - - [12/Mar/2024:07:02:29 +0100] "GET /blog/post-1 HTTP/1.1" 200 3126 "https://example.com/products" "Mozilla/5.0 (iPhone; CPU iPhone OS 17_4) AppleWebKit/605.1.15 Mobile Safari"
192.168.1.9 - - [12/Mar/2024:07:03:30 +0100] "GET /blog/post-1 HTTP/1.1" 200 1825 "-" "Mozilla/5.0 (Windows NT 10.0; Win64; x64) AppleWebKit/537.36 Chrome/124.0 Safari/537.36"
83.120.203.49 - - [12/Mar/2024:07:04:30 +0100] "POST /blog HTTP/1.1" 200 3264 "https://example.com/" "Mozilla/5.0 (Windows NT 10.0; Win64; x64) AppleWebKit/537.36 Chrome/124.0 Safari/537.36"
192.168.1.30 - - [12/Mar/2024:07:05:01 +0100] "GET /static/app.css HTTP/1.1" 200 4541 "-" "Mozilla/5.0 (iPhone; CPU iPhone OS 17_4) AppleWebKit/605.1.15 Mobile Safari"
192.168.1.48 - - [12/Mar/2024:07:05:24 +0100] "GET /static/app.js HTTP/1.1" 200 2878 "https://example.com/" "Mozilla/5.0 (Macintosh; Intel Mac OS X 10_15) AppleWebKit/605.1.15 Safari/16.0"
192.168.1.36 - - [12/Mar/2024:07:05:36 +0100] "GET /about HTTP/1.1" 200 485 "-" "Mozilla/5.0 (X11; Linux x86_64) AppleWebKit/537.36 Chrome/123.0 Safari/537.36"
83.205.2.203 - - [12/Mar/2024:07:06:37 +0100] "POST /blog HTTP/1.1" 200 497 "-" "Mozilla/5.0 (X11; Linux x86_64) AppleWebKit/537.36 Chrome/123.0 Safari/537.36"
192.168.1.42 - - [12/Mar/2024:07:07:08 +0100] "GET /api/products HTTP/1.1" 404 670 "https://example.com/" "Mozilla/5.0 (Macintosh; Intel Mac OS X 10_15) AppleWebKit/605.1.15 Safari/16.0"
192.168.1.30 - - [12/Mar/2024:07:08:29 +0100] "POST /blog HTTP/1.1" 200 711 "https://example.com/products" "Mozilla/5.0 (Macintosh; Intel Mac OS X 10_15) AppleWebKit/605.1.15 Safari/16.0"
192.168.1.35 - - [12/Mar/2024:07:08:42 +0100] "GET /contact HTTP/1.1" 200 200 "https://google.com/" "Mozilla/5.0 (Windows NT 10.0; Win64; x64) AppleWebKit/537.36 Chrome/124.0 Safari/537.36"
192.168.1.40 - - [12/Mar/2024:07:09:00 +0100] "POST /checkout HTTP/1.1" 200 1318 "https://example.com/products" "Mozilla/5.0 (Macintosh; Intel Mac OS X 10_15) AppleWebKit/605.1.15 Safari/16.0"
192.168.1.6 - - [12/Mar/2024:07:09:19 +0100] "GET /contact HTTP/1.1" 200 2357 "-" "Mozilla/5.0 (X11; Linux x86_64) AppleWebKit/537.36 Chrome/123.0 Safari/537.36"
192.168.1.36 - - [12/Mar/2024:07:09:36 +0100] "POST /blog HTTP/1.1" 200 3772 "https://google.com/" "Mozilla/5.0 (iPhone; CPU iPhone OS 17_4) AppleWebKit/605.1.15 Mobile Safari"
192.168.1.41 - - [12/Mar/2024:07:11:34 +0100] "GET /static/app.css HTTP/1.1" 200 1555 "https://google.com/" "Mozilla/5.0 (Windows NT 10.0; Win64; x64) AppleWebKit/537.36 Chrome/124.0 Safari/537.36"
83.187.194.183 - - [12/Mar/2024:07:12:10 +0100] "GET /cart HTTP/1.1" 200 4484 "-" "Mozilla/5.0 (X11; Linux x86_64) AppleWebKit/537.36 Chrome/123.0 Safari/537.36"
83.209.139.113 - - [12/Mar/2024:07:14:56 +0100] "GET /search?q=shoes HTTP/1.1" 200 2675 "-" "Mozilla/5.0 (Windows NT 10.0; Win64; x64) AppleWebKit/537.36 Chrome/124.0 Safari/537.36"
83.141.226.17 - - [12/Mar/2024:07:16:37 +0100] "GET /static/app.js HTTP/1.1" 200 278 "https://google.com/" "Mozilla/5.0 (iPhone; CPU iPhone OS 17_4) AppleWebKit/605.1.15 Mobile Safari"
192.168.1.5 - - [12/Mar/2024:07:17:12 +0100] "GET /blog/post-1 HTTP/1.1" 200 4164 "-" "Mozilla/5.0 (Windows NT 10.0; Win64; x64) AppleWebKit/537.36 Chrome/124.0 Safari/537.36"
192.168.1.29 - - [12/Mar/2024:07:19:40 +0100] "GET /contact HTTP/1.1" 200 4261 "https://example.com/" "Mozilla/5.0 (Macintosh; Intel Mac OS X 10_15) AppleWebKit/605.1.15 Safari/16.0"
83.61.174.162 - - [12/Mar/2024:07:20:49 +0100] "POST /products HTTP/1.1" 200 2524 "https://google.com/" "Mozilla/5.0 (X11; Linux x86_64) AppleWebKit/537.36 Chrome/123.0 Safari/537.36"
83.118.34.175 - - [12/Mar/2024:07:21:05 +0100] "POST /search?q=shoes HTTP/1.1" 200 4202 "-" "Mozilla/5.0 (iPhone; CPU iPhone OS 17_4) AppleWebKit/605.1.15 Mobile Safari"
192.168.1.44 - - [12/Mar/2024:07:21:46 +0100] "GET /search?q=shoes HTTP/1.1" 200 2629 "https://example.com/" "Mozilla/5.0 (Macintosh; Intel Mac OS X 10_15) AppleWebKit/605.1.15 Safari/16.0"
192.168.1.15 - - [12/Mar/2024:07:21:52 +0100] "GET /cart HTTP/1.1" 500 775 "https://example.com/products" "Mozilla/5.0 (Macintosh; Intel Mac OS X 10_15) AppleWebKit/605.1.15 Safari/16.0"
192.168.1.22 - - [12/Mar/2024:07:22:15 +0100] "GET /api/products HTTP/1.1" 200 1415 "https://example.com/" "Mozilla/5.0 (iPhone; CPU iPhone OS 17_4) AppleWebKit/605.1.15 Mobile Safari"
192.168.1.4 - - [12/Mar/2024:07:24:13 +0100] "POST /cart HTTP/1.1" 200 4215 "https://example.com/products" "Mozilla/5.0 (Macintosh; Intel Mac OS X 10_15) AppleWebKit/605.1.15 Safari/16.0"
192.168.1.54 - - [12/Mar/2024:07:24:27 +0100] "GET /static/app.css HTTP/1.1" 301 1906 "https://google.com/" "Mozilla/5.0 (X11; Linux x86_64) AppleWebKit/537.36 Chrome/123.0 Safari/537.36"
192.168.1.4 - - [12/Mar/2024:07:24:58 +0100] "GET /contact HTTP/1.1" 301 2150 "-" "Mozilla/5.0 (iPhone; CPU iPhone OS 17_4) AppleWebKit/605.1.15 Mobile Safari"
192.168.1.59 - - [12/Mar/2024:07:27:37 +0100] "POST /images/logo.png HTTP/1.1" 200 335 "-" "Mozilla/5.0 (Macintosh; Intel Mac OS X 10_15) AppleWebKit/605.1.15 Safari/16.0"
192.168.1.16 - - [12/Mar/2024:07:28:53 +0100] "POST /cart HTTP/1.1" 200 4922 "https://google.com/" "Mozilla/5.0 (Windows NT 10.0; Win64; x64) AppleWebKit/537.36 Chrome/124.0 Safari/537.36"
192.168.1.48 - - [12/Mar/2024:07:32:07 +0100] "GET /static/app.css HTTP/1.1" 200 977 "https://google.com/" "Mozilla/5.0 (Macintosh; Intel Mac OS X 10_15) AppleWebKit/605.1.15 Safari/16.0"
83.187.194.183 - - [12/Mar/2024:07:32:14 +0100] "GET /about HTTP/1.1" 200 857 "https://google.com/" "Mozilla/5.0 (Macintosh; Intel Mac OS X 10_15) AppleWebKit/605.1.15 Safari/16.0"
83.129.145.10 - - [12/Mar/2024:07:33:40 +0100] "GET /contact HTTP/1.1" 200 3672 "https://google.com/" "Mozilla/5.0 (Windows NT 10.0; Win64; x64) AppleWebKit/537.36 Chrome/124.0 Safari/537.36"
83.247.114.227 - - [12/Mar/2024:07:34:33 +0100] "POST /favicon.ico HTTP/1.1" 200 4736 "https://example.com/products" "Mozilla/5.0 (Windows NT 10.0; Win64; x64) AppleWebKit/537.36 Chrome/124.0 Safari/537.36"
83.199.142.117 - - [12/Mar/2024:07:35:16 +0100] "POST /images/logo.png HTTP/1.1" 200 4872 "https://google.com/" "Mozilla/5.0 (Macintosh; Intel Mac OS X 10_15) AppleWebKit/605.1.15 Safari/16.0"
83.22.178.52 - - [12/Mar/2024:07:38:12 +0100] "GET /checkout HTTP/1.1" 301 295 "https://example.com/products" "Mozilla/5.0 (Macintosh; Intel Mac OS X 10_15) AppleWebKit/605.1.15 Safari/16.0"
192.168.1.11 - - [12/Mar/2024:07:39:05 +0100] "GET /products HTTP/1.1" 200 2515 "-" "Mozilla/5.0 (Windows NT 10.0; Win64; x64) AppleWebKit/537.36 Chrome/124.0 Safari/537.36"
83.112.41.212 - - [12/Mar/2024:07:41:06 +0100] "GET /search?q=shoes HTTP/1.1" 200 1539 "-" "Mozilla/5.0 (iPhone; CPU iPhone OS 17_4) AppleWebKit/605.1.15 Mobile Safari"
192.168.1.59 - - [12/Mar/2024:07:41:12 +0100] "GET /static/app.js HTTP/1.1" 200 3427 "-" "Mozilla/5.0 (Windows NT 10.0; Win64; x64) AppleWebKit/537.36 Chrome/124.0 Safari/537.36"
192.168.1.2 - - [12/Mar/2024:07:41:34 +0100] "GET /cart HTTP/1.1" 200 794 "https://google.com/" "Mozilla/5.0 (X11; Linux x86_64) AppleWebKit/537.36 Chrome/123.0 Safari/537.36"
83.129.145.10 - - [12/Mar/2024:07:42:38 +0100] "POST /images/logo.png HTTP/1.1" 200 4004 "-" "Mozilla/5.0 (X11; Linux x86_64) AppleWebKit/537.36 Chrome/123.0 Safari/537.36"
192.168.1.12 - - [12/Mar/2024:07:43:28 +0100] "GET /products/123 HTTP/1.1" 200 958 "https://example.com/products" "Mozilla/5.0 (X11; Linux x86_64) AppleWebKit/537.36 Chrome/123.0 Safari/537.36"
192.168.1.43 - - [12/Mar/2024:07:44:58 +0100] "GET /cart HTTP/1.1" 302 1642 "https://google.com/" "Mozilla/5.0 (X11; Linux x86_64) AppleWebKit/537.36 Chrome/123.0 Safari/537.36"
192.168.1.12 - - [12/Mar/2024:07:45:13 +0100] "GET /api/products HTTP/1.1" 200 3646 "https://example.com/" "Mozilla/5.0 (X11; Linux x86_64) AppleWebKit/537.36 Chrome/123.0 Safari/537.36"
192.168.1.12 - - [12/Mar/2024:07:45:18 +0100] "GET /cart HTTP/1.1" 200 1659 "https://example.com/" "Mozilla/5.0 (Windows NT 10.0; Win64; x64) AppleWebKit/537.36 Chrome/124.0 Safari/537.36"
83.36.63.30 - - [12/Mar/2024:07:47:24 +0100] "POST / HTTP/1.1" 200 1593 "https://example.com/products" "Mozilla/5.0 (X11; Linux x86_64) AppleWebKit/537.36 Chrome/123.0 Safari/537.36"
83.214.115.128 - - [12/Mar/2024:07:47:48 +0100] "GET /checkout HTTP/1.1" 200 1812 "https://google.com/" "Mozilla/5.0 (X11; Linux x86_64) AppleWebKit/537.36 Chrome/123.0 Safari/537.36"
192.168.1.34 - - [12/Mar/2024:07:50:11 +0100] "GET / HTTP/1.1" 200 3844 "https://example.com/" "Mozilla/5.0 (X11; Linux x86_64) AppleWebKit/537.36 Chrome/123.0 Safari/537.36"
192.168.1.44 - - [12/Mar/2024:07:51:29 +0100] "GET /search?q=shoes HTTP/1.1" 200 4986 "-" "Mozilla/5.0 (X11; Linux x86_64) AppleWebKit/537.36 Chrome/123.0 Safari/537.36"
192.168.1.23 - - [12/Mar/2024:07:53:44 +0100] "GET /favicon.ico HTTP/1.1" 200 1559 "https://google.com/" "Mozilla/5.0 (iPhone; CPU iPhone OS 17_4) AppleWebKit/605.1.15 Mobile Safari"
192.168.1.12 - - [12/Mar/2024:07:53:51 +0100] "GET /about HTTP/1.1" 200 1538 "https://example.com/products" "Mozilla/5.0 (X11; Linux x86_64) AppleWebKit/537.36 Chrome/123.0 Safari/537.36"
192.168.1.50 - - [12/Mar/2024:07:54:06 +0100] "POST /products HTTP/1.1" 200 267 "-" "Mozilla/5.0 (Windows NT 10.0; Win64; x64) AppleWebKit/537.36 Chrome/124.0 Safari/537.36"
83.22.178.52 - - [12/Mar/2024:07:55:34 +0100] "GET /about HTTP/1.1" 200 1354 "https://google.com/" "Mozilla/5.0 (X11; Linux x86_64) AppleWebKit/537.36 Chrome/123.0 Safari/537.36"
83.246.105.83 - - [12/Mar/2024:07:55:40 +0100] "GET /checkout HTTP/1.1" 200 1365 "https://example.com/products" "Mozilla/5.0 (Macintosh; Intel Mac OS X 10_15) AppleWebKit/605.1.15 Safari/16.0"
83.118.34.175 - - [12/Mar/2024:07:57:03 +0100] "POST /cart HTTP/1.1" 200 2379 "https://example.com/products" "Mozilla/5.0 (Macintosh; Intel Mac OS X 10_15) AppleWebKit/605.1.15 Safari/16.0"
83.23.197.167 - - [12/Mar/2024:07:59:27 +0100] "GET /blog/post-1 HTTP/1.1" 200 1728 "https://example.com/products" "Mozilla/5.0 (Macintosh; Intel Mac OS X 10_15) AppleWebKit/605.1.15 Safari/16.0"
83.36.212.51 - - [12/Mar/2024:07:59:40 +0100] "GET /blog HTTP/1.1" 200 4017 "-" "Mozilla/5.0 (X11; Linux x86_64) AppleWebKit/537.36 Chrome/123.0 Safari/537.36"
83.144.171.239 - - [12/Mar/2024:08:00:58 +0100] "GET /contact HTTP/1.1" 200 4989 "-" "Mozilla/5.0 (Windows NT 10.0; Win64; x64) AppleWebKit/537.36 Chrome/124.0 Safari/537.36"
192.168.1.7 - - [12/Mar/2024:08:02:09 +0100] "GET /static/app.css HTTP/1.1" 200 4857 "https://google.com/" "Mozilla/5.0 (Macintosh; Intel Mac OS X 10_15) AppleWebKit/605.1.15 Safari/16.0"
192.168.1.2 - - [12/Mar/2024:08:02:11 +0100] "GET /api/products HTTP/1.1" 200 1309 "https://google.com/" "Mozilla/5.0 (iPhone; CPU iPhone OS 17_4) AppleWebKit/605.1.15 Mobile Safari"
83.36.63.30 - - [12/Mar/2024:08:02:16 +0100] "GET /products HTTP/1.1" 200 4170 "-" "Mozilla/5.0 (X11; Linux x86_64) AppleWebKit/537.36 Chrome/123.0 Safari/537.36"
83.120.203.49 - - [12/Mar/2024:08:02:30 +0100] "GET /favicon.ico HTTP/1.1" 200 3662 "-" "Mozilla/5.0 (X11; Linux x86_64) AppleWebKit/537.36 Chrome/123.0 Safari/537.36"
83.209.139.113 - - [12/Mar/2024:08:03:21 +0100] "GET /images/logo.png HTTP/1.1" 200 4952 "https://google.com/" "Mozilla/5.0 (Macintosh; Intel Mac OS X 10_15) AppleWebKit/605.1.15 Safari/16.0"
83.121.84.58 - - [12/Mar/2024:08:05:41 +0100] "GET /favicon.ico HTTP/1.1" 200 4336 "-" "Mozilla/5.0 (iPhone; CPU iPhone OS 17_4) AppleWebKit/605.1.15 Mobile Safari"
83.61.174.162 - - [12/Mar/2024:08:07:45 +0100] "GET /search?q=shoes HTTP/1.1" 301 3341 "-" "Mozilla/5.0 (X11; Linux x86_64) AppleWebKit/537.36 Chrome/123.0 Safari/537.36"
192.168.1.4 - - [12/Mar/2024:08:08:42 +0100] "POST /contact HTTP/1.1" 200 2018 "-" "Mozilla/5.0 (Macintosh; Intel Mac OS X 10_15) AppleWebKit/605.1.15 Safari/16.0"
83.95.47.236 - - [12/Mar/2024:08:09:47 +0100] "POST /static/app.js HTTP/1.1" 302 794 "https://example.com/products" "Mozilla/5.0 (iPhone; CPU iPhone OS 17_4) AppleWebKit/605.1.15 Mobile Safari"
192.168.1.33 - - [12/Mar/2024:08:09:53 +0100] "POST / HTTP/1.1" 200 3166 "https://example.com/" "Mozilla/5.0 (Windows NT 10.0; Win64; x64) AppleWebKit/537.36 Chrome/124.0 Safari/537.36"
192.168.1.18 - - [12/Mar/2024:08:13:04 +0100] "GET /search?q=shoes HTTP/1.1" 200 1711 "https://example.com/" "Mozilla/5.0 (iPhone; CPU iPhone OS 17_4) AppleWebKit/605.1.15 Mobile Safari"
83.50.93.119 - - [12/Mar/2024:08:14:25 +0100] "GET /contact HTTP/1.1" 200 3415 "https://google.com/" "Mozilla/5.0 (Macintosh; Intel Mac OS X 10_15) AppleWebKit/605.1.15 Safari/16.0"
192.168.1.16 - - [12/Mar/2024:08:16:57 +0100] "GET /static/app.js HTTP/1.1" 200 1481 "https://example.com/" "Mozilla/5.0 (X11; Linux x86_64) AppleWebKit/537.36 Chrome/123.0 Safari/537.36"
192.168.1.59 - - [12/Mar/2024:08:17:11 +0100] "GET /api/products HTTP/1.1" 200 1518 "https://example.com/products" "Mozilla/5.0 (iPhone; CPU iPhone OS 17_4) AppleWebKit/605.1.15 Mobile Safari"
83.112.110.219 - - [12/Mar/2024:08:18:00 +0100] "POST /contact HTTP/1.1" 200 1993 "https://example.com/products" "Mozilla/5.0 (Windows NT 10.0; Win64; x64) AppleWebKit/537.36 Chrome/124.0 Safari/537.36"
192.168.1.58 - - [12/Mar/2024:08:18:22 +0100] "GET /cart HTTP/1.1" 200 2349 "-" "Mozilla/5.0 (Windows NT 10.0; Win64; x64) AppleWebKit/537.36 Chrome/124.0 Safari/537.36"
192.168.1.38 - - [12/Mar/2024:08:19:34 +0100] "POST /about HTTP/1.1" 301 4207 "https://google.com/" "Mozilla/5.0 (Macintosh; Intel Mac OS X 10_15) AppleWebKit/605.1.15 Safari/16.0"
192.168.1.17 - - [12/Mar/2024:08:20:03 +0100] "POST /static/app.js HTTP/1.1" 200 1900 "https://google.com/" "Mozilla/5.0 (Windows NT 10.0; Win64; x64) AppleWebKit/537.36 Chrome/124.0 Safari/537.36"
192.168.1.59 - - [12/Mar/2024:08:21:04 +0100] "GET /blog HTTP/1.1" 200 975 "https://example.com/" "Mozilla/5.0 (Windows NT 10.0; Win64; x64) AppleWebKit/537.36 Chrome/124.0 Safari/537.36"
83.209.139.113 - - [12/Mar/2024:08:21:11 +0100] "GET /favicon.ico HTTP/1.1" 200 1958 "https://google.com/" "Mozilla/5.0 (iPhone; CPU iPhone OS 17_4) AppleWebKit/605.1.15 Mobile Safari"
83.112.110.219 - - [12/Mar/2024:08:21:47 +0100] "POST /images/logo.png HTTP/1.1" 200 3860 "-" "Mozilla/5.0 (iPhone; CPU iPhone OS 17_4) AppleWebKit/605.1.15 Mobile Safari"
192.168.1.6 - - [12/Mar/2024:08:22:24 +0100] "GET /static/app.css HTTP/1.1" 200 3200 "https://google.com/" "Mozilla/5.0 (Windows NT 10.0; Win64; x64) AppleWebKit/537.36 Chrome/124.0 Safari/537.36"
83.80.196.212 - - [12/Mar/2024:08:23:50 +0100] "GET /contact HTTP/1.1" 200 733 "https://google.com/" "Mozilla/5.0 (Windows NT 10.0; Win64; x64) AppleWebKit/537.36 Chrome/124.0 Safari/537.36"
192.168.1.39 - - [12/Mar/2024:08:24:51 +0100] "GET /blog HTTP/1.1" 301 347 "-" "Mozilla/5.0 (iPhone; CPU iPhone OS 17_4) AppleWebKit/605.1.15 Mobile Safari"
192.168.1.15 - - [12/Mar/2024:08:25:01 +0100] "GET /contact HTTP/1.1" 200 4227 "https://example.com/" "Mozilla/5.0 (Macintosh; Intel Mac OS X 10_15) AppleWebKit/605.1.15 Safari/16.0"
83.235.190.94 - - [12/Mar/2024:08:27:54 +0100] "POST /contact HTTP/1.1" 200 1678 "https://example.com/products" "Mozilla/5.0 (Macintosh; Intel Mac OS X 10_15) AppleWebKit/605.1.15 Safari/16.0"
192.168.1.45 - - [12/Mar/2024:08:28:01 +0100] "POST /about HTTP/1.1" 200 694 "https://google.com/" "Mozilla/5.0 (Windows NT 10.0; Win64; x64) AppleWebKit/537.36 Chrome/124.0 Safari/537.36"
192.168.1.29 - - [12/Mar/2024:08:29:35 +0100] "POST /products HTTP/1.1" 200 3946 "-" "Mozilla/5.0 (X11; Linux x86_64) AppleWebKit/537.36 Chrome/123.0 Safari/537.36"
83.209.139.113 - - [12/Mar/2024:08:31:08 +0100] "GET /search?q=shoes HTTP/1.1" 200 4071 "https://example.com/" "Mozilla/5.0 (iPhone; CPU iPhone OS 17_4) AppleWebKit/605.1.15 Mobile Safari"
83.120.180.71 - - [12/Mar/2024:08:31:41 +0100] "POST /static/app.js HTTP/1.1" 200 4823 "https://example.com/products" "Mozilla/5.0 (Macintosh; Intel Mac OS X 10_15) AppleWebKit/605.1.15 Safari/16.0"
192.168.1.41 - - [12/Mar/2024:08:31:55 +0100] "POST /search?q=shoes HTTP/1.1" 200 4664 "https://example.com/products" "Mozilla/5.0 (iPhone; CPU iPhone OS 17_4) AppleWebKit/605.1.15 Mobile Safari"
83.120.180.71 - - [12/Mar/2024:08:32:14 +0100] "GET /products/123 HTTP/1.1" 200 1107 "-" "Mozilla/5.0 (X11; Linux x86_64) AppleWebKit/537.36 Chrome/123.0 Safari/537.36"
83.205.2.203 - - [12/Mar/2024:08:32:38 +0100] "GET /static/app.css HTTP/1.1" 200 4428 "https://example.com/" "Mozilla/5.0 (Macintosh; Intel Mac OS X 10_15) AppleWebKit/605.1.15 Safari/16.0"
83.173.198.194 - - [12/Mar/2024:08:32:38 +0100] "GET /products HTTP/1.1" 200 2540 "https://google.com/" "Mozilla/5.0 (Windows NT 10.0; Win64; x64) AppleWebKit/537.36 Chrome/124.0 Safari/537.36"
192.168.1.30 - - [12/Mar/2024:08:32:41 +0100] "GET /static/app.js HTTP/1.1" 200 4972 "https://example.com/products" "Mozilla/5.0 (X11; Linux x86_64) AppleWebKit/537.36 Chrome/123.0 Safari/537.36"
83.24.134.248 - - [12/Mar/2024:08:33:40 +0100] "GET /products HTTP/1.1" 200 4843 "-" "Mozilla/5.0 (Macintosh; Intel Mac OS X 10_15) AppleWebKit/605.1.15 Safari/16.0"
192.168.1.59 - - [12/Mar/2024:08:33:45 +0100] "GET /cart HTTP/1.1" 200 4399 "https://google.com/" "Mozilla/5.0 (iPhone; CPU iPhone OS 17_4) AppleWebKit/605.1.15 Mobile Safari"
83.231.95.20 - - [12/Mar/2024:08:33:53 +0100] "GET /contact HTTP/1.1" 200 3742 "-" "Mozilla/5.0 (iPhone; CPU iPhone OS 17_4) AppleWebKit/605.1.15 Mobile Safari"
192.168.1.4 - - [12/Mar/2024:08:34:43 +0100] "GET /products HTTP/1.1" 200 2736 "https://example.com/products" "Mozilla/5.0 (Windows NT 10.0; Win64; x64) AppleWebKit/537.36 Chrome/124.0 Safari/537.36"
192.168.1.28 - - [12/Mar/2024:08:35:41 +0100] "GET /blog/post-1 HTTP/1.1" 200 1017 "-" "Mozilla/5.0 (Windows NT 10.0; Win64; x64) AppleWebKit/537.36 Chrome/124.0 Safari/537.36"
192.168.1.11 - - [12/Mar/2024:08:35:53 +0100] "POST /contact HTTP/1.1" 200 1930 "https://example.com/products" "Mozilla/5.0 (Windows NT 10.0; Win64; x64) AppleWebKit/537.36 Chrome/124.0 Safari/537.36"
83.173.198.194 - - [12/Mar/2024:08:36:19 +0100] "GET /static/app.js HTTP/1.1" 301 203 "https://example.com/" "Mozilla/5.0 (iPhone; CPU iPhone OS 17_4) AppleWebKit/605.1.15 Mobile Safari"
192.168.1.22 - - [12/Mar/2024:08:36:21 +0100] "POST /static/app.css HTTP/1.1" 200 1618 "https://example.com/" "Mozilla/5.0 (iPhone; CPU iPhone OS 17_4) AppleWebKit/605.1.15 Mobile Safari"
192.168.1.42 - - [12/Mar/2024:08:40:35 +0100] "POST /static/app.css HTTP/1.1" 200 3729 "https://example.com/" "Mozilla/5.0 (X11; Linux x86_64) AppleWebKit/537.36 Chrome/123.0 Safari/537.36"
192.168.1.2 - - [12/Mar/2024:08:40:47 +0100] "GET /blog HTTP/1.1" 200 2517 "https://example.com/" "Mozilla/5.0 (X11; Linux x86_64) AppleWebKit/537.36 Chrome/123.0 Safari/537.36"
83.129.145.10 - - [12/Mar/2024:08:41:28 +0100] "GET /blog/post-1 HTTP/1.1" 200 743 "https://google.com/" "Mozilla/5.0 (Windows NT 10.0; Win64; x64) AppleWebKit/537.36 Chrome/124.0 Safari/537.36"
83.144.171.239 - - [12/Mar/2024:08:43:10 +0100] "POST /products/123 HTTP/1.1" 200 4214 "https://example.com/products" "Mozilla/5.0 (Macintosh; Intel Mac OS X 10_15) AppleWebKit/605.1.15 Safari/16.0"
192.168.1.17 - - [12/Mar/2024:08:43:21 +0100] "POST /api/products HTTP/1.1" 200 1813 "https://google.com/" "Mozilla/5.0 (X11; Linux x86_64) AppleWebKit/537.36 Chrome/123.0 Safari/537.36"
192.168.1.29 - - [12/Mar/2024:08:43:28 +0100] "GET /static/app.css HTTP/1.1" 200 3482 "-" "Mozilla/5.0 (iPhone; CPU iPhone OS 17_4) AppleWebKit/605.1.15 Mobile Safari"
83.80.196.212 - - [12/Mar/2024:08:44:44 +0100] "POST /blog HTTP/1.1" 200 2561 "https://google.com/" "Mozilla/5.0 (iPhone; CPU iPhone OS 17_4) AppleWebKit/605.1.15 Mobile Safari"
192.168.1.58 - - [12/Mar/2024:08:45:29 +0100] "GET /search?q=shoes HTTP/1.1" 200 1268 "https://example.com/products" "Mozilla/5.0 (Windows NT 10.0; Win64; x64) AppleWebKit/537.36 Chrome/124.0 Safari/537.36"
83.112.110.219 - - [12/Mar/2024:08:46:29 +0100] "GET /products HTTP/1.1" 200 2837 "https://google.com/" "Mozilla/5.0 (iPhone; CPU iPhone OS 17_4) AppleWebKit/605.1.15 Mobile Safari"
192.168.1.3 - - [12/Mar/2024:08:47:41 +0100] "GET /static/app.js HTTP/1.1" 200 1291 "https://example.com/" "Mozilla/5.0 (X11; Linux x86_64) AppleWebKit/537.36 Chrome/123.0 Safari/537.36"
192.168.1.42 - - [12/Mar/2024:08:49:11 +0100] "GET /blog HTTP/1.1" 200 3157 "https://example.com/" "Mozilla/5.0 (iPhone; CPU iPhone OS 17_4) AppleWebKit/605.1.15 Mobile Safari"
192.168.1.25 - - [12/Mar/2024:08:49:57 +0100] "GET /cart HTTP/1.1" 200 3575 "https://example.com/" "Mozilla/5.0 (Windows NT 10.0; Win64; x64) AppleWebKit/537.36 Chrome/124.0 Safari/537.36"
192.168.1.16 - - [12/Mar/2024:08:50:37 +0100] "GET /blog/post-1 HTTP/1.1" 200 3634 "-" "Mozilla/5.0 (X11; Linux x86_64) AppleWebKit/537.36 Chrome/123.0 Safari/537.36"
83.144.171.239 - - [12/Mar/2024:08:52:10 +0100] "GET /api/products HTTP/1.1" 200 2359 "https://example.com/" "Mozilla/5.0 (iPhone; CPU iPhone OS 17_4) AppleWebKit/605.1.15 Mobile Safari"
83.129.145.10 - - [12/Mar/2024:08:52:35 +0100] "GET / HTTP/1.1" 200 1952 "https://example.com/" "Mozilla/5.0 (Macintosh; Intel Mac OS X 10_15) AppleWebKit/605.1.15 Safari/16.0"
192.168.1.36 - - [12/Mar/2024:08:52:48 +0100] "GET /api/products HTTP/1.1" 200 4322 "https://example.com/" "Mozilla/5.0 (X11; Linux x86_64) AppleWebKit/537.36 Chrome/123.0 Safari/537.36"
192.168.1.49 - - [12/Mar/2024:08:54:01 +0100] "GET /images/logo.png HTTP/1.1" 200 588 "-" "Mozilla/5.0 (Macintosh; Intel Mac OS X 10_15) AppleWebKit/605.1.15 Safari/16.0"
83.121.84.58 - - [12/Mar/2024:08:54:30 +0100] "POST /favicon.ico HTTP/1.1" 200 4798 "-" "Mozilla/5.0 (X11; Linux x86_64) AppleWebKit/537.36 Chrome/123.0 Safari/537.36"
192.168.1.48 - - [12/Mar/2024:08:54:53 +0100] "POST /blog/post-1 HTTP/1.1" 200 522 "https://example.com/products" "Mozilla/5.0 (Macintosh; Intel Mac OS X 10_15) AppleWebKit/605.1.15 Safari/16.0"
192.168.1.30 - - [12/Mar/2024:08:55:19 +0100] "GET /about HTTP/1.1" 200 3888 "https://google.com/" "Mozilla/5.0 (Windows NT 10.0; Win64; x64) AppleWebKit/537.36 Chrome/124.0 Safari/537.36"
