83.22.178.52 - - [10/Mar/2024:19:50:15 +0100] "GET /search?q=shoes HTTP/1.1" 200 3452 "https://example.com/products" "Mozilla/5.0 (Macintosh; Intel Mac OS X 10_15) AppleWebKit/605.1.15 Safari/16.0"
192.168.1.7 - - [10/Mar/2024:19:50:48 +0100] "GET /about HTTP/1.1" 200 4867 "https://example.com/" "Mozilla/5.0 (Windows NT 10.0; Win64; x64) AppleWebKit/537.36 Chrome/124.0 Safari/537.36"
192.168.1.13 - - [10/Mar/2024:19:51:17 +0100] "GET /contact HTTP/1.1" 301 3631 "https://example.com/products" "Mozilla/5.0 (iPhone; CPU iPhone OS 17_4) AppleWebKit/605.1.15 Mobile Safari"
83.50.93.119 - - [10/Mar/2024:19:52:10 +0100] "GET /about HTTP/1.1" 200 1039 "https://example.com/products" "Mozilla/5.0 (Macintosh; Intel Mac OS X 10_15) AppleWebKit/605.1.15 Safari/16.0"
83.200.131.33 - - [10/Mar/2024:19:52:33 +0100] "GET /products HTTP/1.1" 200 2571 "https://example.com/products" "Mozilla/5.0 (X11; Linux x86_64) AppleWebKit/537.36 Chrome/123.0 Safari/537.36"
192.168.1.36 - - [10/Mar/2024:19:54:47 +0100] "POST / HTTP/1.1" 200 4936 "-" "Mozilla/5.0 (X11; Linux x86_64) AppleWebKit/537.36 Chrome/123.0 Safari/537.36"
192.168.1.3 - - [10/Mar/2024:19:55:16 +0100] "POST /search?q=shoes HTTP/1.1" 200 3341 "https://google.com/" "Mozilla/5.0 (Macintosh; Intel Mac OS X 10_15) AppleWebKit/605.1.15 Safari/16.0"
83.173.198.194 - - [10/Mar/2024:19:55:25 +0100] "GET /checkout HTTP/1.1" 200 1435 "https://example.com/" "Mozilla/5.0 (Macintosh; Intel Mac OS X 10_15) AppleWebKit/605.1.15 Safari/16.0"
192.168.1.12 - - [10/Mar/2024:19:55:43 +0100] "POST /products HTTP/1.1" 200 3835 "https://example.com/" "Mozilla/5.0 (X11; Linux x86_64) AppleWebKit/537.36 Chrome/123.0 Safari/537.36"
192.168.1.53 - - [10/Mar/2024:19:55:49 +0100] "GET /blog HTTP/1.1" 200 2572 "https://google.com/" "Mozilla/5.0 (Macintosh; Intel Mac OS X 10_15) AppleWebKit/605.1.15 Safari/16.0"
83.111.205.214 - - [10/Mar/2024:19:56:09 +0100] "GET /favicon.ico HTTP/1.1" 200 3102 "https://example.com/products" "Mozilla/5.0 (iPhone; CPU iPhone OS 17_4) AppleWebKit/605.1.15 Mobile Safari"
83.141.226.17 - - [10/Mar/2024:19:56:33 +0100] "GET /favicon.ico HTTP/1.1" 200 2869 "https://example.com/products" "Mozilla/5.0 (Windows NT 10.0; Win64; x64) AppleWebKit/537.36 Chrome/124.0 Safari/537.36"
83.214.115.128 - - [10/Mar/2024:19:57:40 +0100] "GET /checkout HTTP/1.1" 200 2483 "https://example.com/" "Mozilla/5.0 (iPhone; CPU iPhone OS 17_4) AppleWebKit/605.1.15 Mobile Safari"
192.168.1.59 - - [10/Mar/2024:19:58:07 +0100] "GET /products HTTP/1.1" 200 1633 "https://example.com/products" "Mozilla/5.0 (Macintosh; Intel Mac OS X 10_15) AppleWebKit/605.1.15 Safari/16.0"
192.168.1.4 - - [10/Mar/2024:20:00:37 +0100] "GET /blog HTTP/1.1" 200 4134 "https://example.com/products" "Mozilla/5.0 (Macintosh; Intel Mac OS X 10_15) AppleWebKit/605.1.15 Safari/16.0"
83.205.2.203 - - [10/Mar/2024:20:02:54 +0100] "GET /static/app.js HTTP/1.1" 200 3268 "-" "Mozilla/5.0 (X11; Linux x86_64) AppleWebKit/537.36 Chrome/123.0 Safari/537.36"
192.168.1.35 - - [10/Mar/2024:20:03:25 +0100] "GET /api/products HTTP/1.1" 200 304 "https://example.com/" "Mozilla/5.0 (X11; Linux x86_64) AppleWebKit/537.36 Chrome/123.0 Safari/537.36"
192.168.1.2 - - [10/Mar/2024:20:04:53 +0100] "GET /static/app.css HTTP/1.1" 200 2742 "https://example.com/" "Mozilla/5.0 (Macintosh; Intel Mac OS X 10_15) AppleWebKit/605.1.15 Safari/16.0"
83.61.174.162 - - [10/Mar/2024:20:07:38 +0100] "GET /images/logo.png HTTP/1.1" 200 3084 "https://google.com/" "Mozilla/5.0 (iPhone; CPU iPhone OS 17_4) AppleWebKit/605.1.15 Mobile Safari"
192.168.1.48 - - [10/Mar/2024:20:08:29 +0100] "GET /images/logo.png HTTP/1.1" 200 4326 "https://example.com/products" "Mozilla/5.0 (iPhone; CPU iPhone OS 17_4) AppleWebKit/605.1.15 Mobile Safari"
83.178.91.18 - - [10/Mar/2024:20:10:17 +0100] "GET /cart HTTP/1.1" 200 226 "https://example.com/products" "Mozilla/5.0 (Macintosh; Intel Mac OS X 10_15) AppleWebKit/605.1.15 Safari/16.0"
83.178.91.18 - - [10/Mar/2024:20:10:18 +0100] "GET /search?q=shoes HTTP/1.1" 404 2720 "-" "Mozilla/5.0 (X11; Linux x86_64) AppleWebKit/537.36 Chrome/123.0 Safari/537.36"
192.168.1.5 - - [10/Mar/2024:20:11:54 +0100] "GET / HTTP/1.1" 200 3989 "https://example.com/" "Mozilla/5.0 (Macintosh; Intel Mac OS X 10_15) AppleWebKit/605.1.15 Safari/16.0"
83.247.114.227 - - [10/Mar/2024:20:13:02 +0100] "GET /search?q=shoes HTTP/1.1" 200 1397 "https://example.com/" "Mozilla/5.0 (Windows NT 10.0; Win64; x64) AppleWebKit/537.36 Chrome/124.0 Safari/537.36"
192.168.1.40 - - [10/Mar/2024:20:13:35 +0100] "GET /images/logo.png HTTP/1.1" 200 3798 "-" "Mozilla/5.0 (Macintosh; Intel Mac OS X 10_15) AppleWebKit/605.1.15 Safari/16.0"
83.214.115.128 - - [10/Mar/2024:20:15:32 +0100] "GET /search?q=shoes HTTP/1.1" 200 3165 "https://example.com/products" "Mozilla/5.0 (iPhone; CPU iPhone OS 17_4) AppleWebKit/605.1.15 Mobile Safari"
83.129.145.10 - - [10/Mar/2024:20:17:30 +0100] "GET /search?q=shoes HTTP/1.1" 200 2615 "https://google.com/" "Mozilla/5.0 (Macintosh; Intel Mac OS X 10_15) AppleWebKit/605.1.15 Safari/16.0"
192.168.1.39 - - [10/Mar/2024:20:19:12 +0100] "GET /blog HTTP/1.1" 200 2311 "https://example.com/products" "Mozilla/5.0 (Macintosh; Intel Mac OS X 10_15) AppleWebKit/605.1.15 Safari/16.0"
192.168.1.24 - - [10/Mar/2024:20:24:07 +0100] "GET /favicon.ico HTTP/1.1" 200 4263 "https://google.com/" "Mozilla/5.0 (Macintosh; Intel Mac OS X 10_15) AppleWebKit/605.1.15 Safari/16.0"
192.168.1.52 - - [10/Mar/2024:20:25:15 +0100] "GET /products/123 HTTP/1.1" 200 2711 "-" "Mozilla/5.0 (X11; Linux x86_64) AppleWebKit/537.36 Chrome/123.0 Safari/537.36"
192.168.1.25 - - [10/Mar/2024:20:26:49 +0100] "POST / HTTP/1.1" 200 724 "https://example.com/" "Mozilla/5.0 (Windows NT 10.0; Win64; x64) AppleWebKit/537.36 Chrome/124.0 Safari/537.36"
83.209.139.113 - - [10/Mar/2024:20:28:16 +0100] "GET / HTTP/1.1" 200 1886 "https://google.com/" "Mozilla/5.0 (Macintosh; Intel Mac OS X 10_15) AppleWebKit/605.1.15 Safari/16.0"
192.168.1.45 - - [10/Mar/2024:20:28:19 +0100] "GET /cart HTTP/1.1" 500 427 "https://example.com/" "Mozilla/5.0 (X11; Linux x86_64) AppleWebKit/537.36 Chrome/123.0 Safari/537.36"
192.168.1.8 - - [10/Mar/2024:20:30:28 +0100] "GET /products/123 HTTP/1.1" 200 829 "https://example.com/products" "Mozilla/5.0 (Macintosh; Intel Mac OS X 10_15) AppleWebKit/605.1.15 Safari/16.0"
192.168.1.43 - - [10/Mar/2024:20:32:18 +0100] "GET /blog/post-1 HTTP/1.1" 200 4714 "https://example.com/" "Mozilla/5.0 (X11; Linux x86_64) AppleWebKit/537.36 Chrome/123.0 Safari/537.36"
192.168.1.44 - - [10/Mar/2024:20:34:57 +0100] "GET /contact HTTP/1.1" 200 3816 "-" "Mozilla/5.0 (Macintosh; Intel Mac OS X 10_15) AppleWebKit/605.1.15 Safari/16.0"
192.168.1.17 - - [10/Mar/2024:20:35:09 +0100] "GET /checkout HTTP/1.1" 200 301 "-" "Mozilla/5.0 (Windows NT 10.0; Win64; x64) AppleWebKit/537.36 Chrome/124.0 Safari/537.36"
192.168.1.19 - - [10/Mar/2024:20:36:31 +0100] "GET /products/123 HTTP/1.1" 200 504 "https://google.com/" "Mozilla/5.0 (Windows NT 10.0; Win64; x64) AppleWebKit/537.36 Chrome/124.0 Safari/537.36"
192.168.1.36 - - [10/Mar/2024:20:37:57 +0100] "GET /search?q=shoes HTTP/1.1" 200 1182 "https://google.com/" "Mozilla/5.0 (iPhone; CPU iPhone OS 17_4) AppleWebKit/605.1.15 Mobile Safari"
83.22.178.52 - - [10/Mar/2024:20:38:37 +0100] "POST /blog HTTP/1.1" 200 2456 "-" "Mozilla/5.0 (Macintosh; Intel Mac OS X 10_15) AppleWebKit/605.1.15 Safari/16.0"
192.168.1.44 - - [10/Mar/2024:20:44:48 +0100] "POST /blog HTTP/1.1" 200 723 "-" "Mozilla/5.0 (Windows NT 10.0; Win64; x64) AppleWebKit/537.36 Chrome/124.0 Safari/537.36"
83.231.95.20 - - [10/Mar/2024:20:45:11 +0100] "GET /products HTTP/1.1" 200 2639 "https://google.com/" "Mozilla/5.0 (X11; Linux x86_64) AppleWebKit/537.36 Chrome/123.0 Safari/537.36"
83.246.105.83 - - [10/Mar/2024:20:45:15 +0100] "GET /blog HTTP/1.1" 200 586 "https://example.com/products" "Mozilla/5.0 (Windows NT 10.0; Win64; x64) AppleWebKit/537.36 Chrome/124.0 Safari/537.36"
83.99.229.74 - - [10/Mar/2024:20:47:12 +0100] "POST /api/products HTTP/1.1" 200 2364 "https://google.com/" "Mozilla/5.0 (Windows NT 10.0; Win64; x64) AppleWebKit/537.36 Chrome/124.0 Safari/537.36"
192.168.1.22 - - [10/Mar/2024:20:47:14 +0100] "POST /favicon.ico HTTP/1.1" 200 3957 "https://google.com/" "Mozilla/5.0 (X11; Linux x86_64) AppleWebKit/537.36 Chrome/123.0 Safari/537.36"
83.161.42.193 - - [10/Mar/2024:20:48:55 +0100] "GET /about HTTP/1.1" 200 2926 "https://example.com/products" "Mozilla/5.0 (Macintosh; Intel Mac OS X 10_15) AppleWebKit/605.1.15 Safari/16.0"
83.231.95.20 - - [10/Mar/2024:20:49:17 +0100] "POST /contact HTTP/1.1" 200 1948 "https://example.com/" "Mozilla/5.0 (Macintosh; Intel Mac OS X 10_15) AppleWebKit/605.1.15 Safari/16.0"
83.40.189.174 - - [10/Mar/2024:20:50:07 +0100] "GET /products HTTP/1.1" 200 2209 "-" "Mozilla/5.0 (X11; Linux x86_64) AppleWebKit/537.36 Chrome/123.0 Safari/537.36"
192.168.1.33 - - [10/Mar/2024:20:50:22 +0100] "GET /static/app.css HTTP/1.1" 200 1739 "-" "Mozilla/5.0 (Windows NT 10.0; Win64; x64) AppleWebKit/537.36 Chrome/124.0 Safari/537.36"
192.168.1.10 - - [10/Mar/2024:20:50:25 +0100] "GET / HTTP/1.1" 200 657 "https://example.com/products" "Mozilla/5.0 (Windows NT 10.0; Win64; x64) AppleWebKit/537.36 Chrome/124.0 Safari/537.36"
83.111.205.214 - - [10/Mar/2024:20:55:05 +0100] "GET /products HTTP/1.1" 200 1710 "https://example.com/" "Mozilla/5.0 (iPhone; CPU iPhone OS 17_4) AppleWebKit/605.1.15 Mobile Safari"
192.168.1.35 - - [10/Mar/2024:20:56:02 +0100] "POST /static/app.css HTTP/1.1" 200 1869 "https://example.com/" "Mozilla/5.0 (iPhone; CPU iPhone OS 17_4) AppleWebKit/605.1.15 Mobile Safari"
83.178.91.18 - - [10/Mar/2024:20:56:37 +0100] "POST /checkout HTTP/1.1" 200 1123 "-" "Mozilla/5.0 (Windows NT 10.0; Win64; x64) AppleWebKit/537.36 Chrome/124.0 Safari/537.36"
83.246.105.83 - - [10/Mar/2024:21:00:43 +0100] "GET /favicon.ico HTTP/1.1" 404 3263 "https://example.com/" "Mozilla/5.0 (Macintosh; Intel Mac OS X 10_15) AppleWebKit/605.1.15 Safari/16.0"
192.168.1.24 - - [10/Mar/2024:21:02:58 +0100] "GET / HTTP/1.1" 200 3813 "https://example.com/" "Mozilla/5.0 (iPhone; CPU iPhone OS 17_4) AppleWebKit/605.1.15 Mobile Safari"
192.168.1.17 - - [10/Mar/2024:21:06:59 +0100] "POST /checkout HTTP/1.1" 200 1863 "-" "Mozilla/5.0 (X11; Linux x86_64) AppleWebKit/537.36 Chrome/123.0 Safari/537.36"
192.168.1.38 - - [10/Mar/2024:21:08:09 +0100] "GET /blog/post-1 HTTP/1.1" 200 344 "https://example.com/products" "Mozilla/5.0 (Macintosh; Intel Mac OS X 10_15) AppleWebKit/605.1.15 Safari/16.0"
192.168.1.19 - - [10/Mar/2024:21:10:40 +0100] "GET /blog/post-1 HTTP/1.1" 200 4278 "https://example.com/" "Mozilla/5.0 (iPhone; CPU iPhone OS 17_4) AppleWebKit/605.1.15 Mobile Safari"
192.168.1.20 - - [10/Mar/2024:21:11:24 +0100] "POST / HTTP/1.1" 200 2706 "-" "Mozilla/5.0 (iPhone; CPU iPhone OS 17_4) AppleWebKit/605.1.15 Mobile Safari"
192.168.1.31 - - [10/Mar/2024:21:12:42 +0100] "GET /images/logo.png HTTP/1.1" 200 2866 "https://google.com/" "Mozilla/5.0 (iPhone; CPU iPhone OS 17_4) AppleWebKit/605.1.15 Mobile Safari"
192.168.1.24 - - [10/Mar/2024:21:18:18 +0100] "POST / HTTP/1.1" 200 2632 "-" "Mozilla/5.0 (Windows NT 10.0; Win64; x64) AppleWebKit/537.36 Chrome/124.0 Safari/537.36"
192.168.1.18 - - [10/Mar/2024:21:18:35 +0100] "GET /search?q=shoes HTTP/1.1" 200 4135 "-" "Mozilla/5.0 (X11; Linux x86_64) AppleWebKit/537.36 Chrome/123.0 Safari/537.36"
83.199.142.117 - - [10/Mar/2024:21:19:18 +0100] "POST /images/logo.png HTTP/1.1" 200 738 "https://example.com/products" "Mozilla/5.0 (Windows NT 10.0; Win64; x64) AppleWebKit/537.36 Chrome/124.0 Safari/537.36"
83.219.211.71 - - [10/Mar/2024:21:29:49 +0100] "GET /checkout HTTP/1.1" 200 4697 "-" "Mozilla/5.0 (iPhone; CPU iPhone OS 17_4) AppleWebKit/605.1.15 Mobile Safari"
83.112.41.212 - - [10/Mar/2024:21:30:00 +0100] "GET /static/app.css HTTP/1.1" 302 4859 "https://google.com/" "Mozilla/5.0 (iPhone; CPU iPhone OS 17_4) AppleWebKit/605.1.15 Mobile Safari"
83.115.58.24 - - [10/Mar/2024:21:30:18 +0100] "GET /blog HTTP/1.1" 200 2800 "https://example.com/products" "Mozilla/5.0 (Windows NT 10.0; Win64; x64) AppleWebKit/537.36 Chrome/124.0 Safari/537.36"
83.61.174.162 - - [10/Mar/2024:21:31:07 +0100] "GET /about HTTP/1.1" 200 1758 "-" "Mozilla/5.0 (Windows NT 10.0; Win64; x64) AppleWebKit/537.36 Chrome/124.0 Safari/537.36"
192.168.1.29 - - [10/Mar/2024:21:33:19 +0100] "GET /blog/post-1 HTTP/1.1" 200 2441 "-" "Mozilla/5.0 (X11; Linux x86_64) AppleWebKit/537.36 Chrome/123.0 Safari/537.36"
83.115.58.24 - - [10/Mar/2024:21:33:35 +0100] "POST /api/products HTTP/1.1" 200 4502 "-" "Mozilla/5.0 (iPhone; CPU iPhone OS 17_4) AppleWebKit/605.1.15 Mobile Safari"
192.168.1.56 - - [10/Mar/2024:21:34:06 +0100] "GET /blog HTTP/1.1" 200 3054 "-" "Mozilla/5.0 (Macintosh; Intel Mac OS X 10_15) AppleWebKit/605.1.15 Safari/16.0"
192.168.1.23 - - [10/Mar/2024:21:34:52 +0100] "POST /checkout HTTP/1.1" 500 2402 "https://example.com/products" "Mozilla/5.0 (Macintosh; Intel Mac OS X 10_15) AppleWebKit/605.1.15 Safari/16.0"
192.168.1.57 - - [10/Mar/2024:21:36:14 +0100] "GET /api/products HTTP/1.1" 200 4553 "https://google.com/" "Mozilla/5.0 (iPhone; CPU iPhone OS 17_4) AppleWebKit/605.1.15 Mobile Safari"
192.168.1.14 - - [10/Mar/2024:21:36:42 +0100] "GET /images/logo.png HTTP/1.1" 302 3825 "https://example.com/products" "Mozilla/5.0 (iPhone; CPU iPhone OS 17_4) AppleWebKit/605.1.15 Mobile Safari"
83.178.91.18 - - [10/Mar/2024:21:42:21 +0100] "POST /static/app.css HTTP/1.1" 200 3654 "https://google.com/" "Mozilla/5.0 (X11; Linux x86_64) AppleWebKit/537.36 Chrome/123.0 Safari/537.36"
192.168.1.30 - - [10/Mar/2024:21:42:45 +0100] "GET /search?q=shoes HTTP/1.1" 200 3302 "-" "Mozilla/5.0 (Macintosh; Intel Mac OS X 10_15) AppleWebKit/605.1.15 Safari/16.0"
192.168.1.44 - - [10/Mar/2024:21:43:53 +0100] "POST /checkout HTTP/1.1" 200 2656 "-" "Mozilla/5.0 (X11; Linux x86_64) AppleWebKit/537.36 Chrome/123.0 Safari/537.36"
83.235.190.94 - - [10/Mar/2024:21:46:51 +0100] "POST /contact HTTP/1.1" 200 2928 "-" "Mozilla/5.0 (iPhone; CPU iPhone OS 17_4) AppleWebKit/605.1.15 Mobile Safari"
192.168.1.15 - - [10/Mar/2024:21:53:09 +0100] "GET /api/products HTTP/1.1" 200 3591 "https://example.com/" "Mozilla/5.0 (X11; Linux x86_64) AppleWebKit/537.36 Chrome/123.0 Safari/537.36"
83.200.131.33 - - [10/Mar/2024:21:57:28 +0100] "GET /products HTTP/1.1" 200 4558 "https://example.com/" "Mozilla/5.0 (iPhone; CPU iPhone OS 17_4) AppleWebKit/605.1.15 Mobile Safari"
192.168.1.17 - - [10/Mar/2024:21:58:57 +0100] "GET /about HTTP/1.1" 200 1600 "https://example.com/" "Mozilla/5.0 (X11; Linux x86_64) AppleWebKit/537.36 Chrome/123.0 Safari/537.36"
192.168.1.35 - - [10/Mar/2024:22:03:07 +0100] "GET /contact HTTP/1.1" 200 2751 "https://example.com/" "Mozilla/5.0 (Windows NT 10.0; Win64; x64) AppleWebKit/537.36 Chrome/124.0 Safari/537.36"
83.141.226.17 - - [10/Mar/2024:22:13:11 +0100] "GET /checkout HTTP/1.1" 200 1160 "-" "Mozilla/5.0 (Macintosh; Intel Mac OS X 10_15) AppleWebKit/605.1.15 Safari/16.0"
192.168.1.59 - - [10/Mar/2024:22:14:04 +0100] "POST /search?q=shoes HTTP/1.1" 200 2259 "https://example.com/" "Mozilla/5.0 (X11; Linux x86_64) AppleWebKit/537.36 Chrome/123.0 Safari/537.36"
192.168.1.9 - - [10/Mar/2024:22:14:24 +0100] "GET /static/app.css HTTP/1.1" 200 4049 "-" "Mozilla/5.0 (X11; Linux x86_64) AppleWebKit/537.36 Chrome/123.0 Safari/537.36"
192.168.1.47 - - [10/Mar/2024:22:15:41 +0100] "GET /products/123 HTTP/1.1" 200 933 "https://example.com/" "Mozilla/5.0 (Macintosh; Intel Mac OS X 10_15) AppleWebKit/605.1.15 Safari/16.0"
192.168.1.54 - - [10/Mar/2024:22:19:13 +0100] "GET /about HTTP/1.1" 200 2037 "https://google.com/" "Mozilla/5.0 (Windows NT 10.0; Win64; x64) AppleWebKit/537.36 Chrome/124.0 Safari/537.36"
192.168.1.31 - - [10/Mar/2024:22:19:19 +0100] "GET /contact HTTP/1.1" 200 3426 "https://example.com/" "Mozilla/5.0 (Windows NT 10.0; Win64; x64) AppleWebKit/537.36 Chrome/124.0 Safari/537.36"
83.118.34.175 - - [10/Mar/2024:22:19:42 +0100] "GET /checkout HTTP/1.1" 200 4403 "-" "Mozilla/5.0 (Macintosh; Intel Mac OS X 10_15) AppleWebKit/605.1.15 Safari/16.0"
83.40.189.174 - - [10/Mar/2024:22:19:48 +0100] "GET /static/app.js HTTP/1.1" 200 1672 "https://google.com/" "Mozilla/5.0 (iPhone; CPU iPhone OS 17_4) AppleWebKit/605.1.15 Mobile Safari"
192.168.1.37 - - [10/Mar/2024:22:22:39 +0100] "POST /api/products HTTP/1.1" 200 1245 "https://example.com/products" "Mozilla/5.0 (iPhone; CPU iPhone OS 17_4) AppleWebKit/605.1.15 Mobile Safari"
192.168.1.58 - - [10/Mar/2024:22:24:09 +0100] "GET /static/app.js HTTP/1.1" 200 4454 "https://google.com/" "Mozilla/5.0 (Macintosh; Intel Mac OS X 10_15) AppleWebKit/605.1.15 Safari/16.0"
83.247.114.227 - - [10/Mar/2024:22:26:14 +0100] "POST /products HTTP/1.1" 200 1747 "https://example.com/" "Mozilla/5.0 (Macintosh; Intel Mac OS X 10_15) AppleWebKit/605.1.15 Safari/16.0"
83.61.174.162 - - [10/Mar/2024:22:26:59 +0100] "POST /favicon.ico HTTP/1.1" 200 1740 "https://google.com/" "Mozilla/5.0 (Macintosh; Intel Mac OS X 10_15) AppleWebKit/605.1.15 Safari/16.0"
83.246.105.83 - - [10/Mar/2024:22:30:58 +0100] "GET /about HTTP/1.1" 200 2706 "https://google.com/" "Mozilla/5.0 (Windows NT 10.0; Win64; x64) AppleWebKit/537.36 Chrome/124.0 Safari/537.36"
83.219.211.71 - - [10/Mar/2024:22:32:25 +0100] "GET /products HTTP/1.1" 200 267 "https://google.com/" "Mozilla/5.0 (Windows NT 10.0; Win64; x64) AppleWebKit/537.36 Chrome/124.0 Safari/537.36"
192.168.1.55 - - [10/Mar/2024:22:35:27 +0100] "POST /static/app.css HTTP/1.1" 200 896 "https://example.com/" "Mozilla/5.0 (X11; Linux x86_64) AppleWebKit/537.36 Chrome/123.0 Safari/537.36"
192.168.1.47 - - [10/Mar/2024:22:41:01 +0100] "GET /api/products HTTP/1.1" 200 1024 "-" "Mozilla/5.0 (Windows NT 10.0; Win64; x64) AppleWebKit/537.36 Chrome/124.0 Safari/537.36"
192.168.1.16 - - [10/Mar/2024:22:41:29 +0100] "GET /about HTTP/1.1" 200 1410 "https://google.com/" "Mozilla/5.0 (iPhone; CPU iPhone OS 17_4) AppleWebKit/605.1.15 Mobile Safari"
83.99.229.74 - - [10/Mar/2024:22:43:36 +0100] "GET /contact HTTP/1.1" 200 768 "https://google.com/" "Mozilla/5.0 (Macintosh; Intel Mac OS X 10_15) AppleWebKit/605.1.15 Safari/16.0"
192.168.1.14 - - [10/Mar/2024:22:50:13 +0100] "GET /static/app.js HTTP/1.1" 200 2207 "-" "Mozilla/5.0 (Macintosh; Intel Mac OS X 10_15) AppleWebKit/605.1.15 Safari/16.0"
192.168.1.21 - - [10/Mar/2024:22:57:33 +0100] "GET /static/app.js HTTP/1.1" 404 2351 "-" "Mozilla/5.0 (Windows NT 10.0; Win64; x64) AppleWebKit/537.36 Chrome/124.0 Safari/537.36"
83.187.194.183 - - [10/Mar/2024:22:57:41 +0100] "GET /products HTTP/1.1" 200 4984 "https://google.com/" "Mozilla/5.0 (iPhone; CPU iPhone OS 17_4) AppleWebKit/605.1.15 Mobile Safari"
192.168.1.2 - - [10/Mar/2024:22:59:14 +0100] "GET /checkout HTTP/1.1" 200 3370 "-" "Mozilla/5.0 (Windows NT 10.0; Win64; x64) AppleWebKit/537.36 Chrome/124.0 Safari/537.36"
203.0.113.99 - - [10/Mar/2024:23:00:00 +0100] "GET /admin/config HTTP/1.1" 403 373 "-" "curl/8.2.1"
192.168.1.3 - - [10/Mar/2024:23:01:33 +0100] "GET /api/products HTTP/1.1" 200 4336 "https://example.com/products" "Mozilla/5.0 (iPhone; CPU iPhone OS 17_4) AppleWebKit/605.1.15 Mobile Safari"
203.0.113.99 - - [10/Mar/2024:23:02:00 +0100] "GET /admin/config HTTP/1.1" 403 2258 "-" "curl/8.2.1"
203.0.113.99 - - [10/Mar/2024:23:05:00 +0100] "GET /admin/config HTTP/1.1" 403 3543 "-" "curl/8.2.1"
203.0.113.99 - - [10/Mar/2024:23:06:00 +0100] "GET /admin/config HTTP/1.1" 403 1108 "-" "curl/8.2.1"
203.0.113.99 - - [10/Mar/2024:23:08:00 +0100] "GET /admin/config HTTP/1.1" 403 1984 "-" "curl/8.2.1"
203.0.113.99 - - [10/Mar/2024:23:10:00 +0100] "GET /admin/config HTTP/1.1" 403 224 "-" "curl/8.2.1"
203.0.113.99 - - [10/Mar/2024:23:18:00 +0100] "GET /admin/config HTTP/1.1" 403 2381 "-" "curl/8.2.1"
203.0.113.99 - - [10/Mar/2024:23:18:00 +0100] "GET /admin/config HTTP/1.1" 403 3111 "-" "curl/8.2.1"
203.0.113.99 - - [10/Mar/2024:23:19:00 +0100] "GET /admin/config HTTP/1.1" 403 1287 "-" "curl/8.2.1"
203.0.113.99 - - [10/Mar/2024:23:19:00 +0100] "GET /admin/config HTTP/1.1" 403 2080 "-" "curl/8.2.1"
83.161.42.193 - - [10/Mar/2024:23:19:21 +0100] "GET / HTTP/1.1" 200 1852 "https://google.com/" "Mozilla/5.0 (X11; Linux x86_64) AppleWebKit/537.36 Chrome/123.0 Safari/537.36"
203.0.113.99 - - [10/Mar/2024:23:21:00 +0100] "GET /admin/config HTTP/1.1" 403 744 "-" "curl/8.2.1"
203.0.113.99 - - [10/Mar/2024:23:25:00 +0100] "GET /admin/config HTTP/1.1" 403 4515 "-" "curl/8.2.1"
203.0.113.99 - - [10/Mar/2024:23:25:00 +0100] "GET /admin/config HTTP/1.1" 403 337 "-" "curl/8.2.1"
203.0.113.99 - - [10/Mar/2024:23:25:00 +0100] "GET /admin/config HTTP/1.1" 403 2553 "-" "curl/8.2.1"
192.168.1.45 - - [10/Mar/2024:23:28:36 +0100] "GET /favicon.ico HTTP/1.1" 200 2412 "https://example.com/" "Mozilla/5.0 (iPhone; CPU iPhone OS 17_4) AppleWebKit/605.1.15 Mobile Safari"
192.168.1.51 - - [10/Mar/2024:23:29:56 +0100] "GET /products HTTP/1.1" 200 3720 "https://example.com/" "Mozilla/5.0 (X11; Linux x86_64) AppleWebKit/537.36 Chrome/123.0 Safari/537.36"
203.0.113.99 - - [10/Mar/2024:23:30:00 +0100] "GET /admin/config HTTP/1.1" 403 366 "-" "curl/8.2.1"
203.0.113.99 - - [10/Mar/2024:23:35:00 +0100] "GET /admin/config HTTP/1.1" 403 811 "-" "curl/8.2.1"
203.0.113.99 - - [10/Mar/2024:23:36:00 +0100] "GET /admin/config HTTP/1.1" 403 1656 "-" "curl/8.2.1"
203.0.113.99 - - [10/Mar/2024:23:38:00 +0100] "GET /admin/config HTTP/1.1" 403 4193 "-" "curl/8.2.1"
192.168.1.13 - - [10/Mar/2024:23:40:52 +0100] "GET /favicon.ico HTTP/1.1" 200 1486 "-" "Mozilla/5.0 (Macintosh; Intel Mac OS X 10_15) AppleWebKit/605.1.15 Safari/16.0"
83.127.12.139 - - [10/Mar/2024:23:46:20 +0100] "GET /cart HTTP/1.1" 200 2091 "https://google.com/" "Mozilla/5.0 (Windows NT 10.0; Win64; x64) AppleWebKit/537.36 Chrome/124.0 Safari/537.36"
192.168.1.40 - - [10/Mar/2024:23:49:04 +0100] "POST /about HTTP/1.1" 200 1579 "https://google.com/" "Mozilla/5.0 (Macintosh; Intel Mac OS X 10_15) AppleWebKit/605.1.15 Safari/16.0"
83.99.229.74 - - [10/Mar/2024:23:50:34 +0100] "GET /static/app.js HTTP/1.1" 200 4781 "https://example.com/products" "Mozilla/5.0 (iPhone; CPU iPhone OS 17_4) AppleWebKit/605.1.15 Mobile Safari"
192.168.1.11 - - [10/Mar/2024:23:50:51 +0100] "GET / HTTP/1.1" 200 4139 "-" "Mozilla/5.0 (Windows NT 10.0; Win64; x64) AppleWebKit/537.36 Chrome/124.0 Safari/537.36"
83.178.91.18 - - [10/Mar/2024:23:51:42 +0100] "GET /blog/post-1 HTTP/1.1" 200 2585 "https://google.com/" "Mozilla/5.0 (iPhone; CPU iPhone OS 17_4) AppleWebKit/605.1.15 Mobile Safari"
192.168.1.19 - - [11/Mar/2024:00:01:33 +0100] "GET /api/products HTTP/1.1" 200 200 "-" "Mozilla/5.0 (X11; Linux x86_64) AppleWebKit/537.36 Chrome/123.0 Safari/537.36"
83.199.164.103 - - [11/Mar/2024:00:04:20 +0100] "GET /contact HTTP/1.1" 200 4821 "-" "Mozilla/5.0 (X11; Linux x86_64) AppleWebKit/537.36 Chrome/123.0 Safari/537.36"
192.168.1.42 - - [11/Mar/2024:00:05:03 +0100] "GET /contact HTTP/1.1" 200 4508 "https://example.com/products" "Mozilla/5.0 (Macintosh; Intel Mac OS X 10_15) AppleWebKit/605.1.15 Safari/16.0"
83.36.63.30 - - [11/Mar/2024:00:06:20 +0100] "POST /api/products HTTP/1.1" 200 2427 "-" "Mozilla/5.0 (Windows NT 10.0; Win64; x64) AppleWebKit/537.36 Chrome/124.0 Safari/537.36"
192.168.1.46 - - [11/Mar/2024:00:12:01 +0100] "POST /favicon.ico HTTP/1.1" 200 3963 "-" "Mozilla/5.0 (iPhone; CPU iPhone OS 17_4) AppleWebKit/605.1.15 Mobile Safari"
192.168.1.40 - - [11/Mar/2024:00:21:55 +0100] "POST /products HTTP/1.1" 200 4083 "https://google.com/" "Mozilla/5.0 (X11; Linux x86_64) AppleWebKit/537.36 Chrome/123.0 Safari/537.36"
83.209.139.113 - - [11/Mar/2024:00:22:49 +0100] "GET /checkout HTTP/1.1" 200 4619 "https://google.com/" "Mozilla/5.0 (X11; Linux x86_64) AppleWebKit/537.36 Chrome/123.0 Safari/537.36"
192.168.1.33 - - [11/Mar/2024:00:38:01 +0100] "POST /api/products HTTP/1.1" 200 1030 "https://example.com/" "Mozilla/5.0 (iPhone; CPU iPhone OS 17_4) AppleWebKit/605.1.15 Mobile Safari"
192.168.1.42 - - [11/Mar/2024:00:38:37 +0100] "GET /cart HTTP/1.1" 200 2875 "https://example.com/" "Mozilla/5.0 (X11; Linux x86_64) AppleWebKit/537.36 Chrome/123.0 Safari/537.36"
192.168.1.25 - - [11/Mar/2024:00:39:29 +0100] "GET /cart HTTP/1.1" 200 238 "https://google.com/" "Mozilla/5.0 (iPhone; CPU iPhone OS 17_4) AppleWebKit/605.1.15 Mobile Safari"
83.127.12.139 - - [11/Mar/2024:00:42:51 +0100] "POST /contact HTTP/1.1" 200 4218 "https://google.com/" "Mozilla/5.0 (Windows NT 10.0; Win64; x64) AppleWebKit/537.36 Chrome/124.0 Safari/537.36"
192.168.1.52 - - [11/Mar/2024:00:48:14 +0100] "GET /images/logo.png HTTP/1.1" 404 3153 "-" "Mozilla/5.0 (Windows NT 10.0; Win64; x64) AppleWebKit/537.36 Chrome/124.0 Safari/537.36"
83.209.139.113 - - [11/Mar/2024:00:48:27 +0100] "POST /contact HTTP/1.1" 200 3134 "https://example.com/" "Mozilla/5.0 (X11; Linux x86_64) AppleWebKit/537.36 Chrome/123.0 Safari/537.36"
192.168.1.49 - - [11/Mar/2024:00:55:12 +0100] "GET /cart HTTP/1.1" 200 3787 "https://example.com/" "Mozilla/5.0 (X11; Linux x86_64) AppleWebKit/537.36 Chrome/123.0 Safari/537.36"
192.168.1.15 - - [11/Mar/2024:01:02:53 +0100] "GET /api/products HTTP/1.1" 200 3601 "https://example.com/" "Mozilla/5.0 (Windows NT 10.0; Win64; x64) AppleWebKit/537.36 Chrome/124.0 Safari/537.36"
192.168.1.50 - - [11/Mar/2024:01:15:10 +0100] "POST /products/123 HTTP/1.1" 200 776 "https://google.com/" "Mozilla/5.0 (X11; Linux x86_64) AppleWebKit/537.36 Chrome/123.0 Safari/537.36"
83.80.196.212 - - [11/Mar/2024:01:18:53 +0100] "GET /images/logo.png HTTP/1.1" 200 3804 "https://google.com/" "Mozilla/5.0 (Windows NT 10.0; Win64; x64) AppleWebKit/537.36 Chrome/124.0 Safari/537.36"
83.36.63.30 - - [11/Mar/2024:01:25:26 +0100] "GET /products HTTP/1.1" 200 4598 "https://example.com/" "Mozilla/5.0 (Windows NT 10.0; Win64; x64) AppleWebKit/537.36 Chrome/124.0 Safari/537.36"
192.168.1.28 - - [11/Mar/2024:01:28:59 +0100] "POST /blog/post-1 HTTP/1.1" 200 2695 "-" "Mozilla/5.0 (X11; Linux x86_64) AppleWebKit/537.36 Chrome/123.0 Safari/537.36"
192.168.1.15 - - [11/Mar/2024:01:29:10 +0100] "GET /products/123 HTTP/1.1" 200 854 "https://example.com/" "Mozilla/5.0 (X11; Linux x86_64) AppleWebKit/537.36 Chrome/123.0 Safari/537.36"
83.219.211.71 - - [11/Mar/2024:01:42:47 +0100] "GET /blog HTTP/1.1" 200 2678 "-" "Mozilla/5.0 (X11; Linux x86_64) AppleWebKit/537.36 Chrome/123.0 Safari/537.36"
192.168.1.3 - - [11/Mar/2024:01:42:52 +0100] "POST /blog HTTP/1.1" 200 4969 "https://example.com/products" "Mozilla/5.0 (X11; Linux x86_64) AppleWebKit/537.36 Chrome/123.0 Safari/537.36"
83.144.171.239 - - [11/Mar/2024:01:44:19 +0100] "POST /static/app.css HTTP/1.1" 200 1248 "-" "Mozilla/5.0 (iPhone; CPU iPhone OS 17_4) AppleWebKit/605.1.15 Mobile Safari"
83.173.198.194 - - [11/Mar/2024:01:53:23 +0100] "POST /static/app.css HTTP/1.1" 302 2523 "https://google.com/" "Mozilla/5.0 (iPhone; CPU iPhone OS 17_4) AppleWebKit/605.1.15 Mobile Safari"
83.118.34.175 - - [11/Mar/2024:01:54:11 +0100] "POST /blog/post-1 HTTP/1.1" 200 407 "https://example.com/products" "Mozilla/5.0 (Windows NT 10.0; Win64; x64) AppleWebKit/537.36 Chrome/124.0 Safari/537.36"
192.168.1.55 - - [11/Mar/2024:02:00:05 +0100] "GET /cart HTTP/1.1" 200 2237 "-" "Mozilla/5.0 (X11; Linux x86_64) AppleWebKit/537.36 Chrome/123.0 Safari/537.36"
203.0.113.66 - - [11/Mar/2024:02:00:10 +0100] "POST /login HTTP/1.1" 401 2957 "-" "Mozilla/5.0 (X11; Linux x86_64) python-requests/2.31"
203.0.113.66 - - [11/Mar/2024:02:00:52 +0100] "POST /login HTTP/1.1" 401 4937 "-" "Mozilla/5.0 (X11; Linux x86_64) python-requests/2.31"
203.0.113.66 - - [11/Mar/2024:02:03:43 +0100] "POST /login HTTP/1.1" 401 3371 "-" "Mozilla/5.0 (X11; Linux x86_64) python-requests/2.31"
203.0.113.66 - - [11/Mar/2024:02:05:07 +0100] "POST /login HTTP/1.1" 401 1738 "-" "Mozilla/5.0 (X11; Linux x86_64) python-requests/2.31"
83.127.12.139 - - [11/Mar/2024:02:05:54 +0100] "GET /search?q=shoes HTTP/1.1" 200 3838 "-" "Mozilla/5.0 (Macintosh; Intel Mac OS X 10_15) AppleWebKit/605.1.15 Safari/16.0"
203.0.113.66 - - [11/Mar/2024:02:06:05 +0100] "POST /login HTTP/1.1" 401 3854 "-" "Mozilla/5.0 (X11; Linux x86_64) python-requests/2.31"
203.0.113.66 - - [11/Mar/2024:02:07:14 +0100] "POST /login HTTP/1.1" 401 1123 "-" "Mozilla/5.0 (X11; Linux x86_64) python-requests/2.31"
203.0.113.66 - - [11/Mar/2024:02:07:42 +0100] "POST /login HTTP/1.1" 401 1112 "-" "Mozilla/5.0 (X11; Linux x86_64) python-requests/2.31"
203.0.113.66 - - [11/Mar/2024:02:08:13 +0100] "POST /login HTTP/1.1" 401 4128 "-" "Mozilla/5.0 (X11; Linux x86_64) python-requests/2.31"
203.0.113.66 - - [11/Mar/2024:02:08:24 +0100] "POST /login HTTP/1.1" 401 812 "-" "Mozilla/5.0 (X11; Linux x86_64) python-requests/2.31"
203.0.113.66 - - [11/Mar/2024:02:09:11 +0100] "POST /login HTTP/1.1" 401 253 "-" "Mozilla/5.0 (X11; Linux x86_64) python-requests/2.31"
203.0.113.66 - - [11/Mar/2024:02:09:27 +0100] "POST /login HTTP/1.1" 401 3014 "-" "Mozilla/5.0 (X11; Linux x86_64) python-requests/2.31"
203.0.113.66 - - [11/Mar/2024:02:10:49 +0100] "POST /login HTTP/1.1" 401 1276 "-" "Mozilla/5.0 (X11; Linux x86_64) python-requests/2.31"
203.0.113.66 - - [11/Mar/2024:02:10:51 +0100] "POST /login HTTP/1.1" 401 1509 "-" "Mozilla/5.0 (X11; Linux x86_64) python-requests/2.31"
203.0.113.66 - - [11/Mar/2024:02:11:50 +0100] "POST /login HTTP/1.1" 401 1422 "-" "Mozilla/5.0 (X11; Linux x86_64) python-requests/2.31"
83.118.34.175 - - [11/Mar/2024:02:12:33 +0100] "GET /contact HTTP/1.1" 200 4719 "https://example.com/products" "Mozilla/5.0 (Macintosh; Intel Mac OS X 10_15) AppleWebKit/605.1.15 Safari/16.0"
203.0.113.66 - - [11/Mar/2024:02:14:02 +0100] "POST /login HTTP/1.1" 401 2306 "-" "Mozilla/5.0 (X11; Linux x86_64) python-requests/2.31"
203.0.113.66 - - [11/Mar/2024:02:15:29 +0100] "POST /login HTTP/1.1" 401 928 "-" "Mozilla/5.0 (X11; Linux x86_64) python-requests/2.31"
203.0.113.66 - - [11/Mar/2024:02:16:27 +0100] "POST /login HTTP/1.1" 401 308 "-" "Mozilla/5.0 (X11; Linux x86_64) python-requests/2.31"
203.0.113.66 - - [11/Mar/2024:02:16:44 +0100] "POST /login HTTP/1.1" 401 1567 "-" "Mozilla/5.0 (X11; Linux x86_64) python-requests/2.31"
203.0.113.66 - - [11/Mar/2024:02:18:25 +0100] "POST /login HTTP/1.1" 401 2625 "-" "Mozilla/5.0 (X11; Linux x86_64) python-requests/2.31"
203.0.113.66 - - [11/Mar/2024:02:18:53 +0100] "POST /login HTTP/1.1" 401 1517 "-" "Mozilla/5.0 (X11; Linux x86_64) python-requests/2.31"
203.0.113.66 - - [11/Mar/2024:02:19:11 +0100] "POST /login HTTP/1.1" 401 4113 "-" "Mozilla/5.0 (X11; Linux x86_64) python-requests/2.31"
203.0.113.66 - - [11/Mar/2024:02:19:14 +0100] "POST /login HTTP/1.1" 401 703 "-" "Mozilla/5.0 (X11; Linux x86_64) python-requests/2.31"
203.0.113.66 - - [11/Mar/2024:02:19:17 +0100] "POST /login HTTP/1.1" 401 4292 "-" "Mozilla/5.0 (X11; Linux x86_64) python-requests/2.31"
203.0.113.66 - - [11/Mar/2024:02:19:26 +0100] "POST /login HTTP/1.1" 401 3715 "-" "Mozilla/5.0 (X11; Linux x86_64) python-requests/2.31"
203.0.113.66 - - [11/Mar/2024:02:19:40 +0100] "POST /login HTTP/1.1" 401 1531 "-" "Mozilla/5.0 (X11; Linux x86_64) python-requests/2.31"
203.0.113.66 - - [11/Mar/2024:02:19:47 +0100] "POST /login HTTP/1.1" 401 1264 "-" "Mozilla/5.0 (X11; Linux x86_64) python-requests/2.31"
203.0.113.66 - - [11/Mar/2024:02:20:50 +0100] "POST /login HTTP/1.1" 401 1108 "-" "Mozilla/5.0 (X11; Linux x86_64) python-requests/2.31"
203.0.113.66 - - [11/Mar/2024:02:21:06 +0100] "POST /login HTTP/1.1" 401 910 "-" "Mozilla/5.0 (X11; Linux x86_64) python-requests/2.31"
203.0.113.66 - - [11/Mar/2024:02:22:05 +0100] "POST /login HTTP/1.1" 401 1643 "-" "Mozilla/5.0 (X11; Linux x86_64) python-requests/2.31"
203.0.113.66 - - [11/Mar/2024:02:23:38 +0100] "POST /login HTTP/1.1" 401 1888 "-" "Mozilla/5.0 (X11; Linux x86_64) python-requests/2.31"
203.0.113.66 - - [11/Mar/2024:02:25:08 +0100] "POST /login HTTP/1.1" 401 3778 "-" "Mozilla/5.0 (X11; Linux x86_64) python-requests/2.31"
203.0.113.66 - - [11/Mar/2024:02:25:31 +0100] "POST /login HTTP/1.1" 401 2331 "-" "Mozilla/5.0 (X11; Linux x86_64) python-requests/2.31"
203.0.113.66 - - [11/Mar/2024:02:26:57 +0100] "POST /login HTTP/1.1" 401 2001 "-" "Mozilla/5.0 (X11; Linux x86_64) python-requests/2.31"
203.0.113.66 - - [11/Mar/2024:02:27:34 +0100] "POST /login HTTP/1.1" 401 2549 "-" "Mozilla/5.0 (X11; Linux x86_64) python-requests/2.31"
203.0.113.66 - - [11/Mar/2024:02:27:42 +0100] "POST /login HTTP/1.1" 401 4289 "-" "Mozilla/5.0 (X11; Linux x86_64) python-requests/2.31"
203.0.113.66 - - [11/Mar/2024:02:28:43 +0100] "POST /login HTTP/1.1" 401 1182 "-" "Mozilla/5.0 (X11; Linux x86_64) python-requests/2.31"
203.0.113.66 - - [11/Mar/2024:02:32:47 +0100] "POST /login HTTP/1.1" 401 687 "-" "Mozilla/5.0 (X11; Linux x86_64) python-requests/2.31"
203.0.113.66 - - [11/Mar/2024:02:32:56 +0100] "POST /login HTTP/1.1" 401 3982 "-" "Mozilla/5.0 (X11; Linux x86_64) python-requests/2.31"
203.0.113.66 - - [11/Mar/2024:02:34:25 +0100] "POST /login HTTP/1.1" 401 2167 "-" "Mozilla/5.0 (X11; Linux x86_64) python-requests/2.31"
203.0.113.66 - - [11/Mar/2024:02:35:36 +0100] "POST /login HTTP/1.1" 401 3201 "-" "Mozilla/5.0 (X11; Linux x86_64) python-requests/2.31"
203.0.113.66 - - [11/Mar/2024:02:35:46 +0100] "POST /login HTTP/1.1" 401 2680 "-" "Mozilla/5.0 (X11; Linux x86_64) python-requests/2.31"
203.0.113.66 - - [11/Mar/2024:02:36:48 +0100] "POST /login HTTP/1.1" 401 1715 "-" "Mozilla/5.0 (X11; Linux x86_64) python-requests/2.31"
203.0.113.66 - - [11/Mar/2024:02:37:29 +0100] "POST /login HTTP/1.1" 401 2457 "-" "Mozilla/5.0 (X11; Linux x86_64) python-requests/2.31"
192.168.1.29 - - [11/Mar/2024:02:38:04 +0100] "GET /static/app.css HTTP/1.1" 200 3748 "https://example.com/products" "Mozilla/5.0 (X11; Linux x86_64) AppleWebKit/537.36 Chrome/123.0 Safari/537.36"
203.0.113.66 - - [11/Mar/2024:02:38:12 +0100] "POST /login HTTP/1.1" 401 3060 "-" "Mozilla/5.0 (X11; Linux x86_64) python-requests/2.31"
203.0.113.66 - - [11/Mar/2024:02:38:56 +0100] "POST /login HTTP/1.1" 401 3882 "-" "Mozilla/5.0 (X11; Linux x86_64) python-requests/2.31"
83.23.197.167 - - [11/Mar/2024:02:46:00 +0100] "GET /about HTTP/1.1" 200 4577 "https://example.com/products" "Mozilla/5.0 (iPhone; CPU iPhone OS 17_4) AppleWebKit/605.1.15 Mobile Safari"
83.199.142.117 - - [11/Mar/2024:02:48:18 +0100] "GET /favicon.ico HTTP/1.1" 200 2555 "https://example.com/" "Mozilla/5.0 (Windows NT 10.0; Win64; x64) AppleWebKit/537.36 Chrome/124.0 Safari/537.36"
192.168.1.15 - - [11/Mar/2024:02:48:22 +0100] "GET /cart HTTP/1.1" 200 3995 "https://example.com/products" "Mozilla/5.0 (Windows NT 10.0; Win64; x64) AppleWebKit/537.36 Chrome/124.0 Safari/537.36"
83.118.34.175 - - [11/Mar/2024:02:53:14 +0100] "GET /api/products HTTP/1.1" 200 3352 "https://example.com/" "Mozilla/5.0 (Macintosh; Intel Mac OS X 10_15) AppleWebKit/605.1.15 Safari/16.0"
192.168.1.22 - - [11/Mar/2024:03:05:03 +0100] "GET /api/products HTTP/1.1" 302 905 "https://example.com/products" "Mozilla/5.0 (Macintosh; Intel Mac OS X 10_15) AppleWebKit/605.1.15 Safari/16.0"
83.127.12.139 - - [11/Mar/2024:03:05:49 +0100] "GET /blog HTTP/1.1" 200 369 "-" "Mozilla/5.0 (Windows NT 10.0; Win64; x64) AppleWebKit/537.36 Chrome/124.0 Safari/537.36"
192.168.1.17 - - [11/Mar/2024:03:06:23 +0100] "POST /favicon.ico HTTP/1.1" 200 1954 "https://example.com/products" "Mozilla/5.0 (Windows NT 10.0; Win64; x64) AppleWebKit/537.36 Chrome/124.0 Safari/537.36"
83.219.211.71 - - [11/Mar/2024:03:11:55 +0100] "POST /api/products HTTP/1.1" 200 2933 "https://example.com/products" "Mozilla/5.0 (X11; Linux x86_64) AppleWebKit/537.36 Chrome/123.0 Safari/537.36"
192.168.1.20 - - [11/Mar/2024:03:26:18 +0100] "GET /contact HTTP/1.1" 200 1809 "https://google.com/" "Mozilla/5.0 (Windows NT 10.0; Win64; x64) AppleWebKit/537.36 Chrome/124.0 Safari/537.36"
192.168.1.30 - - [11/Mar/2024:03:37:22 +0100] "POST /static/app.css HTTP/1.1" 200 2739 "-" "Mozilla/5.0 (iPhone; CPU iPhone OS 17_4) AppleWebKit/605.1.15 Mobile Safari"
192.168.1.25 - - [11/Mar/2024:03:41:10 +0100] "POST /static/app.js HTTP/1.1" 200 602 "https://example.com/" "Mozilla/5.0 (iPhone; CPU iPhone OS 17_4) AppleWebKit/605.1.15 Mobile Safari"
83.120.180.71 - - [11/Mar/2024:03:46:50 +0100] "GET /search?q=shoes HTTP/1.1" 200 3776 "https://google.com/" "Mozilla/5.0 (Windows NT 10.0; Win64; x64) AppleWebKit/537.36 Chrome/124.0 Safari/537.36"
83.200.199.169 - - [11/Mar/2024:03:49:30 +0100] "GET /products HTTP/1.1" 200 597 "https://google.com/" "Mozilla/5.0 (X11; Linux x86_64) AppleWebKit/537.36 Chrome/123.0 Safari/537.36"
192.168.1.55 - - [11/Mar/2024:03:50:02 +0100] "POST /products/123 HTTP/1.1" 200 1576 "https://google.com/" "Mozilla/5.0 (Windows NT 10.0; Win64; x64) AppleWebKit/537.36 Chrome/124.0 Safari/537.36"
192.168.1.2 - - [11/Mar/2024:03:50:10 +0100] "POST /images/logo.png HTTP/1.1" 200 4850 "https://example.com/products" "Mozilla/5.0 (X11; Linux x86_64) AppleWebKit/537.36 Chrome/123.0 Safari/537.36"
192.168.1.45 - - [11/Mar/2024:03:53:10 +0100] "GET /images/logo.png HTTP/1.1" 500 3136 "https://google.com/" "Mozilla/5.0 (X11; Linux x86_64) AppleWebKit/537.36 Chrome/123.0 Safari/537.36"
83.40.189.174 - - [11/Mar/2024:03:55:20 +0100] "POST /blog HTTP/1.1" 200 1195 "https://example.com/products" "Mozilla/5.0 (Windows NT 10.0; Win64; x64) AppleWebKit/537.36 Chrome/124.0 Safari/537.36"
192.168.1.27 - - [11/Mar/2024:04:00:04 +0100] "POST / HTTP/1.1" 200 4314 "https://example.com/products" "Mozilla/5.0 (Windows NT 10.0; Win64; x64) AppleWebKit/537.36 Chrome/124.0 Safari/537.36"
192.168.1.45 - - [11/Mar/2024:04:00:51 +0100] "GET /products HTTP/1.1" 200 4671 "https://google.com/" "Mozilla/5.0 (Macintosh; Intel Mac OS X 10_15) AppleWebKit/605.1.15 Safari/16.0"
192.168.1.17 - - [11/Mar/2024:04:01:54 +0100] "GET /blog/post-1 HTTP/1.1" 200 4508 "-" "Mozilla/5.0 (Windows NT 10.0; Win64; x64) AppleWebKit/537.36 Chrome/124.0 Safari/537.36"
192.168.1.45 - - [11/Mar/2024:04:09:20 +0100] "GET /about HTTP/1.1" 200 3994 "https://google.com/" "Mozilla/5.0 (Macintosh; Intel Mac OS X 10_15) AppleWebKit/605.1.15 Safari/16.0"
192.168.1.6 - - [11/Mar/2024:04:25:08 +0100] "POST /contact HTTP/1.1" 200 4629 "https://example.com/" "Mozilla/5.0 (X11; Linux x86_64) AppleWebKit/537.36 Chrome/123.0 Safari/537.36"
192.168.1.18 - - [11/Mar/2024:04:26:53 +0100] "GET /static/app.js HTTP/1.1" 200 698 "-" "Mozilla/5.0 (X11; Linux x86_64) AppleWebKit/537.36 Chrome/123.0 Safari/537.36"
192.168.1.8 - - [11/Mar/2024:04:27:18 +0100] "GET /search?q=shoes HTTP/1.1" 302 3575 "-" "Mozilla/5.0 (Windows NT 10.0; Win64; x64) AppleWebKit/537.36 Chrome/124.0 Safari/537.36"
192.168.1.54 - - [11/Mar/2024:04:35:39 +0100] "GET /search?q=shoes HTTP/1.1" 200 2441 "https://example.com/products" "Mozilla/5.0 (iPhone; CPU iPhone OS 17_4) AppleWebKit/605.1.15 Mobile Safari"
192.168.1.58 - - [11/Mar/2024:04:37:09 +0100] "GET /images/logo.png HTTP/1.1" 200 2044 "https://example.com/products" "Mozilla/5.0 (Macintosh; Intel Mac OS X 10_15) AppleWebKit/605.1.15 Safari/16.0"
192.168.1.5 - - [11/Mar/2024:04:37:55 +0100] "GET /static/app.css HTTP/1.1" 404 1715 "https://example.com/products" "Mozilla/5.0 (iPhone; CPU iPhone OS 17_4) AppleWebKit/605.1.15 Mobile Safari"
192.168.1.15 - - [11/Mar/2024:04:39:38 +0100] "GET /favicon.ico HTTP/1.1" 302 4759 "https://google.com/" "Mozilla/5.0 (X11; Linux x86_64) AppleWebKit/537.36 Chrome/123.0 Safari/537.36"
192.168.1.42 - - [11/Mar/2024:04:50:49 +0100] "POST /favicon.ico HTTP/1.1" 302 3242 "https://example.com/" "Mozilla/5.0 (iPhone; CPU iPhone OS 17_4) AppleWebKit/605.1.15 Mobile Safari"
192.168.1.31 - - [11/Mar/2024:04:55:48 +0100] "GET / HTTP/1.1" 200 2276 "https://example.com/products" "Mozilla/5.0 (Windows NT 10.0; Win64; x64) AppleWebKit/537.36 Chrome/124.0 Safari/537.36"
192.168.1.37 - - [11/Mar/2024:04:55:49 +0100] "GET /search?q=shoes HTTP/1.1" 200 1916 "https://example.com/" "Mozilla/5.0 (Windows NT 10.0; Win64; x64) AppleWebKit/537.36 Chrome/124.0 Safari/537.36"
83.95.47.236 - - [11/Mar/2024:05:00:32 +0100] "POST /blog/post-1 HTTP/1.1" 200 4019 "https://example.com/products" "Mozilla/5.0 (iPhone; CPU iPhone OS 17_4) AppleWebKit/605.1.15 Mobile Safari"
192.168.1.43 - - [11/Mar/2024:05:02:41 +0100] "GET /static/app.js HTTP/1.1" 200 3595 "https://example.com/products" "Mozilla/5.0 (X11; Linux x86_64) AppleWebKit/537.36 Chrome/123.0 Safari/537.36"
83.246.105.83 - - [11/Mar/2024:05:08:59 +0100] "GET /static/app.js HTTP/1.1" 200 203 "https://example.com/" "Mozilla/5.0 (X11; Linux x86_64) AppleWebKit/537.36 Chrome/123.0 Safari/537.36"
192.168.1.35 - - [11/Mar/2024:05:09:47 +0100] "GET /api/products HTTP/1.1" 200 3932 "https://example.com/" "Mozilla/5.0 (iPhone; CPU iPhone OS 17_4) AppleWebKit/605.1.15 Mobile Safari"
192.168.1.33 - - [11/Mar/2024:05:10:24 +0100] "GET / HTTP/1.1" 200 3710 "https://google.com/" "Mozilla/5.0 (X11; Linux x86_64) AppleWebKit/537.36 Chrome/123.0 Safari/537.36"
192.168.1.2 - - [11/Mar/2024:05:10:37 +0100] "GET /search?q=shoes HTTP/1.1" 200 1367 "https://example.com/products" "Mozilla/5.0 (X11; Linux x86_64) AppleWebKit/537.36 Chrome/123.0 Safari/537.36"
83.40.189.174 - - [11/Mar/2024:05:14:05 +0100] "GET /products HTTP/1.1" 301 2252 "https://example.com/products" "Mozilla/5.0 (X11; Linux x86_64) AppleWebKit/537.36 Chrome/123.0 Safari/537.36"
83.120.203.49 - - [11/Mar/2024:05:15:35 +0100] "GET /static/app.css HTTP/1.1" 200 3590 "https://google.com/" "Mozilla/5.0 (iPhone; CPU iPhone OS 17_4) AppleWebKit/605.1.15 Mobile Safari"
192.168.1.2 - - [11/Mar/2024:05:18:31 +0100] "GET /products/123 HTTP/1.1" 200 4505 "https://google.com/" "Mozilla/5.0 (iPhone; CPU iPhone OS 17_4) AppleWebKit/605.1.15 Mobile Safari"
192.168.1.33 - - [11/Mar/2024:05:23:11 +0100] "GET /checkout HTTP/1.1" 200 1178 "https://google.com/" "Mozilla/5.0 (iPhone; CPU iPhone OS 17_4) AppleWebKit/605.1.15 Mobile Safari"
83.40.189.174 - - [11/Mar/2024:05:25:47 +0100] "POST /static/app.js HTTP/1.1" 200 2340 "https://example.com/products" "Mozilla/5.0 (iPhone; CPU iPhone OS 17_4) AppleWebKit/605.1.15 Mobile Safari"
192.168.1.35 - - [11/Mar/2024:05:28:02 +0100] "GET /blog/post-1 HTTP/1.1" 200 3950 "https://example.com/products" "Mozilla/5.0 (X11; Linux x86_64) AppleWebKit/537.36 Chrome/123.0 Safari/537.36"
83.235.190.94 - - [11/Mar/2024:05:33:23 +0100] "POST /static/app.js HTTP/1.1" 200 1476 "https://example.com/" "Mozilla/5.0 (Windows NT 10.0; Win64; x64) AppleWebKit/537.36 Chrome/124.0 Safari/537.36"
83.40.189.174 - - [11/Mar/2024:05:39:21 +0100] "GET /checkout HTTP/1.1" 200 3363 "https://example.com/" "Mozilla/5.0 (X11; Linux x86_64) AppleWebKit/537.36 Chrome/123.0 Safari/537.36"
192.168.1.48 - - [11/Mar/2024:05:40:41 +0100] "GET /api/products HTTP/1.1" 200 3427 "https://example.com/" "Mozilla/5.0 (iPhone; CPU iPhone OS 17_4) AppleWebKit/605.1.15 Mobile Safari"
192.168.1.49 - - [11/Mar/2024:05:43:02 +0100] "POST /about HTTP/1.1" 301 1876 "-" "Mozilla/5.0 (X11; Linux x86_64) AppleWebKit/537.36 Chrome/123.0 Safari/537.36"
83.95.47.236 - - [11/Mar/2024:05:45:03 +0100] "GET /contact HTTP/1.1" 200 1068 "https://google.com/" "Mozilla/5.0 (X11; Linux x86_64) AppleWebKit/537.36 Chrome/123.0 Safari/537.36"
192.168.1.7 - - [11/Mar/2024:05:47:43 +0100] "GET /products HTTP/1.1" 200 987 "https://example.com/" "Mozilla/5.0 (Macintosh; Intel Mac OS X 10_15) AppleWebKit/605.1.15 Safari/16.0"
83.187.194.183 - - [11/Mar/2024:05:49:59 +0100] "POST /api/products HTTP/1.1" 200 4786 "-" "Mozilla/5.0 (Macintosh; Intel Mac OS X 10_15) AppleWebKit/605.1.15 Safari/16.0"
192.168.1.39 - - [11/Mar/2024:05:54:43 +0100] "GET /contact HTTP/1.1" 200 2605 "https://google.com/" "Mozilla/5.0 (Macintosh; Intel Mac OS X 10_15) AppleWebKit/605.1.15 Safari/16.0"
192.168.1.58 - - [11/Mar/2024:05:56:25 +0100] "GET / HTTP/1.1" 200 4639 "https://google.com/" "Mozilla/5.0 (Windows NT 10.0; Win64; x64) AppleWebKit/537.36 Chrome/124.0 Safari/537.36"
192.168.1.25 - - [11/Mar/2024:05:57:13 +0100] "POST /static/app.css HTTP/1.1" 200 1486 "https://example.com/products" "Mozilla/5.0 (Windows NT 10.0; Win64; x64) AppleWebKit/537.36 Chrome/124.0 Safari/537.36"
192.168.1.55 - - [11/Mar/2024:05:58:49 +0100] "POST /static/app.css HTTP/1.1" 200 3834 "https://google.com/" "Mozilla/5.0 (Macintosh; Intel Mac OS X 10_15) AppleWebKit/605.1.15 Safari/16.0"
192.168.1.47 - - [11/Mar/2024:05:59:43 +0100] "GET /cart HTTP/1.1" 200 741 "https://google.com/" "Mozilla/5.0 (Macintosh; Intel Mac OS X 10_15) AppleWebKit/605.1.15 Safari/16.0"
83.112.110.219 - - [11/Mar/2024:06:02:20 +0100] "GET /images/logo.png HTTP/1.1" 200 3699 "https://example.com/" "Mozilla/5.0 (Windows NT 10.0; Win64; x64) AppleWebKit/537.36 Chrome/124.0 Safari/537.36"
192.168.1.59 - - [11/Mar/2024:06:02:29 +0100] "GET /products/123 HTTP/1.1" 200 1148 "https://example.com/" "Mozilla/5.0 (Windows NT 10.0; Win64; x64) AppleWebKit/537.36 Chrome/124.0 Safari/537.36"
192.168.1.47 - - [11/Mar/2024:06:11:48 +0100] "GET /search?q=shoes HTTP/1.1" 200 2384 "https://google.com/" "Mozilla/5.0 (iPhone; CPU iPhone OS 17_4) AppleWebKit/605.1.15 Mobile Safari"
192.168.1.3 - - [11/Mar/2024:06:12:21 +0100] "GET / HTTP/1.1" 404 334 "-" "Mozilla/5.0 (iPhone; CPU iPhone OS 17_4) AppleWebKit/605.1.15 Mobile Safari"
83.99.229.74 - - [11/Mar/2024:06:13:43 +0100] "GET /static/app.css HTTP/1.1" 200 438 "https://example.com/products" "Mozilla/5.0 (X11; Linux x86_64) AppleWebKit/537.36 Chrome/123.0 Safari/537.36"
192.168.1.23 - - [11/Mar/2024:06:16:31 +0100] "GET /cart HTTP/1.1" 200 895 "https://example.com/" "Mozilla/5.0 (iPhone; CPU iPhone OS 17_4) AppleWebKit/605.1.15 Mobile Safari"
192.168.1.23 - - [11/Mar/2024:06:19:23 +0100] "GET /images/logo.png HTTP/1.1" 200 1897 "-" "Mozilla/5.0 (Windows NT 10.0; Win64; x64) AppleWebKit/537.36 Chrome/124.0 Safari/537.36"
192.168.1.30 - - [11/Mar/2024:06:21:41 +0100] "GET /static/app.js HTTP/1.1" 200 4455 "-" "Mozilla/5.0 (Windows NT 10.0; Win64; x64) AppleWebKit/537.36 Chrome/124.0 Safari/537.36"
192.168.1.39 - - [11/Mar/2024:06:23:02 +0100] "GET /search?q=shoes HTTP/1.1" 200 267 "-" "Mozilla/5.0 (X11; Linux x86_64) AppleWebKit/537.36 Chrome/123.0 Safari/537.36"
192.168.1.42 - - [11/Mar/2024:06:26:07 +0100] "POST /contact HTTP/1.1" 200 2252 "https://example.com/products" "Mozilla/5.0 (Macintosh; Intel Mac OS X 10_15) AppleWebKit/605.1.15 Safari/16.0"
192.168.1.27 - - [11/Mar/2024:06:26:59 +0100] "GET /static/app.js HTTP/1.1" 200 815 "https://google.com/" "Mozilla/5.0 (iPhone; CPU iPhone OS 17_4) AppleWebKit/605.1.15 Mobile Safari"
83.199.164.103 - - [11/Mar/2024:06:27:35 +0100] "GET /products HTTP/1.1" 200 1574 "https://example.com/products" "Mozilla/5.0 (X11; Linux x86_64) AppleWebKit/537.36 Chrome/123.0 Safari/537.36"
192.168.1.43 - - [11/Mar/2024:06:29:39 +0100] "GET /contact HTTP/1.1" 200 4468 "https://google.com/" "Mozilla/5.0 (X11; Linux x86_64) AppleWebKit/537.36 Chrome/123.0 Safari/537.36"
192.168.1.48 - - [11/Mar/2024:06:31:43 +0100] "GET /checkout HTTP/1.1" 200 3126 "https://example.com/" "Mozilla/5.0 (iPhone; CPU iPhone OS 17_4) AppleWebKit/605.1.15 Mobile Safari"
192.168.1.21 - - [11/Mar/2024:06:35:41 +0100] "POST /contact HTTP/1.1" 200 4633 "-" "Mozilla/5.0 (Macintosh; Intel Mac OS X 10_15) AppleWebKit/605.1.15 Safari/16.0"
83.50.93.119 - - [11/Mar/2024:06:38:34 +0100] "POST /products HTTP/1.1" 200 1030 "https://google.com/" "Mozilla/5.0 (iPhone; CPU iPhone OS 17_4) AppleWebKit/605.1.15 Mobile Safari"
192.168.1.53 - - [11/Mar/2024:06:38:38 +0100] "GET /search?q=shoes HTTP/1.1" 200 968 "https://example.com/products" "Mozilla/5.0 (iPhone; CPU iPhone OS 17_4) AppleWebKit/605.1.15 Mobile Safari"
192.168.1.10 - - [11/Mar/2024:06:42:13 +0100] "GET /static/app.css HTTP/1.1" 200 3103 "https://google.com/" "Mozilla/5.0 (Macintosh; Intel Mac OS X 10_15) AppleWebKit/605.1.15 Safari/16.0"
83.61.174.162 - - [11/Mar/2024:06:43:45 +0100] "GET /favicon.ico HTTP/1.1" 200 416 "https://google.com/" "Mozilla/5.0 (X11; Linux x86_64) AppleWebKit/537.36 Chrome/123.0 Safari/537.36"
83.40.189.174 - - [11/Mar/2024:06:43:45 +0100] "GET /checkout HTTP/1.1" 302 1901 "https://google.com/" "Mozilla/5.0 (Windows NT 10.0; Win64; x64) AppleWebKit/537.36 Chrome/124.0 Safari/537.36"
192.168.1.42 - - [11/Mar/2024:06:44:22 +0100] "GET /cart HTTP/1.1" 200 1429 "-" "Mozilla/5.0 (Windows NT 10.0; Win64; x64) AppleWebKit/537.36 Chrome/124.0 Safari/537.36"
192.168.1.49 - - [11/Mar/2024:06:46:56 +0100] "POST /favicon.ico HTTP/1.1" 200 2926 "https://google.com/" "Mozilla/5.0 (X11; Linux x86_64) AppleWebKit/537.36 Chrome/123.0 Safari/537.36"
192.168.1.27 - - [11/Mar/2024:06:47:10 +0100] "GET /search?q=shoes HTTP/1.1" 200 1298 "https://example.com/products" "Mozilla/5.0 (Windows NT 10.0; Win64; x64) AppleWebKit/537.36 Chrome/124.0 Safari/537.36"
192.168.1.41 - - [11/Mar/2024:06:47:40 +0100] "GET /blog HTTP/1.1" 200 1598 "https://google.com/" "Mozilla/5.0 (iPhone; CPU iPhone OS 17_4) AppleWebKit/605.1.15 Mobile Safari"
192.168.1.3 - - [11/Mar/2024:06:50:31 +0100] "GET /cart HTTP/1.1" 200 3495 "https://example.com/products" "Mozilla/5.0 (X11; Linux x86_64) AppleWebKit/537.36 Chrome/123.0 Safari/537.36"
83.127.12.139 - - [11/Mar/2024:06:53:21 +0100] "GET /products/123 HTTP/1.1" 200 1670 "https://example.com/products" "Mozilla/5.0 (Macintosh; Intel Mac OS X 10_15) AppleWebKit/605.1.15 Safari/16.0"
83.40.189.174 - - [11/Mar/2024:06:58:28 +0100] "GET /cart HTTP/1.1" 200 1320 "https://google.com/" "Mozilla/5.0 (X11; Linux x86_64) AppleWebKit/537.36 Chrome/123.0 Safari/537.36"
192.168.1.40 - - [11/Mar/2024:07:01:39 +0100] "GET /contact HTTP/1.1" 200 2864 "https://google.com/" "Mozilla/5.0 (Windows NT 10.0; Win64; x64) AppleWebKit/537.36 Chrome/124.0 Safari/537.36"
192.168.1.38 - - [11/Mar/2024:07:01:46 +0100] "POST / HTTP/1.1" 200 963 "-" "Mozilla/5.0 (iPhone; CPU iPhone OS 17_4) AppleWebKit/605.1.15 Mobile Safari"
192.168.1.38 - - [11/Mar/2024:07:02:07 +0100] "GET /products/123 HTTP/1.1" 200 4760 "https://google.com/" "Mozilla/5.0 (Windows NT 10.0; Win64; x64) AppleWebKit/537.36 Chrome/124.0 Safari/537.36"
192.168.1.23 - - [11/Mar/2024:07:02:44 +0100] "GET /api/products HTTP/1.1" 200 2293 "https://google.com/" "Mozilla/5.0 (Macintosh; Intel Mac OS X 10_15) AppleWebKit/605.1.15 Safari/16.0"
